Component: Arm Compiler for Embedded 6.22 Tool: armlink [5ee90200]

==============================================================================

Section Cross References

    startup_stm32f407xx.o(STACK) refers (Special) to heapauxi.o(.text) for __use_two_region_memory
    startup_stm32f407xx.o(HEAP) refers (Special) to heapauxi.o(.text) for __use_two_region_memory
    startup_stm32f407xx.o(RESET) refers (Special) to heapauxi.o(.text) for __use_two_region_memory
    startup_stm32f407xx.o(RESET) refers to startup_stm32f407xx.o(STACK) for __initial_sp
    startup_stm32f407xx.o(RESET) refers to startup_stm32f407xx.o(.text) for Reset_Handler
    startup_stm32f407xx.o(RESET) refers to stm32f4xx_it.o(.text.NMI_Handler) for NMI_Handler
    startup_stm32f407xx.o(RESET) refers to stm32f4xx_it.o(.text.HardFault_Handler) for HardFault_Handler
    startup_stm32f407xx.o(RESET) refers to stm32f4xx_it.o(.text.MemManage_Handler) for MemManage_Handler
    startup_stm32f407xx.o(RESET) refers to stm32f4xx_it.o(.text.BusFault_Handler) for BusFault_Handler
    startup_stm32f407xx.o(RESET) refers to stm32f4xx_it.o(.text.UsageFault_Handler) for UsageFault_Handler
    startup_stm32f407xx.o(RESET) refers to stm32f4xx_it.o(.text.SVC_Handler) for SVC_Handler
    startup_stm32f407xx.o(RESET) refers to stm32f4xx_it.o(.text.DebugMon_Handler) for DebugMon_Handler
    startup_stm32f407xx.o(RESET) refers to stm32f4xx_it.o(.text.PendSV_Handler) for PendSV_Handler
    startup_stm32f407xx.o(RESET) refers to stm32f4xx_it.o(.text.SysTick_Handler) for SysTick_Handler
    startup_stm32f407xx.o(RESET) refers to stm32f4xx_it.o(.text.TIM2_IRQHandler) for TIM2_IRQHandler
    startup_stm32f407xx.o(RESET) refers to stm32f4xx_it.o(.text.TIM8_UP_TIM13_IRQHandler) for TIM8_UP_TIM13_IRQHandler
    startup_stm32f407xx.o(RESET) refers to stm32f4xx_it.o(.text.TIM5_IRQHandler) for TIM5_IRQHandler
    startup_stm32f407xx.o(RESET) refers to stm32f4xx_it.o(.text.DMA2_Stream0_IRQHandler) for DMA2_Stream0_IRQHandler
    startup_stm32f407xx.o(.text) refers (Special) to heapauxi.o(.text) for __use_two_region_memory
    startup_stm32f407xx.o(.text) refers to system_stm32f4xx.o(.text.SystemInit) for SystemInit
    startup_stm32f407xx.o(.text) refers to __main.o(!!!main) for __main
    startup_stm32f407xx.o(.text) refers to startup_stm32f407xx.o(HEAP) for Heap_Mem
    startup_stm32f407xx.o(.text) refers to startup_stm32f407xx.o(STACK) for Stack_Mem
    main.o(.text) refers (Special) to _printf_percent.o(.ARM.Collect$$_printf_percent$$00000000) for _printf_percent
    main.o(.text) refers (Special) to _printf_pad.o(.text) for _printf_pre_padding
    main.o(.text) refers (Special) to _printf_f.o(.ARM.Collect$$_printf_percent$$00000003) for _printf_f
    main.o(.text) refers (Special) to printf1.o(x$fpl$printf1) for _printf_fp_dec
    main.o(.text.main) refers (Special) to _printf_percent.o(.ARM.Collect$$_printf_percent$$00000000) for _printf_percent
    main.o(.text.main) refers (Special) to _printf_pad.o(.text) for _printf_pre_padding
    main.o(.text.main) refers (Special) to _printf_f.o(.ARM.Collect$$_printf_percent$$00000003) for _printf_f
    main.o(.text.main) refers (Special) to printf1.o(x$fpl$printf1) for _printf_fp_dec
    main.o(.text.main) refers to stm32f4xx_hal.o(.text.HAL_Init) for HAL_Init
    main.o(.text.main) refers to main.o(.text.SystemClock_Config) for SystemClock_Config
    main.o(.text.main) refers to gpio.o(.text.MX_GPIO_Init) for MX_GPIO_Init
    main.o(.text.main) refers to dma.o(.text.MX_DMA_Init) for MX_DMA_Init
    main.o(.text.main) refers to usart.o(.text.MX_USART1_UART_Init) for MX_USART1_UART_Init
    main.o(.text.main) refers to tim.o(.text.MX_TIM5_Init) for MX_TIM5_Init
    main.o(.text.main) refers to adc.o(.text.MX_ADC1_Init) for MX_ADC1_Init
    main.o(.text.main) refers to tim.o(.text.MX_TIM8_Init) for MX_TIM8_Init
    main.o(.text.main) refers to i2c.o(.text.MX_I2C1_Init) for MX_I2C1_Init
    main.o(.text.main) refers to tim.o(.text.MX_TIM2_Init) for MX_TIM2_Init
    main.o(.text.main) refers to tim.o(.text.MX_TIM1_Init) for MX_TIM1_Init
    main.o(.text.main) refers to main.o(.bss.v_ctrl) for v_ctrl
    main.o(.text.main) refers to rt_memclr_w.o(.text) for __aeabi_memclr4
    main.o(.text.main) refers to main.o(.text.pwm_start) for pwm_start
    main.o(.text.main) refers to stm32f4xx_hal_gpio.o(.text.HAL_GPIO_WritePin) for HAL_GPIO_WritePin
    main.o(.text.main) refers to tim.o(.bss.htim5) for htim5
    main.o(.text.main) refers to stm32f4xx_hal_tim.o(.text.HAL_TIM_Base_Start_IT) for HAL_TIM_Base_Start_IT
    main.o(.text.main) refers to tim.o(.bss.htim2) for htim2
    main.o(.text.main) refers to main.o(.bss.dma_buf) for dma_buf
    main.o(.text.main) refers to adc.o(.bss.hadc1) for hadc1
    main.o(.text.main) refers to stm32f4xx_hal_adc.o(.text.HAL_ADC_Start_DMA) for HAL_ADC_Start_DMA
    main.o(.text.main) refers to oled.o(.text.OLED_Init) for OLED_Init
[...]
    I2C_WaitOnMasterAddressFlagUntilTimeout  0x08003db1   Thumb Code   214  stm32f4xx_hal_i2c.o(.text.I2C_WaitOnMasterAddressFlagUntilTimeout)
    [Anonymous Symbol]                       0x08003db0   Section        0  stm32f4xx_hal_i2c.o(.text.I2C_WaitOnMasterAddressFlagUntilTimeout)
    I2C_WaitOnTXEFlagUntilTimeout            0x08003e89   Thumb Code   186  stm32f4xx_hal_i2c.o(.text.I2C_WaitOnTXEFlagUntilTimeout)
    [Anonymous Symbol]                       0x08003e88   Section        0  stm32f4xx_hal_i2c.o(.text.I2C_WaitOnTXEFlagUntilTimeout)
    [Anonymous Symbol]                       0x08003f44   Section        0  adc.o(.text.MX_ADC1_Init)
    [Anonymous Symbol]                       0x08003fd4   Section        0  dma.o(.text.MX_DMA_Init)
    [Anonymous Symbol]                       0x0800400c   Section        0  gpio.o(.text.MX_GPIO_Init)
    [Anonymous Symbol]                       0x080040cc   Section        0  i2c.o(.text.MX_I2C1_Init)
    [Anonymous Symbol]                       0x08004110   Section        0  tim.o(.text.MX_TIM1_Init)
    [Anonymous Symbol]                       0x08004220   Section        0  tim.o(.text.MX_TIM2_Init)
    [Anonymous Symbol]                       0x08004294   Section        0  tim.o(.text.MX_TIM5_Init)
    [Anonymous Symbol]                       0x08004308   Section        0  tim.o(.text.MX_TIM8_Init)
    [Anonymous Symbol]                       0x08004450   Section        0  usart.o(.text.MX_USART1_UART_Init)
    [Anonymous Symbol]                       0x0800448c   Section        0  stm32f4xx_it.o(.text.MemManage_Handler)
    [Anonymous Symbol]                       0x08004490   Section        0  stm32f4xx_it.o(.text.NMI_Handler)
    [Anonymous Symbol]                       0x08004494   Section        0  oled.o(.text.OLED_Clear)
    [Anonymous Symbol]                       0x08004540   Section        0  oled.o(.text.OLED_Display_On)
    [Anonymous Symbol]                       0x080045ac   Section        0  oled.o(.text.OLED_Init)
    [Anonymous Symbol]                       0x080045bc   Section        0  oled.o(.text.OLED_ShowChar)
    [Anonymous Symbol]                       0x08004964   Section        0  oled.o(.text.OLED_ShowString)
    [Anonymous Symbol]                       0x080049a4   Section        0  stm32f4xx_it.o(.text.PendSV_Handler)
    [Anonymous Symbol]                       0x080049a8   Section        0  stm32f4xx_it.o(.text.SVC_Handler)
    [Anonymous Symbol]                       0x080049ac   Section        0  stm32f4xx_it.o(.text.SysTick_Handler)
    [Anonymous Symbol]                       0x080049b0   Section        0  main.o(.text.SystemClock_Config)
    [Anonymous Symbol]                       0x08004a58   Section        0  system_stm32f4xx.o(.text.SystemInit)
    [Anonymous Symbol]                       0x08004a6c   Section        0  stm32f4xx_it.o(.text.TIM2_IRQHandler)
    [Anonymous Symbol]                       0x08004a78   Section        0  stm32f4xx_it.o(.text.TIM5_IRQHandler)
    [Anonymous Symbol]                       0x08004a84   Section        0  stm32f4xx_it.o(.text.TIM8_UP_TIM13_IRQHandler)
    [Anonymous Symbol]                       0x08004a90   Section        0  stm32f4xx_hal_tim.o(.text.TIM_Base_SetConfig)
    UART_SetConfig                           0x08004bcd   Thumb Code   230  stm32f4xx_hal_uart.o(.text.UART_SetConfig)
    [Anonymous Symbol]                       0x08004bcc   Section        0  stm32f4xx_hal_uart.o(.text.UART_SetConfig)
    [Anonymous Symbol]                       0x08004cb4   Section        0  stm32f4xx_it.o(.text.UsageFault_Handler)
    [Anonymous Symbol]                       0x08004cb8   Section        0  oled.o(.text.WriteCmd)
    [Anonymous Symbol]                       0x08004f18   Section        0  flash.o(.text.WriteFlashData)
    [Anonymous Symbol]                       0x08005070   Section        0  main.o(.text.button_ui_update)
    __arm_cp.7_11                            0x080056b4   Number         4  main.o(.text.button_ui_update)
    [Anonymous Symbol]                       0x080056dc   Section        0  main.o(.text.display_array)
    [Anonymous Symbol]                       0x08005758   Section        0  main.o(.text.display_setting_info)
    [Anonymous Symbol]                       0x0800587c   Section        0  main.o(.text.display_star)
    [Anonymous Symbol]                       0x080058f8   Section        0  main.o(.text.get_duty)
    [Anonymous Symbol]                       0x08005b60   Section        0  main.o(.text.main)
    __arm_cp.0_12                            0x08005d74   Number         4  main.o(.text.main)
    __arm_cp.0_13                            0x08005d78   Number         4  main.o(.text.main)
    __arm_cp.0_14                            0x08005d7c   Number         4  main.o(.text.main)
    __arm_cp.0_15                            0x08005d80   Number         4  main.o(.text.main)
    __arm_cp.0_16                            0x08005d84   Number         4  main.o(.text.main)
    __arm_cp.0_17                            0x08005d88   Number         4  main.o(.text.main)
    __arm_cp.0_18                            0x08005d8c   Number         4  main.o(.text.main)
    __arm_cp.0_19                            0x08005d90   Number         4  main.o(.text.main)
    __arm_cp.0_20                            0x08005d94   Number         4  main.o(.text.main)
    __arm_cp.0_21                            0x08005d98   Number         4  main.o(.text.main)
    __arm_cp.0_22                            0x08005d9c   Number         4  main.o(.text.main)
    __arm_cp.0_23                            0x08005da0   Number         4  main.o(.text.main)
    [Anonymous Symbol]                       0x0800677c   Section        0  main.o(.text.pwm_start)
    CL$$btod_d2e                             0x080067f2   Section       62  btod.o(CL$$btod_d2e)
    CL$$btod_d2e_denorm_low                  0x08006830   Section       70  btod.o(CL$$btod_d2e_denorm_low)
    CL$$btod_d2e_norm_op1                    0x08006876   Section       96  btod.o(CL$$btod_d2e_norm_op1)
    CL$$btod_div_common                      0x080068d8   Section      824  btod.o(CL$$btod_div_common)
    CL$$btod_e2e                             0x08006c10   Section      220  btod.o(CL$$btod_e2e)
    CL$$btod_ediv                            0x08006cec   Section       42  btod.o(CL$$btod_ediv)
    CL$$btod_emul                            0x08006d16   Section       42  btod.o(CL$$btod_emul)
    CL$$btod_mult_common                     0x08006d40   Section      580  btod.o(CL$$btod_mult_common)
    i.__ARM_fpclassify                       0x08006f84   Section        0  fpclassify.o(i.__ARM_fpclassify)
    i.__hardfp_roundf                        0x08006fb4   Section        0  roundf.o(i.__hardfp_roundf)
    i._is_digit                              0x0800704e   Section        0  __printf_wp.o(i._is_digit)
    locale$$code                             0x0800705c   Section       44  lc_numeric_c.o(locale$$code)
    $v0                                      0x08007088   Number         0  d2f.o(x$fpl$d2f)
    x$fpl$d2f                                0x08007088   Section       98  d2f.o(x$fpl$d2f)
    $v0                                      0x080070ec   Number         0  daddsub_clz.o(x$fpl$dadd)
    x$fpl$dadd                               0x080070ec   Section      336  daddsub_clz.o(x$fpl$dadd)
    _dadd1                                   0x080070fd   Thumb Code     0  daddsub_clz.o(x$fpl$dadd)
    $v0                                      0x0800723c   Number         0  dnaninf.o(x$fpl$dnaninf)
    x$fpl$dnaninf                            0x0800723c   Section      156  dnaninf.o(x$fpl$dnaninf)
    $v0                                      0x080072d8   Number         0  dretinf.o(x$fpl$dretinf)
    x$fpl$dretinf                            0x080072d8   Section       12  dretinf.o(x$fpl$dretinf)
    $v0                                      0x080072e4   Number         0  daddsub_clz.o(x$fpl$dsub)
    x$fpl$dsub                               0x080072e4   Section      476  daddsub_clz.o(x$fpl$dsub)
    _dsub1                                   0x080072f5   Thumb Code     0  daddsub_clz.o(x$fpl$dsub)
    $v0                                      0x080074c0   Number         0  f2d.o(x$fpl$f2d)
    x$fpl$f2d                                0x080074c0   Section       86  f2d.o(x$fpl$f2d)
    $v0                                      0x08007516   Number         0  fnaninf.o(x$fpl$fnaninf)
    x$fpl$fnaninf                            0x08007516   Section      140  fnaninf.o(x$fpl$fnaninf)
    $v0                                      0x080075a2   Number         0  fpinit.o(x$fpl$fpinit)
    x$fpl$fpinit                             0x080075a2   Section       26  fpinit.o(x$fpl$fpinit)
    $v0                                      0x080075bc   Number         0  fretinf.o(x$fpl$fretinf)
    x$fpl$fretinf                            0x080075bc   Section       10  fretinf.o(x$fpl$fretinf)
    $v0                                      0x080075c8   Number         0  frnd.o(x$fpl$frnd)
    x$fpl$frnd                               0x080075c8   Section       96  frnd.o(x$fpl$frnd)
    $v0                                      0x08007628   Number         0  printf1.o(x$fpl$printf1)
    x$fpl$printf1                            0x08007628   Section        4  printf1.o(x$fpl$printf1)
    tenpwrs_x                                0x0800762c   Data          60  bigflt0.o(.constdata)
    .constdata                               0x0800762c   Section      148  bigflt0.o(.constdata)
    x$fpl$usenofp                            0x0800762c   Section        0  usenofp.o(x$fpl$usenofp)
    tenpwrs_i                                0x08007668   Data          64  bigflt0.o(.constdata)
    DMA_CalcBaseAndBitshift.flagBitshiftOffset 0x08007ef0   Data           8  stm32f4xx_hal_dma.o(.rodata.cst8)
    [Anonymous Symbol]                       0x08007ef0   Section        0  stm32f4xx_hal_dma.o(.rodata.cst8)
    .L.str.1                                 0x08007f60   Data           4  main.o(.rodata.str1.1)
    [Anonymous Symbol]                       0x08007f60   Section        0  main.o(.rodata.str1.1)
    .L.str.2                                 0x08007f64   Data           5  main.o(.rodata.str1.1)
    .L.str                                   0x08007f69   Data           5  main.o(.rodata.str1.1)
    locale$$data                             0x08007f90   Section       28  lc_numeric_c.o(locale$$data)
    __lcnum_c_name                           0x08007f94   Data           2  lc_numeric_c.o(locale$$data)
    __lcnum_c_start                          0x08007f9c   Data           0  lc_numeric_c.o(locale$$data)
    __lcnum_c_point                          0x08007fa8   Data           0  lc_numeric_c.o(locale$$data)
    __lcnum_c_thousands                      0x08007faa   Data           0  lc_numeric_c.o(locale$$data)
    __lcnum_c_grouping                       0x08007fab   Data           0  lc_numeric_c.o(locale$$data)
    __lcnum_c_end                            0x08007fac   Data           0  lc_numeric_c.o(locale$$data)
    .L_MergedGlobals                         0x20000000   Data           8  stm32f4xx_hal.o(.data..L_MergedGlobals)
    [Anonymous Symbol]                       0x20000000   Section        0  stm32f4xx_hal.o(.data..L_MergedGlobals)
    display_array.array                      0x20000028   Data           4  main.o(.data.display_array.array)
    [Anonymous Symbol]                       0x20000028   Section        0  main.o(.data.display_array.array)
    display_star.array                       0x2000002c   Data           4  main.o(.data.display_star.array)
    [Anonymous Symbol]                       0x2000002c   Section        0  main.o(.data.display_star.array)
    .bss                                     0x200025b0   Section       96  libspace.o(.bss)
    .L_MergedGlobals                         0x20002610   Data         120  main.o(.bss..L_MergedGlobals)
    [Anonymous Symbol]                       0x20002610   Section        0  main.o(.bss..L_MergedGlobals)
    HAL_TIM_PeriodElapsedCallback.w0t        0x20002618   Data           4  main.o(.bss..L_MergedGlobals)
    HAL_TIM_PeriodElapsedCallback.INDEX      0x2000261c   Data           8  main.o(.bss..L_MergedGlobals)
    display_info.sin_k                       0x20002624   Data           8  main.o(.bss..L_MergedGlobals)
    display_info.v_rms                       0x2000262c   Data           8  main.o(.bss..L_MergedGlobals)
    display_info.i_rms                       0x20002634   Data           8  main.o(.bss..L_MergedGlobals)
    display_info.sin_n                       0x2000263c   Data           8  main.o(.bss..L_MergedGlobals)
    display_setting_info.kp                  0x20002644   Data           8  main.o(.bss..L_MergedGlobals)
    display_setting_info.ki                  0x2000264c   Data           8  main.o(.bss..L_MergedGlobals)
    display_setting_info.vtar                0x20002654   Data           8  main.o(.bss..L_MergedGlobals)
    display_setting_info.kv                  0x2000265c   Data           8  main.o(.bss..L_MergedGlobals)
    display_setting_info.w0                  0x20002664   Data           8  main.o(.bss..L_MergedGlobals)
    display_setting_info.sin_n               0x2000266c   Data           8  main.o(.bss..L_MergedGlobals)
    display_setting_info.offset              0x20002674   Data           8  main.o(.bss..L_MergedGlobals)
    HAL_TIM_PeriodElapsedCallback.DUTY       0x2000267c   Data          12  main.o(.bss..L_MergedGlobals)
    .L_MergedGlobals.4                       0x20002688   Data          96  main.o(.bss..L_MergedGlobals.4)
    [Anonymous Symbol]                       0x20002688   Section        0  main.o(.bss..L_MergedGlobals.4)
    Heap_Mem                                 0x200043e8   Data         512  startup_stm32f407xx.o(HEAP)
    HEAP                                     0x200043e8   Section      512  startup_stm32f407xx.o(HEAP)
    Stack_Mem                                0x200045e8   Data        1024  startup_stm32f407xx.o(STACK)
    STACK                                    0x200045e8   Section     1024  startup_stm32f407xx.o(STACK)
    __initial_sp                             0x200049e8   Data           0  startup_stm32f407xx.o(STACK)

    Global Symbols

    Symbol Name                              Value     Ov Type        Size  Object(Section)

    BuildAttributes$$THM_ISAv4$E$P$D$K$B$S$7EM$VFPi3$EXTD16$VFPS$VFMA$PE$A:L22UL41UL21$X:L11$S22US41US21$IEEE1$IW$~IW$USESV6$~STKCKD$USESV7$~SHL$OTIME$ROPI$IEEEX$EBA8$UX$STANDARDLIB$REQ8$PRES8$EABIv2 0x00000000   Number         0  anon$$obj.o ABSOLUTE
    _printf_flags                            0x00000000   Number         0  printf_stubs.o ABSOLUTE
    _printf_return_value                     0x00000000   Number         0  printf_stubs.o ABSOLUTE
    _printf_sizespec                         0x00000000   Number         0  printf_stubs.o ABSOLUTE
    _printf_widthprec                        0x00000000   Number         0  printf_stubs.o ABSOLUTE
    __ARM_exceptions_init                     - Undefined Weak Reference
    __alloca_initialize                       - Undefined Weak Reference
    __arm_preinit_                            - Undefined Weak Reference
    __arm_relocate_pie_                       - Undefined Weak Reference
    __cpp_initialize__aeabi_                  - Undefined Weak Reference
    __cxa_finalize                            - Undefined Weak Reference
    __sigvec_lookup                           - Undefined Weak Reference
    _atexit_init                              - Undefined Weak Reference
    _call_atexit_fns                          - Undefined Weak Reference
    _clock_init                               - Undefined Weak Reference
    _fp_trap_init                             - Undefined Weak Reference
    _fp_trap_shutdown                         - Undefined Weak Reference
    _get_lc_collate                           - Undefined Weak Reference
    _get_lc_ctype                             - Undefined Weak Reference
    _get_lc_monetary                          - Undefined Weak Reference
    _get_lc_time                              - Undefined Weak Reference
    _getenv_init                              - Undefined Weak Reference
    _handle_redirection                       - Undefined Weak Reference
    _init_alloc                               - Undefined Weak Reference
    _init_user_alloc                          - Undefined Weak Reference
    _initio                                   - Undefined Weak Reference
    _rand_init                                - Undefined Weak Reference
    _signal_finish                            - Undefined Weak Reference
    _signal_init                              - Undefined Weak Reference
    _terminate_alloc                          - Undefined Weak Reference
    _terminate_user_alloc                     - Undefined Weak Reference
    _terminateio                              - Undefined Weak Reference
    __Vectors_Size                           0x00000188   Number         0  startup_stm32f407xx.o ABSOLUTE
    __Vectors                                0x08000000   Data           4  startup_stm32f407xx.o(RESET)
    __Vectors_End                            0x08000188   Data           0  startup_stm32f407xx.o(RESET)
    __main                                   0x08000189   Thumb Code     8  __main.o(!!!main)
    __scatterload                            0x08000191   Thumb Code     0  __scatter.o(!!!scatter)
    __scatterload_rt2                        0x08000191   Thumb Code    84  __scatter.o(!!!scatter)
    __scatterload_rt2_thumb_only             0x08000191   Thumb Code     0  __scatter.o(!!!scatter)
    __scatterload_loop                       0x0800019b   Thumb Code     0  __scatter.o(!!!scatter)
    __decompress                             0x080001ed   Thumb Code   100  __dclz77c.o(!!dclz77c)
    __decompress2                            0x080001ed   Thumb Code     0  __dclz77c.o(!!dclz77c)
    __scatterload_null                       0x08000251   Thumb Code     2  __scatter.o(!!handler_null)
    __scatterload_zeroinit                   0x08000255   Thumb Code    28  __scatter_zi.o(!!handler_zi)
    _printf_f                                0x08000271   Thumb Code     0  _printf_f.o(.ARM.Collect$$_printf_percent$$00000003)
    _printf_percent                          0x08000271   Thumb Code     0  _printf_percent.o(.ARM.Collect$$_printf_percent$$00000000)
    _printf_percent_end                      0x08000277   Thumb Code     0  _printf_percent_end.o(.ARM.Collect$$_printf_percent$$00000017)
    __rt_lib_init                            0x0800027b   Thumb Code     0  libinit.o(.ARM.Collect$$libinit$$00000000)
    __rt_lib_init_fp_1                       0x0800027d   Thumb Code     0  libinit2.o(.ARM.Collect$$libinit$$00000001)
    __rt_lib_init_heap_1                     0x08000281   Thumb Code     0  libinit2.o(.ARM.Collect$$libinit$$0000000C)
    __rt_lib_init_lc_common                  0x08000281   Thumb Code     0  libinit2.o(.ARM.Collect$$libinit$$00000011)
    __rt_lib_init_preinit_1                  0x08000281   Thumb Code     0  libinit2.o(.ARM.Collect$$libinit$$00000006)
    __rt_lib_init_rand_1                     0x08000281   Thumb Code     0  libinit2.o(.ARM.Collect$$libinit$$00000010)
    __rt_lib_init_relocate_pie_1             0x08000281   Thumb Code     0  libinit2.o(.ARM.Collect$$libinit$$00000004)
    __rt_lib_init_user_alloc_1               0x08000281   Thumb Code     0  libinit2.o(.ARM.Collect$$libinit$$0000000E)
    __rt_lib_init_lc_collate_1               0x08000287   Thumb Code     0  libinit2.o(.ARM.Collect$$libinit$$00000013)
    __rt_lib_init_lc_ctype_1                 0x08000287   Thumb Code     0  libinit2.o(.ARM.Collect$$libinit$$00000015)
    __rt_lib_init_lc_monetary_1              0x08000287   Thumb Code     0  libinit2.o(.ARM.Collect$$libinit$$00000017)
    __rt_lib_init_lc_numeric_2               0x08000287   Thumb Code     0  libinit2.o(.ARM.Collect$$libinit$$00000018)
    __rt_lib_init_alloca_1                   0x08000291   Thumb Code     0  libinit2.o(.ARM.Collect$$libinit$$00000030)
    __rt_lib_init_argv_1                     0x08000291   Thumb Code     0  libinit2.o(.ARM.Collect$$libinit$$0000002E)
    __rt_lib_init_atexit_1                   0x08000291   Thumb Code     0  libinit2.o(.ARM.Collect$$libinit$$0000001D)
    __rt_lib_init_clock_1                    0x08000291   Thumb Code     0  libinit2.o(.ARM.Collect$$libinit$$00000023)
    __rt_lib_init_cpp_1                      0x08000291   Thumb Code     0  libinit2.o(.ARM.Collect$$libinit$$00000034)
    __rt_lib_init_exceptions_1               0x08000291   Thumb Code     0  libinit2.o(.ARM.Collect$$libinit$$00000032)
    __rt_lib_init_fp_trap_1                  0x08000291   Thumb Code     0  libinit2.o(.ARM.Collect$$libinit$$00000021)
    __rt_lib_init_getenv_1                   0x08000291   Thumb Code     0  libinit2.o(.ARM.Collect$$libinit$$00000025)
    __rt_lib_init_lc_numeric_1               0x08000291   Thumb Code     0  libinit2.o(.ARM.Collect$$libinit$$00000019)
    __rt_lib_init_lc_time_1                  0x08000291   Thumb Code     0  libinit2.o(.ARM.Collect$$libinit$$0000001B)
    __rt_lib_init_return                     0x08000291   Thumb Code     0  libinit2.o(.ARM.Collect$$libinit$$00000035)
    __rt_lib_init_signal_1                   0x08000291   Thumb Code     0  libinit2.o(.ARM.Collect$$libinit$$0000001F)
    __rt_lib_init_stdio_1                    0x08000291   Thumb Code     0  libinit2.o(.ARM.Collect$$libinit$$00000027)
    __rt_lib_shutdown                        0x08000293   Thumb Code     0  libshutdown.o(.ARM.Collect$$libshutdown$$00000000)
    __rt_lib_shutdown_cpp_1                  0x08000295   Thumb Code     0  libshutdown2.o(.ARM.Collect$$libshutdown$$00000002)
    __rt_lib_shutdown_fp_trap_1              0x08000295   Thumb Code     0  libshutdown2.o(.ARM.Collect$$libshutdown$$00000007)
    __rt_lib_shutdown_heap_1                 0x08000295   Thumb Code     0  libshutdown2.o(.ARM.Collect$$libshutdown$$0000000F)
    __rt_lib_shutdown_return                 0x08000295   Thumb Code     0  libshutdown2.o(.ARM.Collect$$libshutdown$$00000010)
    __rt_lib_shutdown_signal_1               0x08000295   Thumb Code     0  libshutdown2.o(.ARM.Collect$$libshutdown$$0000000A)
    __rt_lib_shutdown_stdio_1                0x08000295   Thumb Code     0  libshutdown2.o(.ARM.Collect$$libshutdown$$00000004)
    __rt_lib_shutdown_user_alloc_1           0x08000295   Thumb Code     0  libshutdown2.o(.ARM.Collect$$libshutdown$$0000000C)
    __rt_entry                               0x08000297   Thumb Code     0  __rtentry.o(.ARM.Collect$$rtentry$$00000000)
    __rt_entry_presh_1                       0x08000297   Thumb Code     0  __rtentry2.o(.ARM.Collect$$rtentry$$00000002)
    __rt_entry_sh                            0x08000297   Thumb Code     0  __rtentry4.o(.ARM.Collect$$rtentry$$00000004)
    __rt_entry_li                            0x0800029d   Thumb Code     0  __rtentry2.o(.ARM.Collect$$rtentry$$0000000A)
    __rt_entry_postsh_1                      0x0800029d   Thumb Code     0  __rtentry2.o(.ARM.Collect$$rtentry$$00000009)
    __rt_entry_main                          0x080002a1   Thumb Code     0  __rtentry2.o(.ARM.Collect$$rtentry$$0000000D)
    __rt_entry_postli_1                      0x080002a1   Thumb Code     0  __rtentry2.o(.ARM.Collect$$rtentry$$0000000C)
    __rt_exit                                0x080002a9   Thumb Code     0  rtexit.o(.ARM.Collect$$rtexit$$00000000)
    __rt_exit_ls                             0x080002ab   Thumb Code     0  rtexit2.o(.ARM.Collect$$rtexit$$00000003)
    __rt_exit_prels_1                        0x080002ab   Thumb Code     0  rtexit2.o(.ARM.Collect$$rtexit$$00000002)
    __rt_exit_exit                           0x080002af   Thumb Code     0  rtexit2.o(.ARM.Collect$$rtexit$$00000004)
    Reset_Handler                            0x080002b5   Thumb Code     8  startup_stm32f407xx.o(.text)
    ADC_IRQHandler                           0x080002cf   Thumb Code     0  startup_stm32f407xx.o(.text)
    CAN1_RX0_IRQHandler                      0x080002cf   Thumb Code     0  startup_stm32f407xx.o(.text)
    CAN1_RX1_IRQHandler                      0x080002cf   Thumb Code     0  startup_stm32f407xx.o(.text)
    CAN1_SCE_IRQHandler                      0x080002cf   Thumb Code     0  startup_stm32f407xx.o(.text)
    CAN1_TX_IRQHandler                       0x080002cf   Thumb Code     0  startup_stm32f407xx.o(.text)
    CAN2_RX0_IRQHandler                      0x080002cf   Thumb Code     0  startup_stm32f407xx.o(.text)
    CAN2_RX1_IRQHandler                      0x080002cf   Thumb Code     0  startup_stm32f407xx.o(.text)
    CAN2_SCE_IRQHandler                      0x080002cf   Thumb Code     0  startup_stm32f407xx.o(.text)
    CAN2_TX_IRQHandler                       0x080002cf   Thumb Code     0  startup_stm32f407xx.o(.text)
    DCMI_IRQHandler                          0x080002cf   Thumb Code     0  startup_stm32f407xx.o(.text)
    DMA1_Stream0_IRQHandler                  0x080002cf   Thumb Code     0  startup_stm32f407xx.o(.text)
    DMA1_Stream1_IRQHandler                  0x080002cf   Thumb Code     0  startup_stm32f407xx.o(.text)
    DMA1_Stream2_IRQHandler                  0x080002cf   Thumb Code     0  startup_stm32f407xx.o(.text)
    DMA1_Stream3_IRQHandler                  0x080002cf   Thumb Code     0  startup_stm32f407xx.o(.text)
    DMA1_Stream4_IRQHandler                  0x080002cf   Thumb Code     0  startup_stm32f407xx.o(.text)
    DMA1_Stream5_IRQHandler                  0x080002cf   Thumb Code     0  startup_stm32f407xx.o(.text)
    DMA1_Stream6_IRQHandler                  0x080002cf   Thumb Code     0  startup_stm32f407xx.o(.text)
    DMA1_Stream7_IRQHandler                  0x080002cf   Thumb Code     0  startup_stm32f407xx.o(.text)
    DMA2_Stream1_IRQHandler                  0x080002cf   Thumb Code     0  startup_stm32f407xx.o(.text)
    DMA2_Stream2_IRQHandler                  0x080002cf   Thumb Code     0  startup_stm32f407xx.o(.text)
    DMA2_Stream3_IRQHandler                  0x080002cf   Thumb Code     0  startup_stm32f407xx.o(.text)
    DMA2_Stream4_IRQHandler                  0x080002cf   Thumb Code     0  startup_stm32f407xx.o(.text)
    DMA2_Stream5_IRQHandler                  0x080002cf   Thumb Code     0  startup_stm32f407xx.o(.text)
    DMA2_Stream6_IRQHandler                  0x080002cf   Thumb Code     0  startup_stm32f407xx.o(.text)
    DMA2_Stream7_IRQHandler                  0x080002cf   Thumb Code     0  startup_stm32f407xx.o(.text)
    ETH_IRQHandler                           0x080002cf   Thumb Code     0  startup_stm32f407xx.o(.text)
    ETH_WKUP_IRQHandler                      0x080002cf   Thumb Code     0  startup_stm32f407xx.o(.text)
    EXTI0_IRQHandler                         0x080002cf   Thumb Code     0  startup_stm32f407xx.o(.text)
    EXTI15_10_IRQHandler                     0x080002cf   Thumb Code     0  startup_stm32f407xx.o(.text)
    EXTI1_IRQHandler                         0x080002cf   Thumb Code     0  startup_stm32f407xx.o(.text)
    EXTI2_IRQHandler                         0x080002cf   Thumb Code     0  startup_stm32f407xx.o(.text)
    EXTI3_IRQHandler                         0x080002cf   Thumb Code     0  startup_stm32f407xx.o(.text)
    EXTI4_IRQHandler                         0x080002cf   Thumb Code     0  startup_stm32f407xx.o(.text)
    EXTI9_5_IRQHandler                       0x080002cf   Thumb Code     0  startup_stm32f407xx.o(.text)
    FLASH_IRQHandler                         0x080002cf   Thumb Code     0  startup_stm32f407xx.o(.text)
    FMC_IRQHandler                           0x080002cf   Thumb Code     0  startup_stm32f407xx.o(.text)
    FPU_IRQHandler                           0x080002cf   Thumb Code     0  startup_stm32f407xx.o(.text)
    HASH_RNG_IRQHandler                      0x080002cf   Thumb Code     0  startup_stm32f407xx.o(.text)
    I2C1_ER_IRQHandler                       0x080002cf   Thumb Code     0  startup_stm32f407xx.o(.text)
    I2C1_EV_IRQHandler                       0x080002cf   Thumb Code     0  startup_stm32f407xx.o(.text)
    I2C2_ER_IRQHandler                       0x080002cf   Thumb Code     0  startup_stm32f407xx.o(.text)
    I2C2_EV_IRQHandler                       0x080002cf   Thumb Code     0  startup_stm32f407xx.o(.text)
    I2C3_ER_IRQHandler                       0x080002cf   Thumb Code     0  startup_stm32f407xx.o(.text)
    I2C3_EV_IRQHandler                       0x080002cf   Thumb Code     0  startup_stm32f407xx.o(.text)
    OTG_FS_IRQHandler                        0x080002cf   Thumb Code     0  startup_stm32f407xx.o(.text)
    OTG_FS_WKUP_IRQHandler                   0x080002cf   Thumb Code     0  startup_stm32f407xx.o(.text)
    OTG_HS_EP1_IN_IRQHandler                 0x080002cf   Thumb Code     0  startup_stm32f407xx.o(.text)
    OTG_HS_EP1_OUT_IRQHandler                0x080002cf   Thumb Code     0  startup_stm32f407xx.o(.text)
    OTG_HS_IRQHandler                        0x080002cf   Thumb Code     0  startup_stm32f407xx.o(.text)
    OTG_HS_WKUP_IRQHandler                   0x080002cf   Thumb Code     0  startup_stm32f407xx.o(.text)
    PVD_IRQHandler                           0x080002cf   Thumb Code     0  startup_stm32f407xx.o(.text)
    RCC_IRQHandler                           0x080002cf   Thumb Code     0  startup_stm32f407xx.o(.text)
    RTC_Alarm_IRQHandler                     0x080002cf   Thumb Code     0  startup_stm32f407xx.o(.text)
    RTC_WKUP_IRQHandler                      0x080002cf   Thumb Code     0  startup_stm32f407xx.o(.text)
    SDIO_IRQHandler                          0x080002cf   Thumb Code     0  startup_stm32f407xx.o(.text)
    SPI1_IRQHandler                          0x080002cf   Thumb Code     0  startup_stm32f407xx.o(.text)
    SPI2_IRQHandler                          0x080002cf   Thumb Code     0  startup_stm32f407xx.o(.text)
    SPI3_IRQHandler                          0x080002cf   Thumb Code     0  startup_stm32f407xx.o(.text)
    TAMP_STAMP_IRQHandler                    0x080002cf   Thumb Code     0  startup_stm32f407xx.o(.text)
    TIM1_BRK_TIM9_IRQHandler                 0x080002cf   Thumb Code     0  startup_stm32f407xx.o(.text)
    TIM1_CC_IRQHandler                       0x080002cf   Thumb Code     0  startup_stm32f407xx.o(.text)
    TIM1_TRG_COM_TIM11_IRQHandler            0x080002cf   Thumb Code     0  startup_stm32f407xx.o(.text)
    TIM1_UP_TIM10_IRQHandler                 0x080002cf   Thumb Code     0  startup_stm32f407xx.o(.text)
    TIM3_IRQHandler                          0x080002cf   Thumb Code     0  startup_stm32f407xx.o(.text)
    TIM4_IRQHandler                          0x080002cf   Thumb Code     0  startup_stm32f407xx.o(.text)
    TIM6_DAC_IRQHandler                      0x080002cf   Thumb Code     0  startup_stm32f407xx.o(.text)
    TIM7_IRQHandler                          0x080002cf   Thumb Code     0  startup_stm32f407xx.o(.text)
    TIM8_BRK_TIM12_IRQHandler                0x080002cf   Thumb Code     0  startup_stm32f407xx.o(.text)
    TIM8_CC_IRQHandler                       0x080002cf   Thumb Code     0  startup_stm32f407xx.o(.text)
    TIM8_TRG_COM_TIM14_IRQHandler            0x080002cf   Thumb Code     0  startup_stm32f407xx.o(.text)
    UART4_IRQHandler                         0x080002cf   Thumb Code     0  startup_stm32f407xx.o(.text)
    UART5_IRQHandler                         0x080002cf   Thumb Code     0  startup_stm32f407xx.o(.text)
    USART1_IRQHandler                        0x080002cf   Thumb Code     0  startup_stm32f407xx.o(.text)
    USART2_IRQHandler                        0x080002cf   Thumb Code     0  startup_stm32f407xx.o(.text)
    USART3_IRQHandler                        0x080002cf   Thumb Code     0  startup_stm32f407xx.o(.text)
    USART6_IRQHandler                        0x080002cf   Thumb Code     0  startup_stm32f407xx.o(.text)
    WWDG_IRQHandler                          0x080002cf   Thumb Code     0  startup_stm32f407xx.o(.text)
    __user_initial_stackheap                 0x080002d1   Thumb Code     0  startup_stm32f407xx.o(.text)
    __aeabi_uldivmod                         0x080002f5   Thumb Code     0  lludivv7m.o(.text)
    _ll_udiv                                 0x080002f5   Thumb Code   240  lludivv7m.o(.text)
    __2sprintf                               0x080003e5   Thumb Code    34  noretval__2sprintf.o(.text)
    _printf_pre_padding                      0x0800040d   Thumb Code    44  _printf_pad.o(.text)
    _printf_post_padding                     0x08000439   Thumb Code    34  _printf_pad.o(.text)
    __printf                                 0x0800045b   Thumb Code   270  __printf_wp.o(.text)
    __aeabi_memcpy                           0x08000569   Thumb Code     0  rt_memcpy_v6.o(.text)
    __rt_memcpy                              0x08000569   Thumb Code   138  rt_memcpy_v6.o(.text)
    _memcpy_lastbytes                        0x080005cf   Thumb Code     0  rt_memcpy_v6.o(.text)
    __aeabi_memcpy4                          0x080005f3   Thumb Code     0  rt_memcpy_w.o(.text)
    __aeabi_memcpy8                          0x080005f3   Thumb Code     0  rt_memcpy_w.o(.text)
    __rt_memcpy_w                            0x080005f3   Thumb Code   100  rt_memcpy_w.o(.text)
    _memcpy_lastbytes_aligned                0x0800063b   Thumb Code     0  rt_memcpy_w.o(.text)
    __aeabi_memclr4                          0x08000657   Thumb Code     0  rt_memclr_w.o(.text)
    __aeabi_memclr8                          0x08000657   Thumb Code     0  rt_memclr_w.o(.text)
    __rt_memclr_w                            0x08000657   Thumb Code     0  rt_memclr_w.o(.text)
    _memset_w                                0x0800065b   Thumb Code    74  rt_memclr_w.o(.text)
    __use_two_region_memory                  0x080006a5   Thumb Code     2  heapauxi.o(.text)
    __rt_heap_escrow$2region                 0x080006a7   Thumb Code     2  heapauxi.o(.text)
    __rt_heap_expand$2region                 0x080006a9   Thumb Code     2  heapauxi.o(.text)
    _printf_fp_dec_real                      0x0800085b   Thumb Code   620  _printf_fp_dec.o(.text)
    _printf_char_common                      0x08000ad3   Thumb Code    32  _printf_char_common.o(.text)
    _sputc                                   0x08000af9   Thumb Code    10  _sputc.o(.text)
    __rt_locale                              0x08000b05   Thumb Code     8  rt_locale_intlibspace.o(.text)
    _ll_udiv10                               0x08000b0d   Thumb Code   138  lludiv10.o(.text)
    _printf_fp_infnan                        0x08000b99   Thumb Code   112  _printf_fp_infnan.o(.text)
    _btod_etento                             0x08000c19   Thumb Code   224  bigflt0.o(.text)
    __user_libspace                          0x08000cfd   Thumb Code     8  libspace.o(.text)
    __user_perproc_libspace                  0x08000cfd   Thumb Code     0  libspace.o(.text)
    __user_perthread_libspace                0x08000cfd   Thumb Code     0  libspace.o(.text)
    __user_setup_stackheap                   0x08000d05   Thumb Code    74  sys_stackheap_outer.o(.text)
    exit                                     0x08000d4f   Thumb Code    18  exit.o(.text)
    strcmp                                   0x08000d61   Thumb Code   124  strcmpv7em.o(.text)
    _sys_exit                                0x08000ddd   Thumb Code     8  sys_exit.o(.text)
    __I$use$semihosting                      0x08000de9   Thumb Code     0  use_no_semi.o(.text)
    __use_no_semihosting_swi                 0x08000de9   Thumb Code     2  use_no_semi.o(.text)
    __semihosting_library_function           0x08000deb   Thumb Code     0  indicate_semi.o(.text)
    BusFault_Handler                         0x08000e79   Thumb Code     2  stm32f4xx_it.o(.text.BusFault_Handler)
    Button_GetEvent                          0x08000e7d   Thumb Code    10  button.o(.text.Button_GetEvent)
    Button_Init                              0x08000e89   Thumb Code    32  button.o(.text.Button_Init)
    Button_Update                            0x08000ea9   Thumb Code   124  button.o(.text.Button_Update)
    DMA2_Stream0_IRQHandler                  0x08000f25   Thumb Code    12  stm32f4xx_it.o(.text.DMA2_Stream0_IRQHandler)
    DMA_U16_Filter_ClippedAverage_MedianBase 0x08000f31   Thumb Code  1064  filter.o(.text.DMA_U16_Filter_ClippedAverage_MedianBase)
    DebugMon_Handler                         0x08001361   Thumb Code     2  stm32f4xx_it.o(.text.DebugMon_Handler)
    Error_Handler                            0x08001365   Thumb Code     6  main.o(.text.Error_Handler)
    FLASH_WaitForLastOperation               0x0800136d   Thumb Code   250  stm32f4xx_hal_flash.o(.text.FLASH_WaitForLastOperation)
    HAL_ADC_ConfigChannel                    0x08001469   Thumb Code   324  stm32f4xx_hal_adc.o(.text.HAL_ADC_ConfigChannel)
    HAL_ADC_ConvCpltCallback                 0x080015ad   Thumb Code    30  main.o(.text.HAL_ADC_ConvCpltCallback)
    HAL_ADC_ConvHalfCpltCallback             0x080015cd   Thumb Code     2  stm32f4xx_hal_adc.o(.text.HAL_ADC_ConvHalfCpltCallback)
    HAL_ADC_ErrorCallback                    0x080015d1   Thumb Code     2  stm32f4xx_hal_adc.o(.text.HAL_ADC_ErrorCallback)
    HAL_ADC_Init                             0x080015d5   Thumb Code   348  stm32f4xx_hal_adc.o(.text.HAL_ADC_Init)
    HAL_ADC_MspInit                          0x08001731   Thumb Code   174  adc.o(.text.HAL_ADC_MspInit)
    HAL_ADC_Start_DMA                        0x080017e1   Thumb Code   418  stm32f4xx_hal_adc.o(.text.HAL_ADC_Start_DMA)
    HAL_DMA_IRQHandler                       0x08001985   Thumb Code   452  stm32f4xx_hal_dma.o(.text.HAL_DMA_IRQHandler)
    HAL_DMA_Init                             0x08001b49   Thumb Code   354  stm32f4xx_hal_dma.o(.text.HAL_DMA_Init)
    HAL_DMA_Start_IT                         0x08001cad   Thumb Code   162  stm32f4xx_hal_dma.o(.text.HAL_DMA_Start_IT)
    HAL_Delay                                0x08001d51   Thumb Code    40  stm32f4xx_hal.o(.text.HAL_Delay)
    HAL_FLASHEx_Erase                        0x08001d79   Thumb Code   394  stm32f4xx_hal_flash_ex.o(.text.HAL_FLASHEx_Erase)
    HAL_FLASH_Lock                           0x08001f05   Thumb Code    20  stm32f4xx_hal_flash.o(.text.HAL_FLASH_Lock)
    HAL_FLASH_Program                        0x08001f19   Thumb Code   218  stm32f4xx_hal_flash.o(.text.HAL_FLASH_Program)
    HAL_FLASH_Unlock                         0x08001ff5   Thumb Code    46  stm32f4xx_hal_flash.o(.text.HAL_FLASH_Unlock)
    HAL_GPIO_Init                            0x08002025   Thumb Code   414  stm32f4xx_hal_gpio.o(.text.HAL_GPIO_Init)
    HAL_GPIO_ReadPin                         0x080021c5   Thumb Code    10  stm32f4xx_hal_gpio.o(.text.HAL_GPIO_ReadPin)
    HAL_GPIO_WritePin                        0x080021d1   Thumb Code    10  stm32f4xx_hal_gpio.o(.text.HAL_GPIO_WritePin)
    HAL_GetTick                              0x080021dd   Thumb Code    12  stm32f4xx_hal.o(.text.HAL_GetTick)
    HAL_I2C_Init                             0x080021e9   Thumb Code   356  stm32f4xx_hal_i2c.o(.text.HAL_I2C_Init)
    HAL_I2C_Mem_Write                        0x0800234d   Thumb Code   348  stm32f4xx_hal_i2c.o(.text.HAL_I2C_Mem_Write)
    HAL_I2C_MspInit                          0x080024a9   Thumb Code   116  i2c.o(.text.HAL_I2C_MspInit)
    HAL_IncTick                              0x0800251d   Thumb Code    26  stm32f4xx_hal.o(.text.HAL_IncTick)
    HAL_Init                                 0x08002539   Thumb Code    54  stm32f4xx_hal.o(.text.HAL_Init)
    HAL_InitTick                             0x08002571   Thumb Code    72  stm32f4xx_hal.o(.text.HAL_InitTick)
    HAL_MspInit                              0x080025b9   Thumb Code    56  stm32f4xx_hal_msp.o(.text.HAL_MspInit)
    HAL_NVIC_EnableIRQ                       0x080025f1   Thumb Code    34  stm32f4xx_hal_cortex.o(.text.HAL_NVIC_EnableIRQ)
    HAL_NVIC_SetPriority                     0x08002615   Thumb Code    86  stm32f4xx_hal_cortex.o(.text.HAL_NVIC_SetPriority)
    HAL_NVIC_SetPriorityGrouping             0x0800266d   Thumb Code    32  stm32f4xx_hal_cortex.o(.text.HAL_NVIC_SetPriorityGrouping)
    HAL_RCC_ClockConfig                      0x0800268d   Thumb Code   356  stm32f4xx_hal_rcc.o(.text.HAL_RCC_ClockConfig)
    HAL_RCC_GetPCLK1Freq                     0x080027f1   Thumb Code    38  stm32f4xx_hal_rcc.o(.text.HAL_RCC_GetPCLK1Freq)
    HAL_RCC_GetPCLK2Freq                     0x08002819   Thumb Code    38  stm32f4xx_hal_rcc.o(.text.HAL_RCC_GetPCLK2Freq)
    HAL_RCC_GetSysClockFreq                  0x08002841   Thumb Code   108  stm32f4xx_hal_rcc.o(.text.HAL_RCC_GetSysClockFreq)
    HAL_RCC_OscConfig                        0x080028ad   Thumb Code   940  stm32f4xx_hal_rcc.o(.text.HAL_RCC_OscConfig)
    HAL_SYSTICK_Config                       0x08002c59   Thumb Code    44  stm32f4xx_hal_cortex.o(.text.HAL_SYSTICK_Config)
    HAL_TIMEx_BreakCallback                  0x08002c85   Thumb Code     2  stm32f4xx_hal_tim_ex.o(.text.HAL_TIMEx_BreakCallback)
    HAL_TIMEx_CommutCallback                 0x08002c89   Thumb Code     2  stm32f4xx_hal_tim_ex.o(.text.HAL_TIMEx_CommutCallback)
    HAL_TIMEx_ConfigBreakDeadTime            0x08002c8d   Thumb Code    76  stm32f4xx_hal_tim_ex.o(.text.HAL_TIMEx_ConfigBreakDeadTime)
    HAL_TIMEx_MasterConfigSynchronization    0x08002cd9   Thumb Code   186  stm32f4xx_hal_tim_ex.o(.text.HAL_TIMEx_MasterConfigSynchronization)
    HAL_TIMEx_PWMN_Start                     0x08002d95   Thumb Code   254  stm32f4xx_hal_tim_ex.o(.text.HAL_TIMEx_PWMN_Start)
    HAL_TIM_Base_Init                        0x08002e95   Thumb Code    90  stm32f4xx_hal_tim.o(.text.HAL_TIM_Base_Init)
    HAL_TIM_Base_MspInit                     0x08002ef1   Thumb Code   174  tim.o(.text.HAL_TIM_Base_MspInit)
    HAL_TIM_Base_Start_IT                    0x08002fa1   Thumb Code   170  stm32f4xx_hal_tim.o(.text.HAL_TIM_Base_Start_IT)
    HAL_TIM_ConfigClockSource                0x0800304d   Thumb Code   416  stm32f4xx_hal_tim.o(.text.HAL_TIM_ConfigClockSource)
    HAL_TIM_IC_CaptureCallback               0x080031ed   Thumb Code     2  stm32f4xx_hal_tim.o(.text.HAL_TIM_IC_CaptureCallback)
    HAL_TIM_IRQHandler                       0x080031f1   Thumb Code   334  stm32f4xx_hal_tim.o(.text.HAL_TIM_IRQHandler)
    HAL_TIM_MspPostInit                      0x08003341   Thumb Code   296  tim.o(.text.HAL_TIM_MspPostInit)
    HAL_TIM_OC_DelayElapsedCallback          0x08003469   Thumb Code     2  stm32f4xx_hal_tim.o(.text.HAL_TIM_OC_DelayElapsedCallback)
    HAL_TIM_PWM_ConfigChannel                0x0800346d   Thumb Code   544  stm32f4xx_hal_tim.o(.text.HAL_TIM_PWM_ConfigChannel)
    HAL_TIM_PWM_Init                         0x0800368d   Thumb Code    90  stm32f4xx_hal_tim.o(.text.HAL_TIM_PWM_Init)
    HAL_TIM_PWM_MspInit                      0x080036e9   Thumb Code    50  tim.o(.text.HAL_TIM_PWM_MspInit)
    HAL_TIM_PWM_PulseFinishedCallback        0x0800371d   Thumb Code     2  stm32f4xx_hal_tim.o(.text.HAL_TIM_PWM_PulseFinishedCallback)
    HAL_TIM_PWM_Start                        0x08003721   Thumb Code   270  stm32f4xx_hal_tim.o(.text.HAL_TIM_PWM_Start)
    HAL_TIM_PeriodElapsedCallback            0x08003831   Thumb Code   316  main.o(.text.HAL_TIM_PeriodElapsedCallback)
    HAL_TIM_TriggerCallback                  0x08003981   Thumb Code     2  stm32f4xx_hal_tim.o(.text.HAL_TIM_TriggerCallback)
    HAL_UART_Init                            0x08003985   Thumb Code    96  stm32f4xx_hal_uart.o(.text.HAL_UART_Init)
    HAL_UART_MspInit                         0x080039e5   Thumb Code   118  usart.o(.text.HAL_UART_MspInit)
    HardFault_Handler                        0x08003a5d   Thumb Code     2  stm32f4xx_it.o(.text.HardFault_Handler)
    MX_ADC1_Init                             0x08003f45   Thumb Code   142  adc.o(.text.MX_ADC1_Init)
    MX_DMA_Init                              0x08003fd5   Thumb Code    56  dma.o(.text.MX_DMA_Init)
    MX_GPIO_Init                             0x0800400d   Thumb Code   192  gpio.o(.text.MX_GPIO_Init)
    MX_I2C1_Init                             0x080040cd   Thumb Code    66  i2c.o(.text.MX_I2C1_Init)
    MX_TIM1_Init                             0x08004111   Thumb Code   270  tim.o(.text.MX_TIM1_Init)
    MX_TIM2_Init                             0x08004221   Thumb Code   114  tim.o(.text.MX_TIM2_Init)
    MX_TIM5_Init                             0x08004295   Thumb Code   116  tim.o(.text.MX_TIM5_Init)
    MX_TIM8_Init                             0x08004309   Thumb Code   326  tim.o(.text.MX_TIM8_Init)
    MX_USART1_UART_Init                      0x08004451   Thumb Code    60  usart.o(.text.MX_USART1_UART_Init)
    MemManage_Handler                        0x0800448d   Thumb Code     2  stm32f4xx_it.o(.text.MemManage_Handler)
    NMI_Handler                              0x08004491   Thumb Code     2  stm32f4xx_it.o(.text.NMI_Handler)
    OLED_Clear                               0x08004495   Thumb Code   172  oled.o(.text.OLED_Clear)
    OLED_Display_On                          0x08004541   Thumb Code   106  oled.o(.text.OLED_Display_On)
    OLED_Init                                0x080045ad   Thumb Code    16  oled.o(.text.OLED_Init)
    OLED_ShowChar                            0x080045bd   Thumb Code   936  oled.o(.text.OLED_ShowChar)
    OLED_ShowString                          0x08004965   Thumb Code    64  oled.o(.text.OLED_ShowString)
    PendSV_Handler                           0x080049a5   Thumb Code     2  stm32f4xx_it.o(.text.PendSV_Handler)
    SVC_Handler                              0x080049a9   Thumb Code     2  stm32f4xx_it.o(.text.SVC_Handler)
    SysTick_Handler                          0x080049ad   Thumb Code     4  stm32f4xx_it.o(.text.SysTick_Handler)
    SystemClock_Config                       0x080049b1   Thumb Code   168  main.o(.text.SystemClock_Config)
    SystemInit                               0x08004a59   Thumb Code    18  system_stm32f4xx.o(.text.SystemInit)
    TIM2_IRQHandler                          0x08004a6d   Thumb Code    12  stm32f4xx_it.o(.text.TIM2_IRQHandler)
    TIM5_IRQHandler                          0x08004a79   Thumb Code    12  stm32f4xx_it.o(.text.TIM5_IRQHandler)
    TIM8_UP_TIM13_IRQHandler                 0x08004a85   Thumb Code    12  stm32f4xx_it.o(.text.TIM8_UP_TIM13_IRQHandler)
    TIM_Base_SetConfig                       0x08004a91   Thumb Code   314  stm32f4xx_hal_tim.o(.text.TIM_Base_SetConfig)
    UsageFault_Handler                       0x08004cb5   Thumb Code     2  stm32f4xx_it.o(.text.UsageFault_Handler)
    WriteCmd                                 0x08004cb9   Thumb Code   606  oled.o(.text.WriteCmd)
    WriteFlashData                           0x08004f19   Thumb Code   338  flash.o(.text.WriteFlashData)
    button_ui_update                         0x08005071   Thumb Code  1604  main.o(.text.button_ui_update)
    display_array                            0x080056dd   Thumb Code   124  main.o(.text.display_array)
    display_setting_info                     0x08005759   Thumb Code   284  main.o(.text.display_setting_info)
    display_star                             0x0800587d   Thumb Code   124  main.o(.text.display_star)
    get_duty                                 0x080058f9   Thumb Code   612  main.o(.text.get_duty)
    main                                     0x08005b61   Thumb Code  3100  main.o(.text.main)
    pwm_start                                0x0800677d   Thumb Code   118  main.o(.text.pwm_start)
    _btod_d2e                                0x080067f3   Thumb Code    62  btod.o(CL$$btod_d2e)
    _d2e_denorm_low                          0x08006831   Thumb Code    70  btod.o(CL$$btod_d2e_denorm_low)
    _d2e_norm_op1                            0x08006877   Thumb Code    96  btod.o(CL$$btod_d2e_norm_op1)
    __btod_div_common                        0x080068d9   Thumb Code   696  btod.o(CL$$btod_div_common)
    _e2e                                     0x08006c11   Thumb Code   220  btod.o(CL$$btod_e2e)
    _btod_ediv                               0x08006ced   Thumb Code    42  btod.o(CL$$btod_ediv)
    _btod_emul                               0x08006d17   Thumb Code    42  btod.o(CL$$btod_emul)
    __btod_mult_common                       0x08006d41   Thumb Code   580  btod.o(CL$$btod_mult_common)
    __ARM_fpclassify                         0x08006f85   Thumb Code    48  fpclassify.o(i.__ARM_fpclassify)
    __hardfp_roundf                          0x08006fb5   Thumb Code   154  roundf.o(i.__hardfp_roundf)
    _is_digit                                0x0800704f   Thumb Code    14  __printf_wp.o(i._is_digit)
    _get_lc_numeric                          0x0800705d   Thumb Code    44  lc_numeric_c.o(locale$$code)
    __aeabi_d2f                              0x08007089   Thumb Code     0  d2f.o(x$fpl$d2f)
    _d2f                                     0x08007089   Thumb Code    98  d2f.o(x$fpl$d2f)
    __aeabi_dadd                             0x080070ed   Thumb Code     0  daddsub_clz.o(x$fpl$dadd)
    _dadd                                    0x080070ed   Thumb Code   332  daddsub_clz.o(x$fpl$dadd)
    __fpl_dnaninf                            0x0800723d   Thumb Code   156  dnaninf.o(x$fpl$dnaninf)
    __fpl_dretinf                            0x080072d9   Thumb Code    12  dretinf.o(x$fpl$dretinf)
    __aeabi_dsub                             0x080072e5   Thumb Code     0  daddsub_clz.o(x$fpl$dsub)
    _dsub                                    0x080072e5   Thumb Code   472  daddsub_clz.o(x$fpl$dsub)
    __aeabi_f2d                              0x080074c1   Thumb Code     0  f2d.o(x$fpl$f2d)
    _f2d                                     0x080074c1   Thumb Code    86  f2d.o(x$fpl$f2d)
    __fpl_fnaninf                            0x08007517   Thumb Code   140  fnaninf.o(x$fpl$fnaninf)
    _fp_init                                 0x080075a3   Thumb Code    26  fpinit.o(x$fpl$fpinit)
    __fplib_config_fpu_vfp                   0x080075bb   Thumb Code     0  fpinit.o(x$fpl$fpinit)
    __fplib_config_pureend_doubles           0x080075bb   Thumb Code     0  fpinit.o(x$fpl$fpinit)
    __fpl_fretinf                            0x080075bd   Thumb Code    10  fretinf.o(x$fpl$fretinf)
    _frnd                                    0x080075c9   Thumb Code    96  frnd.o(x$fpl$frnd)
    _printf_fp_dec                           0x08007629   Thumb Code     4  printf1.o(x$fpl$printf1)
    __I$use$fp                               0x0800762c   Number         0  usenofp.o(x$fpl$usenofp)
    AHBPrescTable                            0x080076c0   Data          16  system_stm32f4xx.o(.rodata.AHBPrescTable)
    APBPrescTable                            0x080076d0   Data           8  system_stm32f4xx.o(.rodata.APBPrescTable)
    F6x8                                     0x080076d8   Data         552  oled.o(.rodata.F6x8)
    F8x16                                    0x08007900   Data        1520  oled.o(.rodata.F8x16)
    oled_string_group                        0x08007ef8   Data         104  main.o(.rodata.oled_string_group)
    Region$$Table$$Base                      0x08007f70   Number         0  anon$$obj.o(Region$$Table)
    Region$$Table$$Limit                     0x08007f90   Number         0  anon$$obj.o(Region$$Table)
    uwTickFreq                               0x20000000   Data           1  stm32f4xx_hal.o(.data..L_MergedGlobals)
    uwTickPrio                               0x20000004   Data           4  stm32f4xx_hal.o(.data..L_MergedGlobals)
    CMD_Data                                 0x20000008   Data          27  oled.o(.data.CMD_Data)
    SystemCoreClock                          0x20000024   Data           4  system_stm32f4xx.o(.data.SystemCoreClock)
    harmonic3_table                          0x20000030   Data        4800  main.o(.data.harmonic3_table)
    sin_table                                0x200012f0   Data        4800  main.o(.data.sin_table)
    __libspace_start                         0x200025b0   Data          96  libspace.o(.bss)
    __temporary_stack_top$libspace           0x20002610   Data           0  libspace.o(.bss)
    dma_flag                                 0x20002610   Data           1  main.o(.bss..L_MergedGlobals)
    tim2_flag                                0x20002611   Data           1  main.o(.bss..L_MergedGlobals)
    tim_1s                                   0x20002612   Data           1  main.o(.bss..L_MergedGlobals)
    tim2_count                               0x20002614   Data           2  main.o(.bss..L_MergedGlobals)
    oled_state                               0x20002616   Data           2  main.o(.bss..L_MergedGlobals)
    btn0                                     0x20002688   Data          24  main.o(.bss..L_MergedGlobals.4)
    btn1                                     0x200026a0   Data          24  main.o(.bss..L_MergedGlobals.4)
    btn2                                     0x200026b8   Data          24  main.o(.bss..L_MergedGlobals.4)
    btn3                                     0x200026d0   Data          24  main.o(.bss..L_MergedGlobals.4)
    dma_buf                                  0x200026e8   Data        3200  main.o(.bss.dma_buf)
    hadc1                                    0x20003368   Data          72  adc.o(.bss.hadc1)
    hdma_adc1                                0x200033b0   Data          96  adc.o(.bss.hdma_adc1)
    hi2c1                                    0x20003410   Data          84  i2c.o(.bss.hi2c1)
    htim1                                    0x20003464   Data          72  tim.o(.bss.htim1)
    htim2                                    0x200034ac   Data          72  tim.o(.bss.htim2)
    htim5                                    0x200034f4   Data          72  tim.o(.bss.htim5)
    htim8                                    0x2000353c   Data          72  tim.o(.bss.htim8)
    huart1                                   0x20003584   Data          72  usart.o(.bss.huart1)
    pFlash                                   0x200035cc   Data          32  stm32f4xx_hal_flash.o(.bss.pFlash)
    uwTick                                   0x200035ec   Data           4  stm32f4xx_hal.o(.bss.uwTick)
    v_ctrl                                   0x200035f0   Data        3576  main.o(.bss.v_ctrl)



==============================================================================

Memory Map of the image

  Image Entry point : 0x08000189

  Load Region LR_IROM1 (Base: 0x08000000, Size: 0x0000a560, Max: 0x000e0000, ABSOLUTE, COMPRESSED[0x00008d78])

    Execution Region ER_IROM1 (Exec base: 0x08000000, Load base: 0x08000000, Size: 0x00007fac, Max: 0x000e0000, ABSOLUTE)

    Exec Addr    Load Addr    Size         Type   Attr      Idx    E Section Name        Object

    0x08000000   0x08000000   0x00000188   Data   RO            3    RESET               startup_stm32f407xx.o
    0x08000188   0x08000188   0x00000008   Code   RO         3456  * !!!main             c_w.l(__main.o)
    0x08000190   0x08000190   0x0000005c   Code   RO         3883    !!!scatter          c_w.l(__scatter.o)
    0x080001ec   0x080001ec   0x00000064   Code   RO         3881    !!dclz77c           c_w.l(__dclz77c.o)
    0x08000250   0x08000250   0x00000002   Code   RO         3884    !!handler_null      c_w.l(__scatter.o)
    0x08000252   0x08000252   0x00000002   PAD
    0x08000254   0x08000254   0x0000001c   Code   RO         3887    !!handler_zi        c_w.l(__scatter_zi.o)
    0x08000270   0x08000270   0x00000000   Code   RO         3441    .ARM.Collect$$_printf_percent$$00000000  c_w.l(_printf_percent.o)
    0x08000270   0x08000270   0x00000006   Code   RO         3440    .ARM.Collect$$_printf_percent$$00000003  c_w.l(_printf_f.o)
    0x08000276   0x08000276   0x00000004   Code   RO         3578    .ARM.Collect$$_printf_percent$$00000017  c_w.l(_printf_percent_end.o)
    0x0800027a   0x0800027a   0x00000002   Code   RO         3744    .ARM.Collect$$libinit$$00000000  c_w.l(libinit.o)
    0x0800027c   0x0800027c   0x00000004   Code   RO         3745    .ARM.Collect$$libinit$$00000001  c_w.l(libinit2.o)
    0x08000280   0x08000280   0x00000000   Code   RO         3748    .ARM.Collect$$libinit$$00000004  c_w.l(libinit2.o)
    0x08000280   0x08000280   0x00000000   Code   RO         3750    .ARM.Collect$$libinit$$00000006  c_w.l(libinit2.o)
    0x08000280   0x08000280   0x00000000   Code   RO         3753    .ARM.Collect$$libinit$$0000000C  c_w.l(libinit2.o)
    0x08000280   0x08000280   0x00000000   Code   RO         3755    .ARM.Collect$$libinit$$0000000E  c_w.l(libinit2.o)
    0x08000280   0x08000280   0x00000000   Code   RO         3757    .ARM.Collect$$libinit$$00000010  c_w.l(libinit2.o)
    0x08000280   0x08000280   0x00000006   Code   RO         3758    .ARM.Collect$$libinit$$00000011  c_w.l(libinit2.o)
    0x08000286   0x08000286   0x00000000   Code   RO         3760    .ARM.Collect$$libinit$$00000013  c_w.l(libinit2.o)
    0x08000286   0x08000286   0x00000000   Code   RO         3762    .ARM.Collect$$libinit$$00000015  c_w.l(libinit2.o)
    0x08000286   0x08000286   0x00000000   Code   RO         3764    .ARM.Collect$$libinit$$00000017  c_w.l(libinit2.o)
    0x08000286   0x08000286   0x0000000a   Code   RO         3765    .ARM.Collect$$libinit$$00000018  c_w.l(libinit2.o)
    0x08000290   0x08000290   0x00000000   Code   RO         3766    .ARM.Collect$$libinit$$00000019  c_w.l(libinit2.o)
    0x08000290   0x08000290   0x00000000   Code   RO         3768    .ARM.Collect$$libinit$$0000001B  c_w.l(libinit2.o)
    0x08000290   0x08000290   0x00000000   Code   RO         3770    .ARM.Collect$$libinit$$0000001D  c_w.l(libinit2.o)
    0x08000290   0x08000290   0x00000000   Code   RO         3772    .ARM.Collect$$libinit$$0000001F  c_w.l(libinit2.o)
    0x08000290   0x08000290   0x00000000   Code   RO         3774    .ARM.Collect$$libinit$$00000021  c_w.l(libinit2.o)
    0x08000290   0x08000290   0x00000000   Code   RO         3776    .ARM.Collect$$libinit$$00000023  c_w.l(libinit2.o)
    0x08000290   0x08000290   0x00000000   Code   RO         3778    .ARM.Collect$$libinit$$00000025  c_w.l(libinit2.o)
    0x08000290   0x08000290   0x00000000   Code   RO         3780    .ARM.Collect$$libinit$$00000027  c_w.l(libinit2.o)
    0x08000290   0x08000290   0x00000000   Code   RO         3784    .ARM.Collect$$libinit$$0000002E  c_w.l(libinit2.o)
    0x08000290   0x08000290   0x00000000   Code   RO         3786    .ARM.Collect$$libinit$$00000030  c_w.l(libinit2.o)
    0x08000290   0x08000290   0x00000000   Code   RO         3788    .ARM.Collect$$libinit$$00000032  c_w.l(libinit2.o)
    0x08000290   0x08000290   0x00000000   Code   RO         3790    .ARM.Collect$$libinit$$00000034  c_w.l(libinit2.o)
    0x08000290   0x08000290   0x00000002   Code   RO         3791    .ARM.Collect$$libinit$$00000035  c_w.l(libinit2.o)
    0x08000292   0x08000292   0x00000002   Code   RO         3846    .ARM.Collect$$libshutdown$$00000000  c_w.l(libshutdown.o)
    0x08000294   0x08000294   0x00000000   Code   RO         3864    .ARM.Collect$$libshutdown$$00000002  c_w.l(libshutdown2.o)
    0x08000294   0x08000294   0x00000000   Code   RO         3866    .ARM.Collect$$libshutdown$$00000004  c_w.l(libshutdown2.o)
    0x08000294   0x08000294   0x00000000   Code   RO         3869    .ARM.Collect$$libshutdown$$00000007  c_w.l(libshutdown2.o)
    0x08000294   0x08000294   0x00000000   Code   RO         3872    .ARM.Collect$$libshutdown$$0000000A  c_w.l(libshutdown2.o)
    0x08000294   0x08000294   0x00000000   Code   RO         3874    .ARM.Collect$$libshutdown$$0000000C  c_w.l(libshutdown2.o)
    0x08000294   0x08000294   0x00000000   Code   RO         3877    .ARM.Collect$$libshutdown$$0000000F  c_w.l(libshutdown2.o)
    0x08000294   0x08000294   0x00000002   Code   RO         3878    .ARM.Collect$$libshutdown$$00000010  c_w.l(libshutdown2.o)
    0x08000296   0x08000296   0x00000000   Code   RO         3563    .ARM.Collect$$rtentry$$00000000  c_w.l(__rtentry.o)
    0x08000296   0x08000296   0x00000000   Code   RO         3654    .ARM.Collect$$rtentry$$00000002  c_w.l(__rtentry2.o)
    0x08000296   0x08000296   0x00000006   Code   RO         3666    .ARM.Collect$$rtentry$$00000004  c_w.l(__rtentry4.o)
    0x0800029c   0x0800029c   0x00000000   Code   RO         3656    .ARM.Collect$$rtentry$$00000009  c_w.l(__rtentry2.o)
    0x0800029c   0x0800029c   0x00000004   Code   RO         3657    .ARM.Collect$$rtentry$$0000000A  c_w.l(__rtentry2.o)
    0x080002a0   0x080002a0   0x00000000   Code   RO         3659    .ARM.Collect$$rtentry$$0000000C  c_w.l(__rtentry2.o)
    0x080002a0   0x080002a0   0x00000008   Code   RO         3660    .ARM.Collect$$rtentry$$0000000D  c_w.l(__rtentry2.o)
    0x080002a8   0x080002a8   0x00000002   Code   RO         3792    .ARM.Collect$$rtexit$$00000000  c_w.l(rtexit.o)
    0x080002aa   0x080002aa   0x00000000   Code   RO         3811    .ARM.Collect$$rtexit$$00000002  c_w.l(rtexit2.o)
    0x080002aa   0x080002aa   0x00000004   Code   RO         3812    .ARM.Collect$$rtexit$$00000003  c_w.l(rtexit2.o)
    0x080002ae   0x080002ae   0x00000006   Code   RO         3813    .ARM.Collect$$rtexit$$00000004  c_w.l(rtexit2.o)
    0x080002b4   0x080002b4   0x00000040   Code   RO            4    .text               startup_stm32f407xx.o
    0x080002f4   0x080002f4   0x000000f0   Code   RO         3408    .text               c_w.l(lludivv7m.o)
    0x080003e4   0x080003e4   0x00000028   Code   RO         3414    .text               c_w.l(noretval__2sprintf.o)
    0x0800040c   0x0800040c   0x0000004e   Code   RO         3418    .text               c_w.l(_printf_pad.o)
    0x0800045a   0x0800045a   0x0000010e   Code   RO         3428    .text               c_w.l(__printf_wp.o)
    0x08000568   0x08000568   0x0000008a   Code   RO         3444    .text               c_w.l(rt_memcpy_v6.o)
    0x080005f2   0x080005f2   0x00000064   Code   RO         3446    .text               c_w.l(rt_memcpy_w.o)
    0x08000656   0x08000656   0x0000004e   Code   RO         3452    .text               c_w.l(rt_memclr_w.o)
    0x080006a4   0x080006a4   0x00000006   Code   RO         3454    .text               c_w.l(heapauxi.o)
    0x080006aa   0x080006aa   0x0000041c   Code   RO         3570    .text               c_w.l(_printf_fp_dec.o)
    0x08000ac6   0x08000ac6   0x00000002   PAD
    0x08000ac8   0x08000ac8   0x00000030   Code   RO         3574    .text               c_w.l(_printf_char_common.o)
    0x08000af8   0x08000af8   0x0000000a   Code   RO         3576    .text               c_w.l(_sputc.o)
    0x08000b02   0x08000b02   0x00000002   PAD
    0x08000b04   0x08000b04   0x00000008   Code   RO         3673    .text               c_w.l(rt_locale_intlibspace.o)
    0x08000b0c   0x08000b0c   0x0000008a   Code   RO         3680    .text               c_w.l(lludiv10.o)
    0x08000b96   0x08000b96   0x00000002   PAD
    0x08000b98   0x08000b98   0x00000080   Code   RO         3682    .text               c_w.l(_printf_fp_infnan.o)
    0x08000c18   0x08000c18   0x000000e4   Code   RO         3686    .text               c_w.l(bigflt0.o)
    0x08000cfc   0x08000cfc   0x00000008   Code   RO         3724    .text               c_w.l(libspace.o)
    0x08000d04   0x08000d04   0x0000004a   Code   RO         3727    .text               c_w.l(sys_stackheap_outer.o)
    0x08000d4e   0x08000d4e   0x00000012   Code   RO         3731    .text               c_w.l(exit.o)
    0x08000d60   0x08000d60   0x0000007c   Code   RO         3737    .text               c_w.l(strcmpv7em.o)
    0x08000ddc   0x08000ddc   0x0000000c   Code   RO         3806    .text               c_w.l(sys_exit.o)
    0x08000de8   0x08000de8   0x00000002   Code   RO         3833    .text               c_w.l(use_no_semi.o)
    0x08000dea   0x08000dea   0x00000000   Code   RO         3835    .text               c_w.l(indicate_semi.o)
    0x08000dea   0x08000dea   0x00000002   PAD
    0x08000dec   0x08000dec   0x0000006e   Code   RO          241    .text.ADC_DMAConvCplt  stm32f4xx_hal_adc.o
    0x08000e5a   0x08000e5a   0x00000002   PAD
    0x08000e5c   0x08000e5c   0x00000012   Code   RO          245    .text.ADC_DMAError  stm32f4xx_hal_adc.o
    0x08000e6e   0x08000e6e   0x00000002   PAD
    0x08000e70   0x08000e70   0x00000006   Code   RO          243    .text.ADC_DMAHalfConvCplt  stm32f4xx_hal_adc.o
    0x08000e76   0x08000e76   0x00000002   PAD
    0x08000e78   0x08000e78   0x00000002   Code   RO          176    .text.BusFault_Handler  stm32f4xx_it.o
    0x08000e7a   0x08000e7a   0x00000002   PAD
    0x08000e7c   0x08000e7c   0x0000000a   Code   RO         1357    .text.Button_GetEvent  button.o
    0x08000e86   0x08000e86   0x00000002   PAD
    0x08000e88   0x08000e88   0x00000020   Code   RO         1353    .text.Button_Init   button.o
    0x08000ea8   0x08000ea8   0x0000007c   Code   RO         1355    .text.Button_Update  button.o
    0x08000f24   0x08000f24   0x0000000c   Code   RO          194    .text.DMA2_Stream0_IRQHandler  stm32f4xx_it.o
    0x08000f30   0x08000f30   0x00000430   Code   RO         1294    .text.DMA_U16_Filter_ClippedAverage_MedianBase  filter.o
    0x08001360   0x08001360   0x00000002   Code   RO          182    .text.DebugMon_Handler  stm32f4xx_it.o
    0x08001362   0x08001362   0x00000002   PAD
    0x08001364   0x08001364   0x00000006   Code   RO           37    .text.Error_Handler  main.o
    0x0800136a   0x0800136a   0x00000002   PAD
    0x0800136c   0x0800136c   0x000000fa   Code   RO          366    .text.FLASH_WaitForLastOperation  stm32f4xx_hal_flash.o
    0x08001466   0x08001466   0x00000002   PAD
    0x08001468   0x08001468   0x00000144   Code   RO          253    .text.HAL_ADC_ConfigChannel  stm32f4xx_hal_adc.o
    0x080015ac   0x080015ac   0x0000001e   Code   RO           47    .text.HAL_ADC_ConvCpltCallback  main.o
    0x080015ca   0x080015ca   0x00000002   PAD
    0x080015cc   0x080015cc   0x00000002   Code   RO          251    .text.HAL_ADC_ConvHalfCpltCallback  stm32f4xx_hal_adc.o
    0x080015ce   0x080015ce   0x00000002   PAD
    0x080015d0   0x080015d0   0x00000002   Code   RO          237    .text.HAL_ADC_ErrorCallback  stm32f4xx_hal_adc.o
    0x080015d2   0x080015d2   0x00000002   PAD
    0x080015d4   0x080015d4   0x0000015c   Code   RO          211    .text.HAL_ADC_Init  stm32f4xx_hal_adc.o
    0x08001730   0x08001730   0x000000ae   Code   RO           87    .text.HAL_ADC_MspInit  adc.o
    0x080017de   0x080017de   0x00000002   PAD
    0x080017e0   0x080017e0   0x000001a2   Code   RO          239    .text.HAL_ADC_Start_DMA  stm32f4xx_hal_adc.o
    0x08001982   0x08001982   0x00000002   PAD
    0x08001984   0x08001984   0x000001c4   Code   RO          470    .text.HAL_DMA_IRQHandler  stm32f4xx_hal_dma.o
    0x08001b48   0x08001b48   0x00000162   Code   RO          456    .text.HAL_DMA_Init  stm32f4xx_hal_dma.o
    0x08001caa   0x08001caa   0x00000002   PAD
    0x08001cac   0x08001cac   0x000000a2   Code   RO          462    .text.HAL_DMA_Start_IT  stm32f4xx_hal_dma.o
    0x08001d4e   0x08001d4e   0x00000002   PAD
    0x08001d50   0x08001d50   0x00000028   Code   RO          623    .text.HAL_Delay     stm32f4xx_hal.o
    0x08001d78   0x08001d78   0x0000018a   Code   RO          397    .text.HAL_FLASHEx_Erase  stm32f4xx_hal_flash_ex.o
    0x08001f02   0x08001f02   0x00000002   PAD
    0x08001f04   0x08001f04   0x00000014   Code   RO          378    .text.HAL_FLASH_Lock  stm32f4xx_hal_flash.o
    0x08001f18   0x08001f18   0x000000da   Code   RO          364    .text.HAL_FLASH_Program  stm32f4xx_hal_flash.o
    0x08001ff2   0x08001ff2   0x00000002   PAD
    0x08001ff4   0x08001ff4   0x0000002e   Code   RO          376    .text.HAL_FLASH_Unlock  stm32f4xx_hal_flash.o
    0x08002022   0x08002022   0x00000002   PAD
    0x08002024   0x08002024   0x0000019e   Code   RO          418    .text.HAL_GPIO_Init  stm32f4xx_hal_gpio.o
    0x080021c2   0x080021c2   0x00000002   PAD
    0x080021c4   0x080021c4   0x0000000a   Code   RO          422    .text.HAL_GPIO_ReadPin  stm32f4xx_hal_gpio.o
    0x080021ce   0x080021ce   0x00000002   PAD
    0x080021d0   0x080021d0   0x0000000a   Code   RO          424    .text.HAL_GPIO_WritePin  stm32f4xx_hal_gpio.o
    0x080021da   0x080021da   0x00000002   PAD
    0x080021dc   0x080021dc   0x0000000c   Code   RO          615    .text.HAL_GetTick   stm32f4xx_hal.o
    0x080021e8   0x080021e8   0x00000164   Code   RO          693    .text.HAL_I2C_Init  stm32f4xx_hal_i2c.o
    0x0800234c   0x0800234c   0x0000015c   Code   RO          737    .text.HAL_I2C_Mem_Write  stm32f4xx_hal_i2c.o
    0x080024a8   0x080024a8   0x00000074   Code   RO          112    .text.HAL_I2C_MspInit  i2c.o
    0x0800251c   0x0800251c   0x0000001a   Code   RO          613    .text.HAL_IncTick   stm32f4xx_hal.o
    0x08002536   0x08002536   0x00000002   PAD
    0x08002538   0x08002538   0x00000036   Code   RO          603    .text.HAL_Init      stm32f4xx_hal.o
    0x0800256e   0x0800256e   0x00000002   PAD
    0x08002570   0x08002570   0x00000048   Code   RO          605    .text.HAL_InitTick  stm32f4xx_hal.o
    0x080025b8   0x080025b8   0x00000038   Code   RO          203    .text.HAL_MspInit   stm32f4xx_hal_msp.o
    0x080025f0   0x080025f0   0x00000022   Code   RO          555    .text.HAL_NVIC_EnableIRQ  stm32f4xx_hal_cortex.o
    0x08002612   0x08002612   0x00000002   PAD
    0x08002614   0x08002614   0x00000056   Code   RO          553    .text.HAL_NVIC_SetPriority  stm32f4xx_hal_cortex.o
    0x0800266a   0x0800266a   0x00000002   PAD
    0x0800266c   0x0800266c   0x00000020   Code   RO          551    .text.HAL_NVIC_SetPriorityGrouping  stm32f4xx_hal_cortex.o
    0x0800268c   0x0800268c   0x00000164   Code   RO          312    .text.HAL_RCC_ClockConfig  stm32f4xx_hal_rcc.o
    0x080027f0   0x080027f0   0x00000026   Code   RO          324    .text.HAL_RCC_GetPCLK1Freq  stm32f4xx_hal_rcc.o
    0x08002816   0x08002816   0x00000002   PAD
    0x08002818   0x08002818   0x00000026   Code   RO          326    .text.HAL_RCC_GetPCLK2Freq  stm32f4xx_hal_rcc.o
    0x0800283e   0x0800283e   0x00000002   PAD
    0x08002840   0x08002840   0x0000006c   Code   RO          314    .text.HAL_RCC_GetSysClockFreq  stm32f4xx_hal_rcc.o
    0x080028ac   0x080028ac   0x000003ac   Code   RO          310    .text.HAL_RCC_OscConfig  stm32f4xx_hal_rcc.o
    0x08002c58   0x08002c58   0x0000002c   Code   RO          563    .text.HAL_SYSTICK_Config  stm32f4xx_hal_cortex.o
    0x08002c84   0x08002c84   0x00000002   Code   RO         1137    .text.HAL_TIMEx_BreakCallback  stm32f4xx_hal_tim_ex.o
    0x08002c86   0x08002c86   0x00000002   PAD
    0x08002c88   0x08002c88   0x00000002   Code   RO         1133    .text.HAL_TIMEx_CommutCallback  stm32f4xx_hal_tim_ex.o
    0x08002c8a   0x08002c8a   0x00000002   PAD
    0x08002c8c   0x08002c8c   0x0000004c   Code   RO         1129    .text.HAL_TIMEx_ConfigBreakDeadTime  stm32f4xx_hal_tim_ex.o
    0x08002cd8   0x08002cd8   0x000000ba   Code   RO         1127    .text.HAL_TIMEx_MasterConfigSynchronization  stm32f4xx_hal_tim_ex.o
    0x08002d92   0x08002d92   0x00000002   PAD
    0x08002d94   0x08002d94   0x000000fe   Code   RO         1097    .text.HAL_TIMEx_PWMN_Start  stm32f4xx_hal_tim_ex.o
    0x08002e92   0x08002e92   0x00000002   PAD
    0x08002e94   0x08002e94   0x0000005a   Code   RO          832    .text.HAL_TIM_Base_Init  stm32f4xx_hal_tim.o
    0x08002eee   0x08002eee   0x00000002   PAD
    0x08002ef0   0x08002ef0   0x000000ae   Code   RO          137    .text.HAL_TIM_Base_MspInit  tim.o
    0x08002f9e   0x08002f9e   0x00000002   PAD
    0x08002fa0   0x08002fa0   0x000000aa   Code   RO          846    .text.HAL_TIM_Base_Start_IT  stm32f4xx_hal_tim.o
    0x0800304a   0x0800304a   0x00000002   PAD
    0x0800304c   0x0800304c   0x000001a0   Code   RO         1012    .text.HAL_TIM_ConfigClockSource  stm32f4xx_hal_tim.o
    0x080031ec   0x080031ec   0x00000002   Code   RO          968    .text.HAL_TIM_IC_CaptureCallback  stm32f4xx_hal_tim.o
    0x080031ee   0x080031ee   0x00000002   PAD
    0x080031f0   0x080031f0   0x0000014e   Code   RO          966    .text.HAL_TIM_IRQHandler  stm32f4xx_hal_tim.o
    0x0800333e   0x0800333e   0x00000002   PAD
    0x08003340   0x08003340   0x00000128   Code   RO          127    .text.HAL_TIM_MspPostInit  tim.o
    0x08003468   0x08003468   0x00000002   Code   RO          970    .text.HAL_TIM_OC_DelayElapsedCallback  stm32f4xx_hal_tim.o
    0x0800346a   0x0800346a   0x00000002   PAD
    0x0800346c   0x0800346c   0x00000220   Code   RO          986    .text.HAL_TIM_PWM_ConfigChannel  stm32f4xx_hal_tim.o
    0x0800368c   0x0800368c   0x0000005a   Code   RO          886    .text.HAL_TIM_PWM_Init  stm32f4xx_hal_tim.o
    0x080036e6   0x080036e6   0x00000002   PAD
    0x080036e8   0x080036e8   0x00000032   Code   RO          135    .text.HAL_TIM_PWM_MspInit  tim.o
    0x0800371a   0x0800371a   0x00000002   PAD
    0x0800371c   0x0800371c   0x00000002   Code   RO          972    .text.HAL_TIM_PWM_PulseFinishedCallback  stm32f4xx_hal_tim.o
    0x0800371e   0x0800371e   0x00000002   PAD
    0x08003720   0x08003720   0x0000010e   Code   RO          894    .text.HAL_TIM_PWM_Start  stm32f4xx_hal_tim.o
    0x0800382e   0x0800382e   0x00000002   PAD
    0x08003830   0x08003830   0x00000150   Code   RO           39    .text.HAL_TIM_PeriodElapsedCallback  main.o
    0x08003980   0x08003980   0x00000002   Code   RO          976    .text.HAL_TIM_TriggerCallback  stm32f4xx_hal_tim.o
    0x08003982   0x08003982   0x00000002   PAD
    0x08003984   0x08003984   0x00000060   Code   RO         1151    .text.HAL_UART_Init  stm32f4xx_hal_uart.o
    0x080039e4   0x080039e4   0x00000076   Code   RO          157    .text.HAL_UART_MspInit  usart.o
    0x08003a5a   0x08003a5a   0x00000002   PAD
    0x08003a5c   0x08003a5c   0x00000002   Code   RO          172    .text.HardFault_Handler  stm32f4xx_it.o
    0x08003a5e   0x08003a5e   0x00000002   PAD
    0x08003a60   0x08003a60   0x000000c8   Code   RO          739    .text.I2C_RequestMemoryWrite  stm32f4xx_hal_i2c.o
    0x08003b28   0x08003b28   0x000000ba   Code   RO          707    .text.I2C_WaitOnBTFFlagUntilTimeout  stm32f4xx_hal_i2c.o
    0x08003be2   0x08003be2   0x00000002   PAD
    0x08003be4   0x08003be4   0x000001ca   Code   RO          703    .text.I2C_WaitOnFlagUntilTimeout  stm32f4xx_hal_i2c.o
    0x08003dae   0x08003dae   0x00000002   PAD
    0x08003db0   0x08003db0   0x000000d6   Code   RO          821    .text.I2C_WaitOnMasterAddressFlagUntilTimeout  stm32f4xx_hal_i2c.o
    0x08003e86   0x08003e86   0x00000002   PAD
    0x08003e88   0x08003e88   0x000000ba   Code   RO          705    .text.I2C_WaitOnTXEFlagUntilTimeout  stm32f4xx_hal_i2c.o
    0x08003f42   0x08003f42   0x00000002   PAD
    0x08003f44   0x08003f44   0x0000008e   Code   RO           85    .text.MX_ADC1_Init  adc.o
    0x08003fd2   0x08003fd2   0x00000002   PAD
    0x08003fd4   0x08003fd4   0x00000038   Code   RO          101    .text.MX_DMA_Init   dma.o
    0x0800400c   0x0800400c   0x000000c0   Code   RO           76    .text.MX_GPIO_Init  gpio.o
    0x080040cc   0x080040cc   0x00000042   Code   RO          110    .text.MX_I2C1_Init  i2c.o
    0x0800410e   0x0800410e   0x00000002   PAD
    0x08004110   0x08004110   0x0000010e   Code   RO          125    .text.MX_TIM1_Init  tim.o
    0x0800421e   0x0800421e   0x00000002   PAD
    0x08004220   0x08004220   0x00000072   Code   RO          129    .text.MX_TIM2_Init  tim.o
    0x08004292   0x08004292   0x00000002   PAD
    0x08004294   0x08004294   0x00000074   Code   RO          131    .text.MX_TIM5_Init  tim.o
    0x08004308   0x08004308   0x00000146   Code   RO          133    .text.MX_TIM8_Init  tim.o
    0x0800444e   0x0800444e   0x00000002   PAD
    0x08004450   0x08004450   0x0000003c   Code   RO          155    .text.MX_USART1_UART_Init  usart.o
    0x0800448c   0x0800448c   0x00000002   Code   RO          174    .text.MemManage_Handler  stm32f4xx_it.o
    0x0800448e   0x0800448e   0x00000002   PAD
    0x08004490   0x08004490   0x00000002   Code   RO          170    .text.NMI_Handler   stm32f4xx_it.o
    0x08004492   0x08004492   0x00000002   PAD
    0x08004494   0x08004494   0x000000ac   Code   RO         1319    .text.OLED_Clear    oled.o
    0x08004540   0x08004540   0x0000006a   Code   RO         1323    .text.OLED_Display_On  oled.o
    0x080045aa   0x080045aa   0x00000002   PAD
    0x080045ac   0x080045ac   0x00000010   Code   RO         1317    .text.OLED_Init     oled.o
    0x080045bc   0x080045bc   0x000003a8   Code   RO         1333    .text.OLED_ShowChar  oled.o
    0x08004964   0x08004964   0x00000040   Code   RO         1337    .text.OLED_ShowString  oled.o
    0x080049a4   0x080049a4   0x00000002   Code   RO          184    .text.PendSV_Handler  stm32f4xx_it.o
    0x080049a6   0x080049a6   0x00000002   PAD
    0x080049a8   0x080049a8   0x00000002   Code   RO          180    .text.SVC_Handler   stm32f4xx_it.o
    0x080049aa   0x080049aa   0x00000002   PAD
    0x080049ac   0x080049ac   0x00000004   Code   RO          186    .text.SysTick_Handler  stm32f4xx_it.o
    0x080049b0   0x080049b0   0x000000a8   Code   RO           13    .text.SystemClock_Config  main.o
    0x08004a58   0x08004a58   0x00000012   Code   RO         1273    .text.SystemInit    system_stm32f4xx.o
    0x08004a6a   0x08004a6a   0x00000002   PAD
    0x08004a6c   0x08004a6c   0x0000000c   Code   RO          188    .text.TIM2_IRQHandler  stm32f4xx_it.o
    0x08004a78   0x08004a78   0x0000000c   Code   RO          192    .text.TIM5_IRQHandler  stm32f4xx_it.o
    0x08004a84   0x08004a84   0x0000000c   Code   RO          190    .text.TIM8_UP_TIM13_IRQHandler  stm32f4xx_it.o
    0x08004a90   0x08004a90   0x0000013a   Code   RO          836    .text.TIM_Base_SetConfig  stm32f4xx_hal_tim.o
    0x08004bca   0x08004bca   0x00000002   PAD
    0x08004bcc   0x08004bcc   0x000000e6   Code   RO         1155    .text.UART_SetConfig  stm32f4xx_hal_uart.o
    0x08004cb2   0x08004cb2   0x00000002   PAD
    0x08004cb4   0x08004cb4   0x00000002   Code   RO          178    .text.UsageFault_Handler  stm32f4xx_it.o
    0x08004cb6   0x08004cb6   0x00000002   PAD
    0x08004cb8   0x08004cb8   0x0000025e   Code   RO         1311    .text.WriteCmd      oled.o
    0x08004f16   0x08004f16   0x00000002   PAD
    0x08004f18   0x08004f18   0x00000152   Code   RO         1399    .text.WriteFlashData  flash.o
    0x0800506a   0x0800506a   0x00000006   PAD
    0x08005070   0x08005070   0x0000066c   Code   RO           25    .text.button_ui_update  main.o
    0x080056dc   0x080056dc   0x0000007c   Code   RO           51    .text.display_array  main.o
    0x08005758   0x08005758   0x00000124   Code   RO           55    .text.display_setting_info  main.o
    0x0800587c   0x0800587c   0x0000007c   Code   RO           53    .text.display_star  main.o
    0x080058f8   0x080058f8   0x00000268   Code   RO           43    .text.get_duty      main.o
    0x08005b60   0x08005b60   0x00000c1c   Code   RO           11    .text.main          main.o
    0x0800677c   0x0800677c   0x00000076   Code   RO           17    .text.pwm_start     main.o
    0x080067f2   0x080067f2   0x0000003e   Code   RO         3689    CL$$btod_d2e        c_w.l(btod.o)
    0x08006830   0x08006830   0x00000046   Code   RO         3691    CL$$btod_d2e_denorm_low  c_w.l(btod.o)
    0x08006876   0x08006876   0x00000060   Code   RO         3690    CL$$btod_d2e_norm_op1  c_w.l(btod.o)
    0x080068d6   0x080068d6   0x00000002   PAD
    0x080068d8   0x080068d8   0x00000338   Code   RO         3699    CL$$btod_div_common  c_w.l(btod.o)
    0x08006c10   0x08006c10   0x000000dc   Code   RO         3696    CL$$btod_e2e        c_w.l(btod.o)
    0x08006cec   0x08006cec   0x0000002a   Code   RO         3693    CL$$btod_ediv       c_w.l(btod.o)
    0x08006d16   0x08006d16   0x0000002a   Code   RO         3692    CL$$btod_emul       c_w.l(btod.o)
    0x08006d40   0x08006d40   0x00000244   Code   RO         3698    CL$$btod_mult_common  c_w.l(btod.o)
    0x08006f84   0x08006f84   0x00000030   Code   RO         3621    i.__ARM_fpclassify  m_wm.l(fpclassify.o)
    0x08006fb4   0x08006fb4   0x0000009a   Code   RO         3559    i.__hardfp_roundf   m_wm.l(roundf.o)
    0x0800704e   0x0800704e   0x0000000e   Code   RO         3430    i._is_digit         c_w.l(__printf_wp.o)
    0x0800705c   0x0800705c   0x0000002c   Code   RO         3714    locale$$code        c_w.l(lc_numeric_c.o)
    0x08007088   0x08007088   0x00000062   Code   RO         3458    x$fpl$d2f           fz_wm.l(d2f.o)
    0x080070ea   0x080070ea   0x00000002   PAD
    0x080070ec   0x080070ec   0x00000150   Code   RO         3462    x$fpl$dadd          fz_wm.l(daddsub_clz.o)
    0x0800723c   0x0800723c   0x0000009c   Code   RO         3587    x$fpl$dnaninf       fz_wm.l(dnaninf.o)
    0x080072d8   0x080072d8   0x0000000c   Code   RO         3589    x$fpl$dretinf       fz_wm.l(dretinf.o)
    0x080072e4   0x080072e4   0x000001dc   Code   RO         3464    x$fpl$dsub          fz_wm.l(daddsub_clz.o)
    0x080074c0   0x080074c0   0x00000056   Code   RO         3490    x$fpl$f2d           fz_wm.l(f2d.o)
    0x08007516   0x08007516   0x0000008c   Code   RO         3595    x$fpl$fnaninf       fz_wm.l(fnaninf.o)
    0x080075a2   0x080075a2   0x0000001a   Code   RO         3804    x$fpl$fpinit        fz_wm.l(fpinit.o)
    0x080075bc   0x080075bc   0x0000000a   Code   RO         3597    x$fpl$fretinf       fz_wm.l(fretinf.o)
    0x080075c6   0x080075c6   0x00000002   PAD
    0x080075c8   0x080075c8   0x00000060   Code   RO         3599    x$fpl$frnd          fz_wm.l(frnd.o)
    0x08007628   0x08007628   0x00000004   Code   RO         3492    x$fpl$printf1       fz_wm.l(printf1.o)
    0x0800762c   0x0800762c   0x00000000   Code   RO         3603    x$fpl$usenofp       fz_wm.l(usenofp.o)
    0x0800762c   0x0800762c   0x00000094   Data   RO         3687    .constdata          c_w.l(bigflt0.o)
    0x080076c0   0x080076c0   0x00000010   Data   RO         1278    .rodata.AHBPrescTable  system_stm32f4xx.o
    0x080076d0   0x080076d0   0x00000008   Data   RO         1279    .rodata.APBPrescTable  system_stm32f4xx.o
    0x080076d8   0x080076d8   0x00000228   Data   RO         1341    .rodata.F6x8        oled.o
    0x08007900   0x08007900   0x000005f0   Data   RO         1342    .rodata.F8x16       oled.o
    0x08007ef0   0x08007ef0   0x00000008   Data   RO          480    .rodata.cst8        stm32f4xx_hal_dma.o
    0x08007ef8   0x08007ef8   0x00000068   Data   RO           60    .rodata.oled_string_group  main.o
    0x08007f60   0x08007f60   0x0000000e   Data   RO           62    .rodata.str1.1      main.o
    0x08007f6e   0x08007f6e   0x00000002   PAD
    0x08007f70   0x08007f70   0x00000020   Data   RO         3880    Region$$Table       anon$$obj.o
    0x08007f90   0x08007f90   0x0000001c   Data   RO         3713    locale$$data        c_w.l(lc_numeric_c.o)


    Execution Region RW_IRAM1 (Exec base: 0x20000000, Load base: 0x08007fb0, Size: 0x000049e8, Max: 0x0001c000, ABSOLUTE, COMPRESSED[0x00000dc8])

    Exec Addr    Load Addr    Size         Type   Attr      Idx    E Section Name        Object

    0x20000000   COMPRESSED   0x00000008   Data   RW          658    .data..L_MergedGlobals  stm32f4xx_hal.o
    0x20000008   COMPRESSED   0x0000001b   Data   RW         1343    .data.CMD_Data      oled.o
    0x20000023   COMPRESSED   0x00000001   PAD
    0x20000024   COMPRESSED   0x00000004   Data   RW         1277    .data.SystemCoreClock  system_stm32f4xx.o
    0x20000028   COMPRESSED   0x00000004   Data   RW           63    .data.display_array.array  main.o
    0x2000002c   COMPRESSED   0x00000004   Data   RW           64    .data.display_star.array  main.o
    0x20000030   COMPRESSED   0x000012c0   Data   RW           58    .data.harmonic3_table  main.o
    0x200012f0   COMPRESSED   0x000012c0   Data   RW           57    .data.sin_table     main.o
    0x200025b0        -       0x00000060   Zero   RW         3725    .bss                c_w.l(libspace.o)
    0x20002610        -       0x00000078   Zero   RW           66    .bss..L_MergedGlobals  main.o
    0x20002688        -       0x00000060   Zero   RW           67    .bss..L_MergedGlobals.4  main.o
    0x200026e8        -       0x00000c80   Zero   RW           61    .bss.dma_buf        main.o
    0x20003368        -       0x00000048   Zero   RW           91    .bss.hadc1          adc.o
    0x200033b0        -       0x00000060   Zero   RW           92    .bss.hdma_adc1      adc.o
    0x20003410        -       0x00000054   Zero   RW          116    .bss.hi2c1          i2c.o
    0x20003464        -       0x00000048   Zero   RW          143    .bss.htim1          tim.o
    0x200034ac        -       0x00000048   Zero   RW          144    .bss.htim2          tim.o
    0x200034f4        -       0x00000048   Zero   RW          145    .bss.htim5          tim.o
    0x2000353c        -       0x00000048   Zero   RW          146    .bss.htim8          tim.o
    0x20003584        -       0x00000048   Zero   RW          161    .bss.huart1         usart.o
    0x200035cc        -       0x00000020   Zero   RW          388    .bss.pFlash         stm32f4xx_hal_flash.o
    0x200035ec        -       0x00000004   Zero   RW          657    .bss.uwTick         stm32f4xx_hal.o
    0x200035f0        -       0x00000df8   Zero   RW           59    .bss.v_ctrl         main.o
    0x200043e8        -       0x00000200   Zero   RW            2    HEAP                startup_stm32f407xx.o
    0x200045e8        -       0x00000400   Zero   RW            1    STACK               startup_stm32f407xx.o


    Execution Region RW_IRAM2 (Exec base: 0x2001c000, Load base: 0x08008d78, Size: 0x00000000, Max: 0x00004000, ABSOLUTE)

    **** No section assigned to this execution region ****


==============================================================================

Image component sizes


      Code (inc. data)   RO Data    RW Data    ZI Data      Debug   Object Name

       316          0          0          0        168       5320   adc.o
       166          6          0          0          0       2637   button.o
        56          0          0          0          0       3453   dma.o
      1072         12          0          0          0       7130   filter.o
       338          0          0          0          0       2445   flash.o
       192          0          0          0          0       2184   gpio.o
       182          0          0          0         84       5225   i2c.o
      6558        174        118       9608       6992      27778   main.o
      1900          0       2072         27          0      12822   oled.o
        64         26        392          0       1536        836   startup_stm32f407xx.o
       204          0          0          8          4       7288   stm32f4xx_hal.o
      1228          0          0          0          0      12307   stm32f4xx_hal_adc.o
       196          0          0          0          0      10705   stm32f4xx_hal_cortex.o
       968          6          8          0          0      10517   stm32f4xx_hal_dma.o
       534          0          0          0         32       5575   stm32f4xx_hal_flash.o
       394          0          0          0          0       5815   stm32f4xx_hal_flash_ex.o
       434          0          0          0          0       5335   stm32f4xx_hal_gpio.o
      1948          0          0          0          0      44389   stm32f4xx_hal_i2c.o
        56          0          0          0          0       1443   stm32f4xx_hal_msp.o
      1480          0          0          0          0       7459   stm32f4xx_hal_rcc.o
      2236          6          0          0          0      57413   stm32f4xx_hal_tim.o
       520          0          0          0          0      21470   stm32f4xx_hal_tim_ex.o
       326          0          0          0          0      32228   stm32f4xx_hal_uart.o
        68          0          0          0          0       4746   stm32f4xx_it.o
        18          0         24          4          0       2572   system_stm32f4xx.o
      1346          0          0          0        288      10539   tim.o
       178          0          0          0         72       5043   usart.o

    ----------------------------------------------------------------------
     23110        230       2648       9648       9176     314674   Object Totals
         0          0         32          0          0          0   (incl. Generated)
       132          0          2          1          0          0   (incl. Padding)

    ----------------------------------------------------------------------

      Code (inc. data)   RO Data    RW Data    ZI Data      Debug   Library Member Name

       100          0          0          0          0          0   __dclz77c.o
         8          0          0          0          0         68   __main.o
       284          0          0          0          0        156   __printf_wp.o
         0          0          0          0          0          0   __rtentry.o
        12          0          0          0          0          0   __rtentry2.o
         6          0          0          0          0          0   __rtentry4.o
        94          8          0          0          0          0   __scatter.o
        28          0          0          0          0          0   __scatter_zi.o
        48          6          0          0          0         96   _printf_char_common.o
         6          0          0          0          0          0   _printf_f.o
      1052          0          0          0          0        148   _printf_fp_dec.o
       128         16          0          0          0         84   _printf_fp_infnan.o
        78          0          0          0          0        108   _printf_pad.o
         0          0          0          0          0          0   _printf_percent.o
         4          0          0          0          0          0   _printf_percent_end.o
        10          0          0          0          0         68   _sputc.o
       228          4        148          0          0         96   bigflt0.o
      1936        128          0          0          0        668   btod.o
        18          0          0          0          0         80   exit.o
         6          0          0          0          0        152   heapauxi.o
         0          0          0          0          0          0   indicate_semi.o
        44         10         28          0          0         76   lc_numeric_c.o
         2          0          0          0          0          0   libinit.o
        22          0          0          0          0          0   libinit2.o
         2          0          0          0          0          0   libshutdown.o
         2          0          0          0          0          0   libshutdown2.o
         8          4          0          0         96         68   libspace.o
       138          0          0          0          0         80   lludiv10.o
       240          0          0          0          0        100   lludivv7m.o
        40          6          0          0          0         84   noretval__2sprintf.o
         8          4          0          0          0         68   rt_locale_intlibspace.o
        78          0          0          0          0         80   rt_memclr_w.o
       138          0          0          0          0         68   rt_memcpy_v6.o
       100          0          0          0          0         80   rt_memcpy_w.o
         2          0          0          0          0          0   rtexit.o
        10          0          0          0          0          0   rtexit2.o
       124          0          0          0          0         88   strcmpv7em.o
        12          4          0          0          0         68   sys_exit.o
        74          0          0          0          0         80   sys_stackheap_outer.o
         2          0          0          0          0         68   use_no_semi.o
        98          4          0          0          0        140   d2f.o
       812         16          0          0          0        392   daddsub_clz.o
       156          4          0          0          0        140   dnaninf.o
        12          0          0          0          0        116   dretinf.o
        86          4          0          0          0        132   f2d.o
       140          4          0          0          0        132   fnaninf.o
        26          0          0          0          0        116   fpinit.o
        10          0          0          0          0        116   fretinf.o
        96          4          0          0          0        124   frnd.o
         4          0          0          0          0        116   printf1.o
         0          0          0          0          0          0   usenofp.o
        48          0          0          0          0        124   fpclassify.o
       154          0          0          0          0        140   roundf.o

    ----------------------------------------------------------------------
      6750        226        176          0         96       4520   Library Totals
        16          0          0          0          0          0   (incl. Padding)

    ----------------------------------------------------------------------

      Code (inc. data)   RO Data    RW Data    ZI Data      Debug   Library Name

      5092        190        176          0         96       2732   c_w.l
      1440         36          0          0          0       1524   fz_wm.l
       202          0          0          0          0        264   m_wm.l

    ----------------------------------------------------------------------
      6750        226        176          0         96       4520   Library Totals

    ----------------------------------------------------------------------

==============================================================================


      Code (inc. data)   RO Data    RW Data    ZI Data      Debug   

     29860        456       2824       9648       9272     316206   Grand Totals
     29860        456       2824       3528       9272     316206   ELF Image Totals (compressed)
     29860        456       2824       3528          0          0   ROM Totals

==============================================================================

    Total RO  Size (Code + RO Data)                32684 (  31.92kB)
    Total RW  Size (RW Data + ZI Data)             18920 (  18.48kB)
    Total ROM Size (Code + RO Data + RW Data)      36212 (  35.36kB)

==============================================================================

