Component: Arm Compiler for Embedded 6.22 Tool: armlink [5ee90200]

==============================================================================

Section Cross References

    startup_stm32f407xx.o(STACK) refers (Special) to heapauxi.o(.text) for __use_two_region_memory
    startup_stm32f407xx.o(HEAP) refers (Special) to heapauxi.o(.text) for __use_two_region_memory
    startup_stm32f407xx.o(RESET) refers (Special) to heapauxi.o(.text) for __use_two_region_memory
    startup_stm32f407xx.o(RESET) refers to startup_stm32f407xx.o(STACK) for __initial_sp
    startup_stm32f407xx.o(RESET) refers to startup_stm32f407xx.o(.text) for Reset_Handler
    startup_stm32f407xx.o(RESET) refers to stm32f4xx_it.o(.text.NMI_Handler) for NMI_Handler
    startup_stm32f407xx.o(RESET) refers to stm32f4xx_it.o(.text.HardFault_Handler) for HardFault_Handler
    startup_stm32f407xx.o(RESET) refers to stm32f4xx_it.o(.text.MemManage_Handler) for MemManage_Handler
    startup_stm32f407xx.o(RESET) refers to stm32f4xx_it.o(.text.BusFault_Handler) for BusFault_Handler
    startup_stm32f407xx.o(RESET) refers to stm32f4xx_it.o(.text.UsageFault_Handler) for UsageFault_Handler
    startup_stm32f407xx.o(RESET) refers to stm32f4xx_it.o(.text.SVC_Handler) for SVC_Handler
    startup_stm32f407xx.o(RESET) refers to stm32f4xx_it.o(.text.DebugMon_Handler) for DebugMon_Handler
    startup_stm32f407xx.o(RESET) refers to stm32f4xx_it.o(.text.PendSV_Handler) for PendSV_Handler
    startup_stm32f407xx.o(RESET) refers to stm32f4xx_it.o(.text.SysTick_Handler) for SysTick_Handler
    startup_stm32f407xx.o(RESET) refers to stm32f4xx_it.o(.text.TIM8_UP_TIM13_IRQHandler) for TIM8_UP_TIM13_IRQHandler
    startup_stm32f407xx.o(RESET) refers to stm32f4xx_it.o(.text.TIM5_IRQHandler) for TIM5_IRQHandler
    startup_stm32f407xx.o(RESET) refers to stm32f4xx_it.o(.text.DMA2_Stream0_IRQHandler) for DMA2_Stream0_IRQHandler
    startup_stm32f407xx.o(.text) refers (Special) to heapauxi.o(.text) for __use_two_region_memory
    startup_stm32f407xx.o(.text) refers to system_stm32f4xx.o(.text.SystemInit) for SystemInit
    startup_stm32f407xx.o(.text) refers to __main.o(!!!main) for __main
    startup_stm32f407xx.o(.text) refers to startup_stm32f407xx.o(HEAP) for Heap_Mem
    startup_stm32f407xx.o(.text) refers to startup_stm32f407xx.o(STACK) for Stack_Mem
    main.o(.text) refers (Special) to _printf_percent.o(.ARM.Collect$$_printf_percent$$00000000) for _printf_percent
    main.o(.text) refers (Special) to _printf_f.o(.ARM.Collect$$_printf_percent$$00000003) for _printf_f
    main.o(.text) refers (Special) to printf1.o(x$fpl$printf1) for _printf_fp_dec
    main.o(.text.main) refers (Special) to _printf_percent.o(.ARM.Collect$$_printf_percent$$00000000) for _printf_percent
    main.o(.text.main) refers (Special) to _printf_f.o(.ARM.Collect$$_printf_percent$$00000003) for _printf_f
    main.o(.text.main) refers (Special) to printf1.o(x$fpl$printf1) for _printf_fp_dec
    main.o(.text.main) refers to stm32f4xx_hal.o(.text.HAL_Init) for HAL_Init
    main.o(.text.main) refers to main.o(.text.SystemClock_Config) for SystemClock_Config
    main.o(.text.main) refers to gpio.o(.text.MX_GPIO_Init) for MX_GPIO_Init
    main.o(.text.main) refers to dma.o(.text.MX_DMA_Init) for MX_DMA_Init
    main.o(.text.main) refers to usart.o(.text.MX_USART1_UART_Init) for MX_USART1_UART_Init
    main.o(.text.main) refers to tim.o(.text.MX_TIM5_Init) for MX_TIM5_Init
    main.o(.text.main) refers to adc.o(.text.MX_ADC1_Init) for MX_ADC1_Init
    main.o(.text.main) refers to tim.o(.text.MX_TIM8_Init) for MX_TIM8_Init
    main.o(.text.main) refers to i2c.o(.text.MX_I2C1_Init) for MX_I2C1_Init
    main.o(.text.main) refers to main.o(.bss.v_ctrl) for v_ctrl
    main.o(.text.main) refers to rt_memclr_w.o(.text) for __aeabi_memclr4
    main.o(.text.main) refers to tim.o(.bss.htim8) for htim8
    main.o(.text.main) refers to stm32f4xx_hal_tim.o(.text.HAL_TIM_PWM_Start) for HAL_TIM_PWM_Start
    main.o(.text.main) refers to stm32f4xx_hal_tim_ex.o(.text.HAL_TIMEx_PWMN_Start) for HAL_TIMEx_PWMN_Start
    main.o(.text.main) refers to tim.o(.bss.htim5) for htim5
    main.o(.text.main) refers to stm32f4xx_hal_tim.o(.text.HAL_TIM_Base_Start_IT) for HAL_TIM_Base_Start_IT
    main.o(.text.main) refers to adc.o(.bss.hadc1) for hadc1
    main.o(.text.main) refers to stm32f4xx_hal_adc.o(.text.HAL_ADC_Start_DMA) for HAL_ADC_Start_DMA
    main.o(.text.main) refers to oled.o(.text.OLED_Init) for OLED_Init
    main.o(.text.main) refers to oled.o(.text.OLED_Display_On) for OLED_Display_On
    main.o(.text.main) refers to oled.o(.text.OLED_Clear) for OLED_Clear
    main.o(.text.main) refers to main.o(.rodata.oled_string_group) for oled_string_group
    main.o(.text.main) refers to oled.o(.text.OLED_ShowString) for OLED_ShowString
    main.o(.text.main) refers to main.o(.bss..L_MergedGlobals) for .L_MergedGlobals
    main.o(.text.main) refers to button.o(.text.Button_Init) for Button_Init
[...]
    .ARM.Collect$$libshutdown$$0000000F      0x08000294   Section        0  libshutdown2.o(.ARM.Collect$$libshutdown$$0000000F)
    .ARM.Collect$$libshutdown$$00000010      0x08000294   Section        2  libshutdown2.o(.ARM.Collect$$libshutdown$$00000010)
    .ARM.Collect$$rtentry$$00000000          0x08000296   Section        0  __rtentry.o(.ARM.Collect$$rtentry$$00000000)
    .ARM.Collect$$rtentry$$00000002          0x08000296   Section        0  __rtentry2.o(.ARM.Collect$$rtentry$$00000002)
    .ARM.Collect$$rtentry$$00000004          0x08000296   Section        6  __rtentry4.o(.ARM.Collect$$rtentry$$00000004)
    .ARM.Collect$$rtentry$$00000009          0x0800029c   Section        0  __rtentry2.o(.ARM.Collect$$rtentry$$00000009)
    .ARM.Collect$$rtentry$$0000000A          0x0800029c   Section        4  __rtentry2.o(.ARM.Collect$$rtentry$$0000000A)
    .ARM.Collect$$rtentry$$0000000C          0x080002a0   Section        0  __rtentry2.o(.ARM.Collect$$rtentry$$0000000C)
    .ARM.Collect$$rtentry$$0000000D          0x080002a0   Section        8  __rtentry2.o(.ARM.Collect$$rtentry$$0000000D)
    .ARM.Collect$$rtexit$$00000000           0x080002a8   Section        2  rtexit.o(.ARM.Collect$$rtexit$$00000000)
    .ARM.Collect$$rtexit$$00000002           0x080002aa   Section        0  rtexit2.o(.ARM.Collect$$rtexit$$00000002)
    .ARM.Collect$$rtexit$$00000003           0x080002aa   Section        4  rtexit2.o(.ARM.Collect$$rtexit$$00000003)
    .ARM.Collect$$rtexit$$00000004           0x080002ae   Section        6  rtexit2.o(.ARM.Collect$$rtexit$$00000004)
    $v0                                      0x080002b4   Number         0  startup_stm32f407xx.o(.text)
    .text                                    0x080002b4   Section       64  startup_stm32f407xx.o(.text)
    .text                                    0x080002f4   Section      240  lludivv7m.o(.text)
    .text                                    0x080003e4   Section        0  noretval__2sprintf.o(.text)
    .text                                    0x0800040c   Section        0  __printf_wp.o(.text)
    .text                                    0x0800051a   Section       78  rt_memclr_w.o(.text)
    .text                                    0x08000568   Section        0  heapauxi.o(.text)
    _fp_digits                               0x0800056f   Thumb Code   432  _printf_fp_dec.o(.text)
    .text                                    0x0800056e   Section        0  _printf_fp_dec.o(.text)
    _printf_input_char                       0x0800098d   Thumb Code    10  _printf_char_common.o(.text)
    .text                                    0x0800098c   Section        0  _printf_char_common.o(.text)
    .text                                    0x080009bc   Section        0  _sputc.o(.text)
    .text                                    0x080009c8   Section        8  rt_locale_intlibspace.o(.text)
    .text                                    0x080009d0   Section      138  lludiv10.o(.text)
    .text                                    0x08000a5c   Section        0  _printf_fp_infnan.o(.text)
    .text                                    0x08000adc   Section        0  bigflt0.o(.text)
    .text                                    0x08000bc0   Section        8  libspace.o(.text)
    .text                                    0x08000bc8   Section       74  sys_stackheap_outer.o(.text)
    .text                                    0x08000c12   Section        0  exit.o(.text)
    .text                                    0x08000c28   Section      124  strcmpv7em.o(.text)
    .text                                    0x08000ca4   Section        0  sys_exit.o(.text)
    .text                                    0x08000cb0   Section        2  use_no_semi.o(.text)
    .text                                    0x08000cb2   Section        0  indicate_semi.o(.text)
    ADC_DMAConvCplt                          0x08000cb5   Thumb Code   110  stm32f4xx_hal_adc.o(.text.ADC_DMAConvCplt)
    [Anonymous Symbol]                       0x08000cb4   Section        0  stm32f4xx_hal_adc.o(.text.ADC_DMAConvCplt)
    ADC_DMAError                             0x08000d25   Thumb Code    18  stm32f4xx_hal_adc.o(.text.ADC_DMAError)
    [Anonymous Symbol]                       0x08000d24   Section        0  stm32f4xx_hal_adc.o(.text.ADC_DMAError)
    ADC_DMAHalfConvCplt                      0x08000d39   Thumb Code     6  stm32f4xx_hal_adc.o(.text.ADC_DMAHalfConvCplt)
    [Anonymous Symbol]                       0x08000d38   Section        0  stm32f4xx_hal_adc.o(.text.ADC_DMAHalfConvCplt)
    [Anonymous Symbol]                       0x08000d40   Section        0  stm32f4xx_it.o(.text.BusFault_Handler)
    [Anonymous Symbol]                       0x08000d44   Section        0  button.o(.text.Button_GetEvent)
    [Anonymous Symbol]                       0x08000d50   Section        0  button.o(.text.Button_Init)
    [Anonymous Symbol]                       0x08000d70   Section        0  button.o(.text.Button_Update)
    [Anonymous Symbol]                       0x08000dec   Section        0  stm32f4xx_it.o(.text.DMA2_Stream0_IRQHandler)
    [Anonymous Symbol]                       0x08000df8   Section        0  stm32f4xx_it.o(.text.DebugMon_Handler)
    [Anonymous Symbol]                       0x08000dfc   Section        0  main.o(.text.Error_Handler)
    [Anonymous Symbol]                       0x08000e04   Section        0  stm32f4xx_hal_adc.o(.text.HAL_ADC_ConfigChannel)
    [Anonymous Symbol]                       0x08000f48   Section        0  main.o(.text.HAL_ADC_ConvCpltCallback)
    [Anonymous Symbol]                       0x08000f68   Section        0  stm32f4xx_hal_adc.o(.text.HAL_ADC_ConvHalfCpltCallback)
    [Anonymous Symbol]                       0x08000f6c   Section        0  stm32f4xx_hal_adc.o(.text.HAL_ADC_ErrorCallback)
    [Anonymous Symbol]                       0x08000f70   Section        0  stm32f4xx_hal_adc.o(.text.HAL_ADC_Init)
    [Anonymous Symbol]                       0x080010cc   Section        0  adc.o(.text.HAL_ADC_MspInit)
    [Anonymous Symbol]                       0x0800117c   Section        0  stm32f4xx_hal_adc.o(.text.HAL_ADC_Start_DMA)
    [Anonymous Symbol]                       0x08001320   Section        0  stm32f4xx_hal_dma.o(.text.HAL_DMA_IRQHandler)
    [Anonymous Symbol]                       0x080014e4   Section        0  stm32f4xx_hal_dma.o(.text.HAL_DMA_Init)
    [Anonymous Symbol]                       0x08001648   Section        0  stm32f4xx_hal_dma.o(.text.HAL_DMA_Start_IT)
    [Anonymous Symbol]                       0x080016ec   Section        0  stm32f4xx_hal.o(.text.HAL_Delay)
    [Anonymous Symbol]                       0x08001714   Section        0  stm32f4xx_hal_gpio.o(.text.HAL_GPIO_Init)
    [Anonymous Symbol]                       0x080018b4   Section        0  stm32f4xx_hal_gpio.o(.text.HAL_GPIO_ReadPin)
    [Anonymous Symbol]                       0x080018c0   Section        0  stm32f4xx_hal_gpio.o(.text.HAL_GPIO_TogglePin)
    [Anonymous Symbol]                       0x080018d0   Section        0  stm32f4xx_hal_gpio.o(.text.HAL_GPIO_WritePin)
    [Anonymous Symbol]                       0x080018dc   Section        0  stm32f4xx_hal.o(.text.HAL_GetTick)
    [Anonymous Symbol]                       0x080018e8   Section        0  stm32f4xx_hal_i2c.o(.text.HAL_I2C_Init)
    [Anonymous Symbol]                       0x08001a4c   Section        0  stm32f4xx_hal_i2c.o(.text.HAL_I2C_Mem_Write)
    [Anonymous Symbol]                       0x08001ba8   Section        0  i2c.o(.text.HAL_I2C_MspInit)
    [Anonymous Symbol]                       0x08001c1c   Section        0  stm32f4xx_hal.o(.text.HAL_IncTick)
    [Anonymous Symbol]                       0x08001c38   Section        0  stm32f4xx_hal.o(.text.HAL_Init)
    [Anonymous Symbol]                       0x08001c70   Section        0  stm32f4xx_hal.o(.text.HAL_InitTick)
    [Anonymous Symbol]                       0x08001cb8   Section        0  stm32f4xx_hal_msp.o(.text.HAL_MspInit)
    [Anonymous Symbol]                       0x08001cf0   Section        0  stm32f4xx_hal_cortex.o(.text.HAL_NVIC_EnableIRQ)
    [Anonymous Symbol]                       0x08001d14   Section        0  stm32f4xx_hal_cortex.o(.text.HAL_NVIC_SetPriority)
    [Anonymous Symbol]                       0x08001d6c   Section        0  stm32f4xx_hal_cortex.o(.text.HAL_NVIC_SetPriorityGrouping)
    [Anonymous Symbol]                       0x08001d8c   Section        0  stm32f4xx_hal_rcc.o(.text.HAL_RCC_ClockConfig)
    [Anonymous Symbol]                       0x08001ef0   Section        0  stm32f4xx_hal_rcc.o(.text.HAL_RCC_GetPCLK1Freq)
    [Anonymous Symbol]                       0x08001f18   Section        0  stm32f4xx_hal_rcc.o(.text.HAL_RCC_GetPCLK2Freq)
    [Anonymous Symbol]                       0x08001f40   Section        0  stm32f4xx_hal_rcc.o(.text.HAL_RCC_GetSysClockFreq)
    [Anonymous Symbol]                       0x08001fac   Section        0  stm32f4xx_hal_rcc.o(.text.HAL_RCC_OscConfig)
    [Anonymous Symbol]                       0x08002358   Section        0  stm32f4xx_hal_cortex.o(.text.HAL_SYSTICK_Config)
    [Anonymous Symbol]                       0x08002384   Section        0  stm32f4xx_hal_tim_ex.o(.text.HAL_TIMEx_BreakCallback)
    [Anonymous Symbol]                       0x08002388   Section        0  stm32f4xx_hal_tim_ex.o(.text.HAL_TIMEx_CommutCallback)
    [Anonymous Symbol]                       0x0800238c   Section        0  stm32f4xx_hal_tim_ex.o(.text.HAL_TIMEx_ConfigBreakDeadTime)
    [Anonymous Symbol]                       0x080023d8   Section        0  stm32f4xx_hal_tim_ex.o(.text.HAL_TIMEx_MasterConfigSynchronization)
    [Anonymous Symbol]                       0x08002494   Section        0  stm32f4xx_hal_tim_ex.o(.text.HAL_TIMEx_PWMN_Start)
    [Anonymous Symbol]                       0x08002594   Section        0  stm32f4xx_hal_tim.o(.text.HAL_TIM_Base_Init)
    [Anonymous Symbol]                       0x080025f0   Section        0  tim.o(.text.HAL_TIM_Base_MspInit)
    [Anonymous Symbol]                       0x0800266c   Section        0  stm32f4xx_hal_tim.o(.text.HAL_TIM_Base_Start_IT)
    [Anonymous Symbol]                       0x08002718   Section        0  stm32f4xx_hal_tim.o(.text.HAL_TIM_ConfigClockSource)
    [Anonymous Symbol]                       0x080028b8   Section        0  stm32f4xx_hal_tim.o(.text.HAL_TIM_IC_CaptureCallback)
    [Anonymous Symbol]                       0x080028bc   Section        0  stm32f4xx_hal_tim.o(.text.HAL_TIM_IRQHandler)
    [Anonymous Symbol]                       0x08002a0c   Section        0  tim.o(.text.HAL_TIM_MspPostInit)
    [Anonymous Symbol]                       0x08002ac8   Section        0  stm32f4xx_hal_tim.o(.text.HAL_TIM_OC_DelayElapsedCallback)
    [Anonymous Symbol]                       0x08002acc   Section        0  stm32f4xx_hal_tim.o(.text.HAL_TIM_PWM_ConfigChannel)
    [Anonymous Symbol]                       0x08002cec   Section        0  stm32f4xx_hal_tim.o(.text.HAL_TIM_PWM_Init)
    [Anonymous Symbol]                       0x08002d48   Section        0  stm32f4xx_hal_tim.o(.text.HAL_TIM_PWM_MspInit)
    [Anonymous Symbol]                       0x08002d4c   Section        0  stm32f4xx_hal_tim.o(.text.HAL_TIM_PWM_PulseFinishedCallback)
    [Anonymous Symbol]                       0x08002d50   Section        0  stm32f4xx_hal_tim.o(.text.HAL_TIM_PWM_Start)
    [Anonymous Symbol]                       0x08002e60   Section        0  main.o(.text.HAL_TIM_PeriodElapsedCallback)
    [Anonymous Symbol]                       0x08002fe4   Section        0  stm32f4xx_hal_tim.o(.text.HAL_TIM_TriggerCallback)
    [Anonymous Symbol]                       0x08002fe8   Section        0  stm32f4xx_hal_uart.o(.text.HAL_UART_Init)
    [Anonymous Symbol]                       0x08003048   Section        0  usart.o(.text.HAL_UART_MspInit)
    [Anonymous Symbol]                       0x080030c0   Section        0  stm32f4xx_it.o(.text.HardFault_Handler)
    I2C_RequestMemoryWrite                   0x080030c5   Thumb Code   200  stm32f4xx_hal_i2c.o(.text.I2C_RequestMemoryWrite)
    [Anonymous Symbol]                       0x080030c4   Section        0  stm32f4xx_hal_i2c.o(.text.I2C_RequestMemoryWrite)
    I2C_WaitOnBTFFlagUntilTimeout            0x0800318d   Thumb Code   186  stm32f4xx_hal_i2c.o(.text.I2C_WaitOnBTFFlagUntilTimeout)
    [Anonymous Symbol]                       0x0800318c   Section        0  stm32f4xx_hal_i2c.o(.text.I2C_WaitOnBTFFlagUntilTimeout)
    I2C_WaitOnFlagUntilTimeout               0x08003249   Thumb Code   458  stm32f4xx_hal_i2c.o(.text.I2C_WaitOnFlagUntilTimeout)
    [Anonymous Symbol]                       0x08003248   Section        0  stm32f4xx_hal_i2c.o(.text.I2C_WaitOnFlagUntilTimeout)
    I2C_WaitOnMasterAddressFlagUntilTimeout  0x08003415   Thumb Code   214  stm32f4xx_hal_i2c.o(.text.I2C_WaitOnMasterAddressFlagUntilTimeout)
    [Anonymous Symbol]                       0x08003414   Section        0  stm32f4xx_hal_i2c.o(.text.I2C_WaitOnMasterAddressFlagUntilTimeout)
    I2C_WaitOnTXEFlagUntilTimeout            0x080034ed   Thumb Code   186  stm32f4xx_hal_i2c.o(.text.I2C_WaitOnTXEFlagUntilTimeout)
    [Anonymous Symbol]                       0x080034ec   Section        0  stm32f4xx_hal_i2c.o(.text.I2C_WaitOnTXEFlagUntilTimeout)
    [Anonymous Symbol]                       0x080035a8   Section        0  adc.o(.text.MX_ADC1_Init)
    [Anonymous Symbol]                       0x08003614   Section        0  dma.o(.text.MX_DMA_Init)
    [Anonymous Symbol]                       0x0800364c   Section        0  gpio.o(.text.MX_GPIO_Init)
    [Anonymous Symbol]                       0x0800370c   Section        0  i2c.o(.text.MX_I2C1_Init)
    [Anonymous Symbol]                       0x08003750   Section        0  tim.o(.text.MX_TIM5_Init)
    [Anonymous Symbol]                       0x080037c4   Section        0  tim.o(.text.MX_TIM8_Init)
    [Anonymous Symbol]                       0x0800390c   Section        0  usart.o(.text.MX_USART1_UART_Init)
    [Anonymous Symbol]                       0x08003948   Section        0  stm32f4xx_it.o(.text.MemManage_Handler)
    [Anonymous Symbol]                       0x0800394c   Section        0  stm32f4xx_it.o(.text.NMI_Handler)
    [Anonymous Symbol]                       0x08003950   Section        0  oled.o(.text.OLED_Clear)
    [Anonymous Symbol]                       0x080039fc   Section        0  oled.o(.text.OLED_Display_On)
    [Anonymous Symbol]                       0x08003a68   Section        0  oled.o(.text.OLED_Init)
    [Anonymous Symbol]                       0x08003a78   Section        0  oled.o(.text.OLED_ShowChar)
    [Anonymous Symbol]                       0x08003e20   Section        0  oled.o(.text.OLED_ShowString)
    [Anonymous Symbol]                       0x08003e60   Section        0  stm32f4xx_it.o(.text.PendSV_Handler)
    [Anonymous Symbol]                       0x08003e64   Section        0  stm32f4xx_it.o(.text.SVC_Handler)
    [Anonymous Symbol]                       0x08003e68   Section        0  stm32f4xx_it.o(.text.SysTick_Handler)
    [Anonymous Symbol]                       0x08003e6c   Section        0  main.o(.text.SystemClock_Config)
    [Anonymous Symbol]                       0x08003f14   Section        0  system_stm32f4xx.o(.text.SystemInit)
    [Anonymous Symbol]                       0x08003f28   Section        0  stm32f4xx_it.o(.text.TIM5_IRQHandler)
    [Anonymous Symbol]                       0x08003f34   Section        0  stm32f4xx_it.o(.text.TIM8_UP_TIM13_IRQHandler)
    [Anonymous Symbol]                       0x08003f40   Section        0  stm32f4xx_hal_tim.o(.text.TIM_Base_SetConfig)
    UART_SetConfig                           0x0800407d   Thumb Code   230  stm32f4xx_hal_uart.o(.text.UART_SetConfig)
    [Anonymous Symbol]                       0x0800407c   Section        0  stm32f4xx_hal_uart.o(.text.UART_SetConfig)
    [Anonymous Symbol]                       0x08004164   Section        0  stm32f4xx_it.o(.text.UsageFault_Handler)
    [Anonymous Symbol]                       0x08004168   Section        0  oled.o(.text.WriteCmd)
    [Anonymous Symbol]                       0x080043c8   Section        0  main.o(.text.main)
    __arm_cp.0_7                             0x08004534   Number         4  main.o(.text.main)
    __arm_cp.0_8                             0x08004538   Number         4  main.o(.text.main)
    __arm_cp.0_9                             0x0800453c   Number         4  main.o(.text.main)
    __arm_cp.0_10                            0x08004540   Number         4  main.o(.text.main)
    __arm_cp.0_11                            0x08004544   Number         4  main.o(.text.main)
    __arm_cp.0_12                            0x08004548   Number         4  main.o(.text.main)
    __arm_cp.0_13                            0x0800454c   Number         4  main.o(.text.main)
    CL$$btod_d2e                             0x08004a6e   Section       62  btod.o(CL$$btod_d2e)
    CL$$btod_d2e_denorm_low                  0x08004aac   Section       70  btod.o(CL$$btod_d2e_denorm_low)
    CL$$btod_d2e_norm_op1                    0x08004af2   Section       96  btod.o(CL$$btod_d2e_norm_op1)
    CL$$btod_div_common                      0x08004b54   Section      824  btod.o(CL$$btod_div_common)
    CL$$btod_e2e                             0x08004e8c   Section      220  btod.o(CL$$btod_e2e)
    CL$$btod_ediv                            0x08004f68   Section       42  btod.o(CL$$btod_ediv)
    CL$$btod_emul                            0x08004f92   Section       42  btod.o(CL$$btod_emul)
    CL$$btod_mult_common                     0x08004fbc   Section      580  btod.o(CL$$btod_mult_common)
    i.__ARM_fpclassify                       0x08005200   Section        0  fpclassify.o(i.__ARM_fpclassify)
    i.__hardfp_roundf                        0x08005230   Section        0  roundf.o(i.__hardfp_roundf)
    i._is_digit                              0x080052ca   Section        0  __printf_wp.o(i._is_digit)
    locale$$code                             0x080052d8   Section       44  lc_numeric_c.o(locale$$code)
    $v0                                      0x08005304   Number         0  dretinf.o(x$fpl$dretinf)
    x$fpl$dretinf                            0x08005304   Section       12  dretinf.o(x$fpl$dretinf)
    $v0                                      0x08005310   Number         0  f2d.o(x$fpl$f2d)
    x$fpl$f2d                                0x08005310   Section       86  f2d.o(x$fpl$f2d)
    $v0                                      0x08005366   Number         0  fnaninf.o(x$fpl$fnaninf)
    x$fpl$fnaninf                            0x08005366   Section      140  fnaninf.o(x$fpl$fnaninf)
    $v0                                      0x080053f2   Number         0  fpinit.o(x$fpl$fpinit)
    x$fpl$fpinit                             0x080053f2   Section       26  fpinit.o(x$fpl$fpinit)
    $v0                                      0x0800540c   Number         0  frnd.o(x$fpl$frnd)
    x$fpl$frnd                               0x0800540c   Section       96  frnd.o(x$fpl$frnd)
    $v0                                      0x0800546c   Number         0  printf1.o(x$fpl$printf1)
    x$fpl$printf1                            0x0800546c   Section        4  printf1.o(x$fpl$printf1)
    tenpwrs_x                                0x08005470   Data          60  bigflt0.o(.constdata)
    .constdata                               0x08005470   Section      148  bigflt0.o(.constdata)
    x$fpl$usenofp                            0x08005470   Section        0  usenofp.o(x$fpl$usenofp)
    tenpwrs_i                                0x080054ac   Data          64  bigflt0.o(.constdata)
    DMA_CalcBaseAndBitshift.flagBitshiftOffset 0x08005d34   Data           8  stm32f4xx_hal_dma.o(.rodata.cst8)
    [Anonymous Symbol]                       0x08005d34   Section        0  stm32f4xx_hal_dma.o(.rodata.cst8)
    .L.str.1                                 0x08005d5c   Data           5  main.o(.rodata.str1.1)
    [Anonymous Symbol]                       0x08005d5c   Section        0  main.o(.rodata.str1.1)
    .L.str                                   0x08005d61   Data           5  main.o(.rodata.str1.1)
    locale$$data                             0x08005d88   Section       28  lc_numeric_c.o(locale$$data)
    __lcnum_c_name                           0x08005d8c   Data           2  lc_numeric_c.o(locale$$data)
    __lcnum_c_start                          0x08005d94   Data           0  lc_numeric_c.o(locale$$data)
    __lcnum_c_point                          0x08005da0   Data           0  lc_numeric_c.o(locale$$data)
    __lcnum_c_thousands                      0x08005da2   Data           0  lc_numeric_c.o(locale$$data)
    __lcnum_c_grouping                       0x08005da3   Data           0  lc_numeric_c.o(locale$$data)
    __lcnum_c_end                            0x08005da4   Data           0  lc_numeric_c.o(locale$$data)
    .L_MergedGlobals                         0x20000000   Data           8  stm32f4xx_hal.o(.data..L_MergedGlobals)
    [Anonymous Symbol]                       0x20000000   Section        0  stm32f4xx_hal.o(.data..L_MergedGlobals)
    .bss                                     0x200012e8   Section       96  libspace.o(.bss)
    .L_MergedGlobals                         0x20001348   Data         124  main.o(.bss..L_MergedGlobals)
    [Anonymous Symbol]                       0x20001348   Section        0  main.o(.bss..L_MergedGlobals)
    display_info.sin_k                       0x20001349   Data           8  main.o(.bss..L_MergedGlobals)
    display_info.v_rms                       0x20001351   Data           8  main.o(.bss..L_MergedGlobals)
    display_info.v_tar                       0x20001359   Data           8  main.o(.bss..L_MergedGlobals)
    HAL_TIM_PeriodElapsedCallback.w0t        0x200013c4   Data           4  main.o(.bss.HAL_TIM_PeriodElapsedCallback.w0t)
    [Anonymous Symbol]                       0x200013c4   Section        0  main.o(.bss.HAL_TIM_PeriodElapsedCallback.w0t)
    Heap_Mem                                 0x20001ef0   Data         512  startup_stm32f407xx.o(HEAP)
    HEAP                                     0x20001ef0   Section      512  startup_stm32f407xx.o(HEAP)
    Stack_Mem                                0x200020f0   Data        1024  startup_stm32f407xx.o(STACK)
    STACK                                    0x200020f0   Section     1024  startup_stm32f407xx.o(STACK)
    __initial_sp                             0x200024f0   Data           0  startup_stm32f407xx.o(STACK)

    Global Symbols

    Symbol Name                              Value     Ov Type        Size  Object(Section)

    BuildAttributes$$THM_ISAv4$E$P$D$K$B$S$7EM$VFPi3$EXTD16$VFPS$VFMA$PE$A:L22UL41UL21$X:L11$S22US41US21$IEEE1$IW$~IW$USESV6$~STKCKD$USESV7$~SHL$OTIME$ROPI$IEEEJ$EBA8$UX$STANDARDLIB$REQ8$PRES8$EABIv2 0x00000000   Number         0  anon$$obj.o ABSOLUTE
    _printf_flags                            0x00000000   Number         0  printf_stubs.o ABSOLUTE
    _printf_return_value                     0x00000000   Number         0  printf_stubs.o ABSOLUTE
    _printf_sizespec                         0x00000000   Number         0  printf_stubs.o ABSOLUTE
    _printf_widthprec                        0x00000000   Number         0  printf_stubs.o ABSOLUTE
    __ARM_exceptions_init                     - Undefined Weak Reference
    __alloca_initialize                       - Undefined Weak Reference
    __arm_preinit_                            - Undefined Weak Reference
    __arm_relocate_pie_                       - Undefined Weak Reference
    __cpp_initialize__aeabi_                  - Undefined Weak Reference
    __cxa_finalize                            - Undefined Weak Reference
    __sigvec_lookup                           - Undefined Weak Reference
    _atexit_init                              - Undefined Weak Reference
    _call_atexit_fns                          - Undefined Weak Reference
    _clock_init                               - Undefined Weak Reference
    _fp_trap_init                             - Undefined Weak Reference
    _fp_trap_shutdown                         - Undefined Weak Reference
    _get_lc_collate                           - Undefined Weak Reference
    _get_lc_ctype                             - Undefined Weak Reference
    _get_lc_monetary                          - Undefined Weak Reference
    _get_lc_time                              - Undefined Weak Reference
    _getenv_init                              - Undefined Weak Reference
    _handle_redirection                       - Undefined Weak Reference
    _init_alloc                               - Undefined Weak Reference
    _init_user_alloc                          - Undefined Weak Reference
    _initio                                   - Undefined Weak Reference
    _printf_post_padding                      - Undefined Weak Reference
    _printf_pre_padding                       - Undefined Weak Reference
    _rand_init                                - Undefined Weak Reference
    _signal_finish                            - Undefined Weak Reference
    _signal_init                              - Undefined Weak Reference
    _terminate_alloc                          - Undefined Weak Reference
    _terminate_user_alloc                     - Undefined Weak Reference
    _terminateio                              - Undefined Weak Reference
    __Vectors_Size                           0x00000188   Number         0  startup_stm32f407xx.o ABSOLUTE
    __Vectors                                0x08000000   Data           4  startup_stm32f407xx.o(RESET)
    __Vectors_End                            0x08000188   Data           0  startup_stm32f407xx.o(RESET)
    __main                                   0x08000189   Thumb Code     8  __main.o(!!!main)
    __scatterload                            0x08000191   Thumb Code     0  __scatter.o(!!!scatter)
    __scatterload_rt2                        0x08000191   Thumb Code    84  __scatter.o(!!!scatter)
    __scatterload_rt2_thumb_only             0x08000191   Thumb Code     0  __scatter.o(!!!scatter)
    __scatterload_loop                       0x0800019b   Thumb Code     0  __scatter.o(!!!scatter)
    __decompress                             0x080001ed   Thumb Code   100  __dclz77c.o(!!dclz77c)
    __decompress2                            0x080001ed   Thumb Code     0  __dclz77c.o(!!dclz77c)
    __scatterload_null                       0x08000251   Thumb Code     2  __scatter.o(!!handler_null)
    __scatterload_zeroinit                   0x08000255   Thumb Code    28  __scatter_zi.o(!!handler_zi)
    _printf_f                                0x08000271   Thumb Code     0  _printf_f.o(.ARM.Collect$$_printf_percent$$00000003)
    _printf_percent                          0x08000271   Thumb Code     0  _printf_percent.o(.ARM.Collect$$_printf_percent$$00000000)
    _printf_percent_end                      0x08000277   Thumb Code     0  _printf_percent_end.o(.ARM.Collect$$_printf_percent$$00000017)
    __rt_lib_init                            0x0800027b   Thumb Code     0  libinit.o(.ARM.Collect$$libinit$$00000000)
    __rt_lib_init_fp_1                       0x0800027d   Thumb Code     0  libinit2.o(.ARM.Collect$$libinit$$00000001)
    __rt_lib_init_heap_1                     0x08000281   Thumb Code     0  libinit2.o(.ARM.Collect$$libinit$$0000000C)
    __rt_lib_init_lc_common                  0x08000281   Thumb Code     0  libinit2.o(.ARM.Collect$$libinit$$00000011)
    __rt_lib_init_preinit_1                  0x08000281   Thumb Code     0  libinit2.o(.ARM.Collect$$libinit$$00000006)
    __rt_lib_init_rand_1                     0x08000281   Thumb Code     0  libinit2.o(.ARM.Collect$$libinit$$00000010)
    __rt_lib_init_relocate_pie_1             0x08000281   Thumb Code     0  libinit2.o(.ARM.Collect$$libinit$$00000004)
    __rt_lib_init_user_alloc_1               0x08000281   Thumb Code     0  libinit2.o(.ARM.Collect$$libinit$$0000000E)
    __rt_lib_init_lc_collate_1               0x08000287   Thumb Code     0  libinit2.o(.ARM.Collect$$libinit$$00000013)
    __rt_lib_init_lc_ctype_1                 0x08000287   Thumb Code     0  libinit2.o(.ARM.Collect$$libinit$$00000015)
    __rt_lib_init_lc_monetary_1              0x08000287   Thumb Code     0  libinit2.o(.ARM.Collect$$libinit$$00000017)
    __rt_lib_init_lc_numeric_2               0x08000287   Thumb Code     0  libinit2.o(.ARM.Collect$$libinit$$00000018)
    __rt_lib_init_alloca_1                   0x08000291   Thumb Code     0  libinit2.o(.ARM.Collect$$libinit$$00000030)
    __rt_lib_init_argv_1                     0x08000291   Thumb Code     0  libinit2.o(.ARM.Collect$$libinit$$0000002E)
    __rt_lib_init_atexit_1                   0x08000291   Thumb Code     0  libinit2.o(.ARM.Collect$$libinit$$0000001D)
    __rt_lib_init_clock_1                    0x08000291   Thumb Code     0  libinit2.o(.ARM.Collect$$libinit$$00000023)
    __rt_lib_init_cpp_1                      0x08000291   Thumb Code     0  libinit2.o(.ARM.Collect$$libinit$$00000034)
    __rt_lib_init_exceptions_1               0x08000291   Thumb Code     0  libinit2.o(.ARM.Collect$$libinit$$00000032)
    __rt_lib_init_fp_trap_1                  0x08000291   Thumb Code     0  libinit2.o(.ARM.Collect$$libinit$$00000021)
    __rt_lib_init_getenv_1                   0x08000291   Thumb Code     0  libinit2.o(.ARM.Collect$$libinit$$00000025)
    __rt_lib_init_lc_numeric_1               0x08000291   Thumb Code     0  libinit2.o(.ARM.Collect$$libinit$$00000019)
    __rt_lib_init_lc_time_1                  0x08000291   Thumb Code     0  libinit2.o(.ARM.Collect$$libinit$$0000001B)
    __rt_lib_init_return                     0x08000291   Thumb Code     0  libinit2.o(.ARM.Collect$$libinit$$00000035)
    __rt_lib_init_signal_1                   0x08000291   Thumb Code     0  libinit2.o(.ARM.Collect$$libinit$$0000001F)
    __rt_lib_init_stdio_1                    0x08000291   Thumb Code     0  libinit2.o(.ARM.Collect$$libinit$$00000027)
    __rt_lib_shutdown                        0x08000293   Thumb Code     0  libshutdown.o(.ARM.Collect$$libshutdown$$00000000)
    __rt_lib_shutdown_cpp_1                  0x08000295   Thumb Code     0  libshutdown2.o(.ARM.Collect$$libshutdown$$00000002)
    __rt_lib_shutdown_fp_trap_1              0x08000295   Thumb Code     0  libshutdown2.o(.ARM.Collect$$libshutdown$$00000007)
    __rt_lib_shutdown_heap_1                 0x08000295   Thumb Code     0  libshutdown2.o(.ARM.Collect$$libshutdown$$0000000F)
    __rt_lib_shutdown_return                 0x08000295   Thumb Code     0  libshutdown2.o(.ARM.Collect$$libshutdown$$00000010)
    __rt_lib_shutdown_signal_1               0x08000295   Thumb Code     0  libshutdown2.o(.ARM.Collect$$libshutdown$$0000000A)
    __rt_lib_shutdown_stdio_1                0x08000295   Thumb Code     0  libshutdown2.o(.ARM.Collect$$libshutdown$$00000004)
    __rt_lib_shutdown_user_alloc_1           0x08000295   Thumb Code     0  libshutdown2.o(.ARM.Collect$$libshutdown$$0000000C)
    __rt_entry                               0x08000297   Thumb Code     0  __rtentry.o(.ARM.Collect$$rtentry$$00000000)
    __rt_entry_presh_1                       0x08000297   Thumb Code     0  __rtentry2.o(.ARM.Collect$$rtentry$$00000002)
    __rt_entry_sh                            0x08000297   Thumb Code     0  __rtentry4.o(.ARM.Collect$$rtentry$$00000004)
    __rt_entry_li                            0x0800029d   Thumb Code     0  __rtentry2.o(.ARM.Collect$$rtentry$$0000000A)
    __rt_entry_postsh_1                      0x0800029d   Thumb Code     0  __rtentry2.o(.ARM.Collect$$rtentry$$00000009)
    __rt_entry_main                          0x080002a1   Thumb Code     0  __rtentry2.o(.ARM.Collect$$rtentry$$0000000D)
    __rt_entry_postli_1                      0x080002a1   Thumb Code     0  __rtentry2.o(.ARM.Collect$$rtentry$$0000000C)
    __rt_exit                                0x080002a9   Thumb Code     0  rtexit.o(.ARM.Collect$$rtexit$$00000000)
    __rt_exit_ls                             0x080002ab   Thumb Code     0  rtexit2.o(.ARM.Collect$$rtexit$$00000003)
    __rt_exit_prels_1                        0x080002ab   Thumb Code     0  rtexit2.o(.ARM.Collect$$rtexit$$00000002)
    __rt_exit_exit                           0x080002af   Thumb Code     0  rtexit2.o(.ARM.Collect$$rtexit$$00000004)
    Reset_Handler                            0x080002b5   Thumb Code     8  startup_stm32f407xx.o(.text)
    ADC_IRQHandler                           0x080002cf   Thumb Code     0  startup_stm32f407xx.o(.text)
    CAN1_RX0_IRQHandler                      0x080002cf   Thumb Code     0  startup_stm32f407xx.o(.text)
    CAN1_RX1_IRQHandler                      0x080002cf   Thumb Code     0  startup_stm32f407xx.o(.text)
    CAN1_SCE_IRQHandler                      0x080002cf   Thumb Code     0  startup_stm32f407xx.o(.text)
    CAN1_TX_IRQHandler                       0x080002cf   Thumb Code     0  startup_stm32f407xx.o(.text)
    CAN2_RX0_IRQHandler                      0x080002cf   Thumb Code     0  startup_stm32f407xx.o(.text)
    CAN2_RX1_IRQHandler                      0x080002cf   Thumb Code     0  startup_stm32f407xx.o(.text)
    CAN2_SCE_IRQHandler                      0x080002cf   Thumb Code     0  startup_stm32f407xx.o(.text)
    CAN2_TX_IRQHandler                       0x080002cf   Thumb Code     0  startup_stm32f407xx.o(.text)
    DCMI_IRQHandler                          0x080002cf   Thumb Code     0  startup_stm32f407xx.o(.text)
    DMA1_Stream0_IRQHandler                  0x080002cf   Thumb Code     0  startup_stm32f407xx.o(.text)
    DMA1_Stream1_IRQHandler                  0x080002cf   Thumb Code     0  startup_stm32f407xx.o(.text)
    DMA1_Stream2_IRQHandler                  0x080002cf   Thumb Code     0  startup_stm32f407xx.o(.text)
    DMA1_Stream3_IRQHandler                  0x080002cf   Thumb Code     0  startup_stm32f407xx.o(.text)
    DMA1_Stream4_IRQHandler                  0x080002cf   Thumb Code     0  startup_stm32f407xx.o(.text)
    DMA1_Stream5_IRQHandler                  0x080002cf   Thumb Code     0  startup_stm32f407xx.o(.text)
    DMA1_Stream6_IRQHandler                  0x080002cf   Thumb Code     0  startup_stm32f407xx.o(.text)
    DMA1_Stream7_IRQHandler                  0x080002cf   Thumb Code     0  startup_stm32f407xx.o(.text)
    DMA2_Stream1_IRQHandler                  0x080002cf   Thumb Code     0  startup_stm32f407xx.o(.text)
    DMA2_Stream2_IRQHandler                  0x080002cf   Thumb Code     0  startup_stm32f407xx.o(.text)
    DMA2_Stream3_IRQHandler                  0x080002cf   Thumb Code     0  startup_stm32f407xx.o(.text)
    DMA2_Stream4_IRQHandler                  0x080002cf   Thumb Code     0  startup_stm32f407xx.o(.text)
    DMA2_Stream5_IRQHandler                  0x080002cf   Thumb Code     0  startup_stm32f407xx.o(.text)
    DMA2_Stream6_IRQHandler                  0x080002cf   Thumb Code     0  startup_stm32f407xx.o(.text)
    DMA2_Stream7_IRQHandler                  0x080002cf   Thumb Code     0  startup_stm32f407xx.o(.text)
    ETH_IRQHandler                           0x080002cf   Thumb Code     0  startup_stm32f407xx.o(.text)
    ETH_WKUP_IRQHandler                      0x080002cf   Thumb Code     0  startup_stm32f407xx.o(.text)
    EXTI0_IRQHandler                         0x080002cf   Thumb Code     0  startup_stm32f407xx.o(.text)
    EXTI15_10_IRQHandler                     0x080002cf   Thumb Code     0  startup_stm32f407xx.o(.text)
    EXTI1_IRQHandler                         0x080002cf   Thumb Code     0  startup_stm32f407xx.o(.text)
    EXTI2_IRQHandler                         0x080002cf   Thumb Code     0  startup_stm32f407xx.o(.text)
    EXTI3_IRQHandler                         0x080002cf   Thumb Code     0  startup_stm32f407xx.o(.text)
    EXTI4_IRQHandler                         0x080002cf   Thumb Code     0  startup_stm32f407xx.o(.text)
    EXTI9_5_IRQHandler                       0x080002cf   Thumb Code     0  startup_stm32f407xx.o(.text)
    FLASH_IRQHandler                         0x080002cf   Thumb Code     0  startup_stm32f407xx.o(.text)
    FMC_IRQHandler                           0x080002cf   Thumb Code     0  startup_stm32f407xx.o(.text)
    FPU_IRQHandler                           0x080002cf   Thumb Code     0  startup_stm32f407xx.o(.text)
    HASH_RNG_IRQHandler                      0x080002cf   Thumb Code     0  startup_stm32f407xx.o(.text)
    I2C1_ER_IRQHandler                       0x080002cf   Thumb Code     0  startup_stm32f407xx.o(.text)
    I2C1_EV_IRQHandler                       0x080002cf   Thumb Code     0  startup_stm32f407xx.o(.text)
    I2C2_ER_IRQHandler                       0x080002cf   Thumb Code     0  startup_stm32f407xx.o(.text)
    I2C2_EV_IRQHandler                       0x080002cf   Thumb Code     0  startup_stm32f407xx.o(.text)
    I2C3_ER_IRQHandler                       0x080002cf   Thumb Code     0  startup_stm32f407xx.o(.text)
    I2C3_EV_IRQHandler                       0x080002cf   Thumb Code     0  startup_stm32f407xx.o(.text)
    OTG_FS_IRQHandler                        0x080002cf   Thumb Code     0  startup_stm32f407xx.o(.text)
    OTG_FS_WKUP_IRQHandler                   0x080002cf   Thumb Code     0  startup_stm32f407xx.o(.text)
    OTG_HS_EP1_IN_IRQHandler                 0x080002cf   Thumb Code     0  startup_stm32f407xx.o(.text)
    OTG_HS_EP1_OUT_IRQHandler                0x080002cf   Thumb Code     0  startup_stm32f407xx.o(.text)
    OTG_HS_IRQHandler                        0x080002cf   Thumb Code     0  startup_stm32f407xx.o(.text)
    OTG_HS_WKUP_IRQHandler                   0x080002cf   Thumb Code     0  startup_stm32f407xx.o(.text)
    PVD_IRQHandler                           0x080002cf   Thumb Code     0  startup_stm32f407xx.o(.text)
    RCC_IRQHandler                           0x080002cf   Thumb Code     0  startup_stm32f407xx.o(.text)
    RTC_Alarm_IRQHandler                     0x080002cf   Thumb Code     0  startup_stm32f407xx.o(.text)
    RTC_WKUP_IRQHandler                      0x080002cf   Thumb Code     0  startup_stm32f407xx.o(.text)
    SDIO_IRQHandler                          0x080002cf   Thumb Code     0  startup_stm32f407xx.o(.text)
    SPI1_IRQHandler                          0x080002cf   Thumb Code     0  startup_stm32f407xx.o(.text)
    SPI2_IRQHandler                          0x080002cf   Thumb Code     0  startup_stm32f407xx.o(.text)
    SPI3_IRQHandler                          0x080002cf   Thumb Code     0  startup_stm32f407xx.o(.text)
    TAMP_STAMP_IRQHandler                    0x080002cf   Thumb Code     0  startup_stm32f407xx.o(.text)
    TIM1_BRK_TIM9_IRQHandler                 0x080002cf   Thumb Code     0  startup_stm32f407xx.o(.text)
    TIM1_CC_IRQHandler                       0x080002cf   Thumb Code     0  startup_stm32f407xx.o(.text)
    TIM1_TRG_COM_TIM11_IRQHandler            0x080002cf   Thumb Code     0  startup_stm32f407xx.o(.text)
    TIM1_UP_TIM10_IRQHandler                 0x080002cf   Thumb Code     0  startup_stm32f407xx.o(.text)
    TIM2_IRQHandler                          0x080002cf   Thumb Code     0  startup_stm32f407xx.o(.text)
    TIM3_IRQHandler                          0x080002cf   Thumb Code     0  startup_stm32f407xx.o(.text)
    TIM4_IRQHandler                          0x080002cf   Thumb Code     0  startup_stm32f407xx.o(.text)
    TIM6_DAC_IRQHandler                      0x080002cf   Thumb Code     0  startup_stm32f407xx.o(.text)
    TIM7_IRQHandler                          0x080002cf   Thumb Code     0  startup_stm32f407xx.o(.text)
    TIM8_BRK_TIM12_IRQHandler                0x080002cf   Thumb Code     0  startup_stm32f407xx.o(.text)
    TIM8_CC_IRQHandler                       0x080002cf   Thumb Code     0  startup_stm32f407xx.o(.text)
    TIM8_TRG_COM_TIM14_IRQHandler            0x080002cf   Thumb Code     0  startup_stm32f407xx.o(.text)
    UART4_IRQHandler                         0x080002cf   Thumb Code     0  startup_stm32f407xx.o(.text)
    UART5_IRQHandler                         0x080002cf   Thumb Code     0  startup_stm32f407xx.o(.text)
    USART1_IRQHandler                        0x080002cf   Thumb Code     0  startup_stm32f407xx.o(.text)
    USART2_IRQHandler                        0x080002cf   Thumb Code     0  startup_stm32f407xx.o(.text)
    USART3_IRQHandler                        0x080002cf   Thumb Code     0  startup_stm32f407xx.o(.text)
    USART6_IRQHandler                        0x080002cf   Thumb Code     0  startup_stm32f407xx.o(.text)
    WWDG_IRQHandler                          0x080002cf   Thumb Code     0  startup_stm32f407xx.o(.text)
    __user_initial_stackheap                 0x080002d1   Thumb Code     0  startup_stm32f407xx.o(.text)
    __aeabi_uldivmod                         0x080002f5   Thumb Code     0  lludivv7m.o(.text)
    _ll_udiv                                 0x080002f5   Thumb Code   240  lludivv7m.o(.text)
    __2sprintf                               0x080003e5   Thumb Code    34  noretval__2sprintf.o(.text)
    __printf                                 0x0800040d   Thumb Code   270  __printf_wp.o(.text)
    __aeabi_memclr4                          0x0800051b   Thumb Code     0  rt_memclr_w.o(.text)
    __aeabi_memclr8                          0x0800051b   Thumb Code     0  rt_memclr_w.o(.text)
    __rt_memclr_w                            0x0800051b   Thumb Code     0  rt_memclr_w.o(.text)
    _memset_w                                0x0800051f   Thumb Code    74  rt_memclr_w.o(.text)
    __use_two_region_memory                  0x08000569   Thumb Code     2  heapauxi.o(.text)
    __rt_heap_escrow$2region                 0x0800056b   Thumb Code     2  heapauxi.o(.text)
    __rt_heap_expand$2region                 0x0800056d   Thumb Code     2  heapauxi.o(.text)
    _printf_fp_dec_real                      0x0800071f   Thumb Code   620  _printf_fp_dec.o(.text)
    _printf_char_common                      0x08000997   Thumb Code    32  _printf_char_common.o(.text)
    _sputc                                   0x080009bd   Thumb Code    10  _sputc.o(.text)
    __rt_locale                              0x080009c9   Thumb Code     8  rt_locale_intlibspace.o(.text)
    _ll_udiv10                               0x080009d1   Thumb Code   138  lludiv10.o(.text)
    _printf_fp_infnan                        0x08000a5d   Thumb Code   112  _printf_fp_infnan.o(.text)
    _btod_etento                             0x08000add   Thumb Code   224  bigflt0.o(.text)
    __user_libspace                          0x08000bc1   Thumb Code     8  libspace.o(.text)
    __user_perproc_libspace                  0x08000bc1   Thumb Code     0  libspace.o(.text)
    __user_perthread_libspace                0x08000bc1   Thumb Code     0  libspace.o(.text)
    __user_setup_stackheap                   0x08000bc9   Thumb Code    74  sys_stackheap_outer.o(.text)
    exit                                     0x08000c13   Thumb Code    18  exit.o(.text)
    strcmp                                   0x08000c29   Thumb Code   124  strcmpv7em.o(.text)
    _sys_exit                                0x08000ca5   Thumb Code     8  sys_exit.o(.text)
    __I$use$semihosting                      0x08000cb1   Thumb Code     0  use_no_semi.o(.text)
    __use_no_semihosting_swi                 0x08000cb1   Thumb Code     2  use_no_semi.o(.text)
    __semihosting_library_function           0x08000cb3   Thumb Code     0  indicate_semi.o(.text)
    BusFault_Handler                         0x08000d41   Thumb Code     2  stm32f4xx_it.o(.text.BusFault_Handler)
    Button_GetEvent                          0x08000d45   Thumb Code    10  button.o(.text.Button_GetEvent)
    Button_Init                              0x08000d51   Thumb Code    32  button.o(.text.Button_Init)
    Button_Update                            0x08000d71   Thumb Code   124  button.o(.text.Button_Update)
    DMA2_Stream0_IRQHandler                  0x08000ded   Thumb Code    12  stm32f4xx_it.o(.text.DMA2_Stream0_IRQHandler)
    DebugMon_Handler                         0x08000df9   Thumb Code     2  stm32f4xx_it.o(.text.DebugMon_Handler)
    Error_Handler                            0x08000dfd   Thumb Code     6  main.o(.text.Error_Handler)
    HAL_ADC_ConfigChannel                    0x08000e05   Thumb Code   324  stm32f4xx_hal_adc.o(.text.HAL_ADC_ConfigChannel)
    HAL_ADC_ConvCpltCallback                 0x08000f49   Thumb Code    30  main.o(.text.HAL_ADC_ConvCpltCallback)
    HAL_ADC_ConvHalfCpltCallback             0x08000f69   Thumb Code     2  stm32f4xx_hal_adc.o(.text.HAL_ADC_ConvHalfCpltCallback)
    HAL_ADC_ErrorCallback                    0x08000f6d   Thumb Code     2  stm32f4xx_hal_adc.o(.text.HAL_ADC_ErrorCallback)
    HAL_ADC_Init                             0x08000f71   Thumb Code   348  stm32f4xx_hal_adc.o(.text.HAL_ADC_Init)
    HAL_ADC_MspInit                          0x080010cd   Thumb Code   176  adc.o(.text.HAL_ADC_MspInit)
    HAL_ADC_Start_DMA                        0x0800117d   Thumb Code   418  stm32f4xx_hal_adc.o(.text.HAL_ADC_Start_DMA)
    HAL_DMA_IRQHandler                       0x08001321   Thumb Code   452  stm32f4xx_hal_dma.o(.text.HAL_DMA_IRQHandler)
    HAL_DMA_Init                             0x080014e5   Thumb Code   354  stm32f4xx_hal_dma.o(.text.HAL_DMA_Init)
    HAL_DMA_Start_IT                         0x08001649   Thumb Code   162  stm32f4xx_hal_dma.o(.text.HAL_DMA_Start_IT)
    HAL_Delay                                0x080016ed   Thumb Code    40  stm32f4xx_hal.o(.text.HAL_Delay)
    HAL_GPIO_Init                            0x08001715   Thumb Code   414  stm32f4xx_hal_gpio.o(.text.HAL_GPIO_Init)
    HAL_GPIO_ReadPin                         0x080018b5   Thumb Code    10  stm32f4xx_hal_gpio.o(.text.HAL_GPIO_ReadPin)
    HAL_GPIO_TogglePin                       0x080018c1   Thumb Code    16  stm32f4xx_hal_gpio.o(.text.HAL_GPIO_TogglePin)
    HAL_GPIO_WritePin                        0x080018d1   Thumb Code    10  stm32f4xx_hal_gpio.o(.text.HAL_GPIO_WritePin)
    HAL_GetTick                              0x080018dd   Thumb Code    12  stm32f4xx_hal.o(.text.HAL_GetTick)
    HAL_I2C_Init                             0x080018e9   Thumb Code   356  stm32f4xx_hal_i2c.o(.text.HAL_I2C_Init)
    HAL_I2C_Mem_Write                        0x08001a4d   Thumb Code   348  stm32f4xx_hal_i2c.o(.text.HAL_I2C_Mem_Write)
    HAL_I2C_MspInit                          0x08001ba9   Thumb Code   116  i2c.o(.text.HAL_I2C_MspInit)
    HAL_IncTick                              0x08001c1d   Thumb Code    26  stm32f4xx_hal.o(.text.HAL_IncTick)
    HAL_Init                                 0x08001c39   Thumb Code    54  stm32f4xx_hal.o(.text.HAL_Init)
    HAL_InitTick                             0x08001c71   Thumb Code    72  stm32f4xx_hal.o(.text.HAL_InitTick)
    HAL_MspInit                              0x08001cb9   Thumb Code    56  stm32f4xx_hal_msp.o(.text.HAL_MspInit)
    HAL_NVIC_EnableIRQ                       0x08001cf1   Thumb Code    34  stm32f4xx_hal_cortex.o(.text.HAL_NVIC_EnableIRQ)
    HAL_NVIC_SetPriority                     0x08001d15   Thumb Code    86  stm32f4xx_hal_cortex.o(.text.HAL_NVIC_SetPriority)
    HAL_NVIC_SetPriorityGrouping             0x08001d6d   Thumb Code    32  stm32f4xx_hal_cortex.o(.text.HAL_NVIC_SetPriorityGrouping)
    HAL_RCC_ClockConfig                      0x08001d8d   Thumb Code   356  stm32f4xx_hal_rcc.o(.text.HAL_RCC_ClockConfig)
    HAL_RCC_GetPCLK1Freq                     0x08001ef1   Thumb Code    38  stm32f4xx_hal_rcc.o(.text.HAL_RCC_GetPCLK1Freq)
    HAL_RCC_GetPCLK2Freq                     0x08001f19   Thumb Code    38  stm32f4xx_hal_rcc.o(.text.HAL_RCC_GetPCLK2Freq)
    HAL_RCC_GetSysClockFreq                  0x08001f41   Thumb Code   108  stm32f4xx_hal_rcc.o(.text.HAL_RCC_GetSysClockFreq)
    HAL_RCC_OscConfig                        0x08001fad   Thumb Code   940  stm32f4xx_hal_rcc.o(.text.HAL_RCC_OscConfig)
    HAL_SYSTICK_Config                       0x08002359   Thumb Code    44  stm32f4xx_hal_cortex.o(.text.HAL_SYSTICK_Config)
    HAL_TIMEx_BreakCallback                  0x08002385   Thumb Code     2  stm32f4xx_hal_tim_ex.o(.text.HAL_TIMEx_BreakCallback)
    HAL_TIMEx_CommutCallback                 0x08002389   Thumb Code     2  stm32f4xx_hal_tim_ex.o(.text.HAL_TIMEx_CommutCallback)
    HAL_TIMEx_ConfigBreakDeadTime            0x0800238d   Thumb Code    76  stm32f4xx_hal_tim_ex.o(.text.HAL_TIMEx_ConfigBreakDeadTime)
    HAL_TIMEx_MasterConfigSynchronization    0x080023d9   Thumb Code   186  stm32f4xx_hal_tim_ex.o(.text.HAL_TIMEx_MasterConfigSynchronization)
    HAL_TIMEx_PWMN_Start                     0x08002495   Thumb Code   254  stm32f4xx_hal_tim_ex.o(.text.HAL_TIMEx_PWMN_Start)
    HAL_TIM_Base_Init                        0x08002595   Thumb Code    90  stm32f4xx_hal_tim.o(.text.HAL_TIM_Base_Init)
    HAL_TIM_Base_MspInit                     0x080025f1   Thumb Code   124  tim.o(.text.HAL_TIM_Base_MspInit)
    HAL_TIM_Base_Start_IT                    0x0800266d   Thumb Code   170  stm32f4xx_hal_tim.o(.text.HAL_TIM_Base_Start_IT)
    HAL_TIM_ConfigClockSource                0x08002719   Thumb Code   416  stm32f4xx_hal_tim.o(.text.HAL_TIM_ConfigClockSource)
    HAL_TIM_IC_CaptureCallback               0x080028b9   Thumb Code     2  stm32f4xx_hal_tim.o(.text.HAL_TIM_IC_CaptureCallback)
    HAL_TIM_IRQHandler                       0x080028bd   Thumb Code   334  stm32f4xx_hal_tim.o(.text.HAL_TIM_IRQHandler)
    HAL_TIM_MspPostInit                      0x08002a0d   Thumb Code   188  tim.o(.text.HAL_TIM_MspPostInit)
    HAL_TIM_OC_DelayElapsedCallback          0x08002ac9   Thumb Code     2  stm32f4xx_hal_tim.o(.text.HAL_TIM_OC_DelayElapsedCallback)
    HAL_TIM_PWM_ConfigChannel                0x08002acd   Thumb Code   544  stm32f4xx_hal_tim.o(.text.HAL_TIM_PWM_ConfigChannel)
    HAL_TIM_PWM_Init                         0x08002ced   Thumb Code    90  stm32f4xx_hal_tim.o(.text.HAL_TIM_PWM_Init)
    HAL_TIM_PWM_MspInit                      0x08002d49   Thumb Code     2  stm32f4xx_hal_tim.o(.text.HAL_TIM_PWM_MspInit)
    HAL_TIM_PWM_PulseFinishedCallback        0x08002d4d   Thumb Code     2  stm32f4xx_hal_tim.o(.text.HAL_TIM_PWM_PulseFinishedCallback)
    HAL_TIM_PWM_Start                        0x08002d51   Thumb Code   270  stm32f4xx_hal_tim.o(.text.HAL_TIM_PWM_Start)
    HAL_TIM_PeriodElapsedCallback            0x08002e61   Thumb Code   368  main.o(.text.HAL_TIM_PeriodElapsedCallback)
    HAL_TIM_TriggerCallback                  0x08002fe5   Thumb Code     2  stm32f4xx_hal_tim.o(.text.HAL_TIM_TriggerCallback)
    HAL_UART_Init                            0x08002fe9   Thumb Code    96  stm32f4xx_hal_uart.o(.text.HAL_UART_Init)
    HAL_UART_MspInit                         0x08003049   Thumb Code   118  usart.o(.text.HAL_UART_MspInit)
    HardFault_Handler                        0x080030c1   Thumb Code     2  stm32f4xx_it.o(.text.HardFault_Handler)
    MX_ADC1_Init                             0x080035a9   Thumb Code   108  adc.o(.text.MX_ADC1_Init)
    MX_DMA_Init                              0x08003615   Thumb Code    56  dma.o(.text.MX_DMA_Init)
    MX_GPIO_Init                             0x0800364d   Thumb Code   190  gpio.o(.text.MX_GPIO_Init)
    MX_I2C1_Init                             0x0800370d   Thumb Code    66  i2c.o(.text.MX_I2C1_Init)
    MX_TIM5_Init                             0x08003751   Thumb Code   116  tim.o(.text.MX_TIM5_Init)
    MX_TIM8_Init                             0x080037c5   Thumb Code   326  tim.o(.text.MX_TIM8_Init)
    MX_USART1_UART_Init                      0x0800390d   Thumb Code    60  usart.o(.text.MX_USART1_UART_Init)
    MemManage_Handler                        0x08003949   Thumb Code     2  stm32f4xx_it.o(.text.MemManage_Handler)
    NMI_Handler                              0x0800394d   Thumb Code     2  stm32f4xx_it.o(.text.NMI_Handler)
    OLED_Clear                               0x08003951   Thumb Code   172  oled.o(.text.OLED_Clear)
    OLED_Display_On                          0x080039fd   Thumb Code   106  oled.o(.text.OLED_Display_On)
    OLED_Init                                0x08003a69   Thumb Code    16  oled.o(.text.OLED_Init)
    OLED_ShowChar                            0x08003a79   Thumb Code   936  oled.o(.text.OLED_ShowChar)
    OLED_ShowString                          0x08003e21   Thumb Code    64  oled.o(.text.OLED_ShowString)
    PendSV_Handler                           0x08003e61   Thumb Code     2  stm32f4xx_it.o(.text.PendSV_Handler)
    SVC_Handler                              0x08003e65   Thumb Code     2  stm32f4xx_it.o(.text.SVC_Handler)
    SysTick_Handler                          0x08003e69   Thumb Code     4  stm32f4xx_it.o(.text.SysTick_Handler)
    SystemClock_Config                       0x08003e6d   Thumb Code   168  main.o(.text.SystemClock_Config)
    SystemInit                               0x08003f15   Thumb Code    18  system_stm32f4xx.o(.text.SystemInit)
    TIM5_IRQHandler                          0x08003f29   Thumb Code    12  stm32f4xx_it.o(.text.TIM5_IRQHandler)
    TIM8_UP_TIM13_IRQHandler                 0x08003f35   Thumb Code    12  stm32f4xx_it.o(.text.TIM8_UP_TIM13_IRQHandler)
    TIM_Base_SetConfig                       0x08003f41   Thumb Code   314  stm32f4xx_hal_tim.o(.text.TIM_Base_SetConfig)
    UsageFault_Handler                       0x08004165   Thumb Code     2  stm32f4xx_it.o(.text.UsageFault_Handler)
    WriteCmd                                 0x08004169   Thumb Code   606  oled.o(.text.WriteCmd)
    main                                     0x080043c9   Thumb Code  1702  main.o(.text.main)
    _btod_d2e                                0x08004a6f   Thumb Code    62  btod.o(CL$$btod_d2e)
    _d2e_denorm_low                          0x08004aad   Thumb Code    70  btod.o(CL$$btod_d2e_denorm_low)
    _d2e_norm_op1                            0x08004af3   Thumb Code    96  btod.o(CL$$btod_d2e_norm_op1)
    __btod_div_common                        0x08004b55   Thumb Code   696  btod.o(CL$$btod_div_common)
    _e2e                                     0x08004e8d   Thumb Code   220  btod.o(CL$$btod_e2e)
    _btod_ediv                               0x08004f69   Thumb Code    42  btod.o(CL$$btod_ediv)
    _btod_emul                               0x08004f93   Thumb Code    42  btod.o(CL$$btod_emul)
    __btod_mult_common                       0x08004fbd   Thumb Code   580  btod.o(CL$$btod_mult_common)
    __ARM_fpclassify                         0x08005201   Thumb Code    48  fpclassify.o(i.__ARM_fpclassify)
    __hardfp_roundf                          0x08005231   Thumb Code   154  roundf.o(i.__hardfp_roundf)
    _is_digit                                0x080052cb   Thumb Code    14  __printf_wp.o(i._is_digit)
    _get_lc_numeric                          0x080052d9   Thumb Code    44  lc_numeric_c.o(locale$$code)
    __fpl_dretinf                            0x08005305   Thumb Code    12  dretinf.o(x$fpl$dretinf)
    __aeabi_f2d                              0x08005311   Thumb Code     0  f2d.o(x$fpl$f2d)
    _f2d                                     0x08005311   Thumb Code    86  f2d.o(x$fpl$f2d)
    __fpl_fnaninf                            0x08005367   Thumb Code   140  fnaninf.o(x$fpl$fnaninf)
    _fp_init                                 0x080053f3   Thumb Code    26  fpinit.o(x$fpl$fpinit)
    __fplib_config_fpu_vfp                   0x0800540b   Thumb Code     0  fpinit.o(x$fpl$fpinit)
    __fplib_config_pureend_doubles           0x0800540b   Thumb Code     0  fpinit.o(x$fpl$fpinit)
    _frnd                                    0x0800540d   Thumb Code    96  frnd.o(x$fpl$frnd)
    _printf_fp_dec                           0x0800546d   Thumb Code     4  printf1.o(x$fpl$printf1)
    __I$use$fp                               0x08005470   Number         0  usenofp.o(x$fpl$usenofp)
    AHBPrescTable                            0x08005504   Data          16  system_stm32f4xx.o(.rodata.AHBPrescTable)
    APBPrescTable                            0x08005514   Data           8  system_stm32f4xx.o(.rodata.APBPrescTable)
    F6x8                                     0x0800551c   Data         552  oled.o(.rodata.F6x8)
    F8x16                                    0x08005744   Data        1520  oled.o(.rodata.F8x16)
    oled_string_group                        0x08005d3c   Data          32  main.o(.rodata.oled_string_group)
    Region$$Table$$Base                      0x08005d68   Number         0  anon$$obj.o(Region$$Table)
    Region$$Table$$Limit                     0x08005d88   Number         0  anon$$obj.o(Region$$Table)
    uwTickFreq                               0x20000000   Data           1  stm32f4xx_hal.o(.data..L_MergedGlobals)
    uwTickPrio                               0x20000004   Data           4  stm32f4xx_hal.o(.data..L_MergedGlobals)
    CMD_Data                                 0x20000008   Data          27  oled.o(.data.CMD_Data)
    SystemCoreClock                          0x20000024   Data           4  system_stm32f4xx.o(.data.SystemCoreClock)
    harmonic3_table                          0x20000028   Data        2400  main.o(.data.harmonic3_table)
    sin_table                                0x20000988   Data        2400  main.o(.data.sin_table)
    __libspace_start                         0x200012e8   Data          96  libspace.o(.bss)
    __temporary_stack_top$libspace           0x20001348   Data           0  libspace.o(.bss)
    dma_flag                                 0x20001348   Data           1  main.o(.bss..L_MergedGlobals)
    btn0                                     0x20001364   Data          24  main.o(.bss..L_MergedGlobals)
    btn1                                     0x2000137c   Data          24  main.o(.bss..L_MergedGlobals)
    btn2                                     0x20001394   Data          24  main.o(.bss..L_MergedGlobals)
    btn3                                     0x200013ac   Data          24  main.o(.bss..L_MergedGlobals)
    hadc1                                    0x200013c8   Data          72  adc.o(.bss.hadc1)
    hdma_adc1                                0x20001410   Data          96  adc.o(.bss.hdma_adc1)
    hi2c1                                    0x20001470   Data          84  i2c.o(.bss.hi2c1)
    htim5                                    0x200014c4   Data          72  tim.o(.bss.htim5)
    htim8                                    0x2000150c   Data          72  tim.o(.bss.htim8)
    huart1                                   0x20001554   Data          72  usart.o(.bss.huart1)
    uwTick                                   0x2000159c   Data           4  stm32f4xx_hal.o(.bss.uwTick)
    v_ctrl                                   0x200015a0   Data        2384  main.o(.bss.v_ctrl)



==============================================================================

Memory Map of the image

  Image Entry point : 0x08000189

  Load Region LR_IROM1 (Base: 0x08000000, Size: 0x00007090, Max: 0x00100000, ABSOLUTE, COMPRESSED[0x000064c8])

    Execution Region ER_IROM1 (Exec base: 0x08000000, Load base: 0x08000000, Size: 0x00005da4, Max: 0x00100000, ABSOLUTE)

    Exec Addr    Load Addr    Size         Type   Attr      Idx    E Section Name        Object

    0x08000000   0x08000000   0x00000188   Data   RO            3    RESET               startup_stm32f407xx.o
    0x08000188   0x08000188   0x00000008   Code   RO         1379  * !!!main             c_w.l(__main.o)
    0x08000190   0x08000190   0x0000005c   Code   RO         1651    !!!scatter          c_w.l(__scatter.o)
    0x080001ec   0x080001ec   0x00000064   Code   RO         1649    !!dclz77c           c_w.l(__dclz77c.o)
    0x08000250   0x08000250   0x00000002   Code   RO         1652    !!handler_null      c_w.l(__scatter.o)
    0x08000252   0x08000252   0x00000002   PAD
    0x08000254   0x08000254   0x0000001c   Code   RO         1655    !!handler_zi        c_w.l(__scatter_zi.o)
    0x08000270   0x08000270   0x00000000   Code   RO         1368    .ARM.Collect$$_printf_percent$$00000000  c_w.l(_printf_percent.o)
    0x08000270   0x08000270   0x00000006   Code   RO         1367    .ARM.Collect$$_printf_percent$$00000003  c_w.l(_printf_f.o)
    0x08000276   0x08000276   0x00000004   Code   RO         1416    .ARM.Collect$$_printf_percent$$00000017  c_w.l(_printf_percent_end.o)
    0x0800027a   0x0800027a   0x00000002   Code   RO         1512    .ARM.Collect$$libinit$$00000000  c_w.l(libinit.o)
    0x0800027c   0x0800027c   0x00000004   Code   RO         1513    .ARM.Collect$$libinit$$00000001  c_w.l(libinit2.o)
    0x08000280   0x08000280   0x00000000   Code   RO         1516    .ARM.Collect$$libinit$$00000004  c_w.l(libinit2.o)
    0x08000280   0x08000280   0x00000000   Code   RO         1518    .ARM.Collect$$libinit$$00000006  c_w.l(libinit2.o)
    0x08000280   0x08000280   0x00000000   Code   RO         1521    .ARM.Collect$$libinit$$0000000C  c_w.l(libinit2.o)
    0x08000280   0x08000280   0x00000000   Code   RO         1523    .ARM.Collect$$libinit$$0000000E  c_w.l(libinit2.o)
    0x08000280   0x08000280   0x00000000   Code   RO         1525    .ARM.Collect$$libinit$$00000010  c_w.l(libinit2.o)
    0x08000280   0x08000280   0x00000006   Code   RO         1526    .ARM.Collect$$libinit$$00000011  c_w.l(libinit2.o)
    0x08000286   0x08000286   0x00000000   Code   RO         1528    .ARM.Collect$$libinit$$00000013  c_w.l(libinit2.o)
    0x08000286   0x08000286   0x00000000   Code   RO         1530    .ARM.Collect$$libinit$$00000015  c_w.l(libinit2.o)
    0x08000286   0x08000286   0x00000000   Code   RO         1532    .ARM.Collect$$libinit$$00000017  c_w.l(libinit2.o)
    0x08000286   0x08000286   0x0000000a   Code   RO         1533    .ARM.Collect$$libinit$$00000018  c_w.l(libinit2.o)
    0x08000290   0x08000290   0x00000000   Code   RO         1534    .ARM.Collect$$libinit$$00000019  c_w.l(libinit2.o)
    0x08000290   0x08000290   0x00000000   Code   RO         1536    .ARM.Collect$$libinit$$0000001B  c_w.l(libinit2.o)
    0x08000290   0x08000290   0x00000000   Code   RO         1538    .ARM.Collect$$libinit$$0000001D  c_w.l(libinit2.o)
    0x08000290   0x08000290   0x00000000   Code   RO         1540    .ARM.Collect$$libinit$$0000001F  c_w.l(libinit2.o)
    0x08000290   0x08000290   0x00000000   Code   RO         1542    .ARM.Collect$$libinit$$00000021  c_w.l(libinit2.o)
    0x08000290   0x08000290   0x00000000   Code   RO         1544    .ARM.Collect$$libinit$$00000023  c_w.l(libinit2.o)
    0x08000290   0x08000290   0x00000000   Code   RO         1546    .ARM.Collect$$libinit$$00000025  c_w.l(libinit2.o)
    0x08000290   0x08000290   0x00000000   Code   RO         1548    .ARM.Collect$$libinit$$00000027  c_w.l(libinit2.o)
    0x08000290   0x08000290   0x00000000   Code   RO         1552    .ARM.Collect$$libinit$$0000002E  c_w.l(libinit2.o)
    0x08000290   0x08000290   0x00000000   Code   RO         1554    .ARM.Collect$$libinit$$00000030  c_w.l(libinit2.o)
    0x08000290   0x08000290   0x00000000   Code   RO         1556    .ARM.Collect$$libinit$$00000032  c_w.l(libinit2.o)
    0x08000290   0x08000290   0x00000000   Code   RO         1558    .ARM.Collect$$libinit$$00000034  c_w.l(libinit2.o)
    0x08000290   0x08000290   0x00000002   Code   RO         1559    .ARM.Collect$$libinit$$00000035  c_w.l(libinit2.o)
    0x08000292   0x08000292   0x00000002   Code   RO         1614    .ARM.Collect$$libshutdown$$00000000  c_w.l(libshutdown.o)
    0x08000294   0x08000294   0x00000000   Code   RO         1632    .ARM.Collect$$libshutdown$$00000002  c_w.l(libshutdown2.o)
    0x08000294   0x08000294   0x00000000   Code   RO         1634    .ARM.Collect$$libshutdown$$00000004  c_w.l(libshutdown2.o)
    0x08000294   0x08000294   0x00000000   Code   RO         1637    .ARM.Collect$$libshutdown$$00000007  c_w.l(libshutdown2.o)
    0x08000294   0x08000294   0x00000000   Code   RO         1640    .ARM.Collect$$libshutdown$$0000000A  c_w.l(libshutdown2.o)
    0x08000294   0x08000294   0x00000000   Code   RO         1642    .ARM.Collect$$libshutdown$$0000000C  c_w.l(libshutdown2.o)
    0x08000294   0x08000294   0x00000000   Code   RO         1645    .ARM.Collect$$libshutdown$$0000000F  c_w.l(libshutdown2.o)
    0x08000294   0x08000294   0x00000002   Code   RO         1646    .ARM.Collect$$libshutdown$$00000010  c_w.l(libshutdown2.o)
    0x08000296   0x08000296   0x00000000   Code   RO         1403    .ARM.Collect$$rtentry$$00000000  c_w.l(__rtentry.o)
    0x08000296   0x08000296   0x00000000   Code   RO         1431    .ARM.Collect$$rtentry$$00000002  c_w.l(__rtentry2.o)
    0x08000296   0x08000296   0x00000006   Code   RO         1443    .ARM.Collect$$rtentry$$00000004  c_w.l(__rtentry4.o)
    0x0800029c   0x0800029c   0x00000000   Code   RO         1433    .ARM.Collect$$rtentry$$00000009  c_w.l(__rtentry2.o)
    0x0800029c   0x0800029c   0x00000004   Code   RO         1434    .ARM.Collect$$rtentry$$0000000A  c_w.l(__rtentry2.o)
    0x080002a0   0x080002a0   0x00000000   Code   RO         1436    .ARM.Collect$$rtentry$$0000000C  c_w.l(__rtentry2.o)
    0x080002a0   0x080002a0   0x00000008   Code   RO         1437    .ARM.Collect$$rtentry$$0000000D  c_w.l(__rtentry2.o)
    0x080002a8   0x080002a8   0x00000002   Code   RO         1560    .ARM.Collect$$rtexit$$00000000  c_w.l(rtexit.o)
    0x080002aa   0x080002aa   0x00000000   Code   RO         1579    .ARM.Collect$$rtexit$$00000002  c_w.l(rtexit2.o)
    0x080002aa   0x080002aa   0x00000004   Code   RO         1580    .ARM.Collect$$rtexit$$00000003  c_w.l(rtexit2.o)
    0x080002ae   0x080002ae   0x00000006   Code   RO         1581    .ARM.Collect$$rtexit$$00000004  c_w.l(rtexit2.o)
    0x080002b4   0x080002b4   0x00000040   Code   RO            4    .text               startup_stm32f407xx.o
    0x080002f4   0x080002f4   0x000000f0   Code   RO         1339    .text               c_w.l(lludivv7m.o)
    0x080003e4   0x080003e4   0x00000028   Code   RO         1343    .text               c_w.l(noretval__2sprintf.o)
    0x0800040c   0x0800040c   0x0000010e   Code   RO         1355    .text               c_w.l(__printf_wp.o)
    0x0800051a   0x0800051a   0x0000004e   Code   RO         1375    .text               c_w.l(rt_memclr_w.o)
    0x08000568   0x08000568   0x00000006   Code   RO         1377    .text               c_w.l(heapauxi.o)
    0x0800056e   0x0800056e   0x0000041c   Code   RO         1408    .text               c_w.l(_printf_fp_dec.o)
    0x0800098a   0x0800098a   0x00000002   PAD
    0x0800098c   0x0800098c   0x00000030   Code   RO         1412    .text               c_w.l(_printf_char_common.o)
    0x080009bc   0x080009bc   0x0000000a   Code   RO         1414    .text               c_w.l(_sputc.o)
    0x080009c6   0x080009c6   0x00000002   PAD
    0x080009c8   0x080009c8   0x00000008   Code   RO         1450    .text               c_w.l(rt_locale_intlibspace.o)
    0x080009d0   0x080009d0   0x0000008a   Code   RO         1452    .text               c_w.l(lludiv10.o)
    0x08000a5a   0x08000a5a   0x00000002   PAD
    0x08000a5c   0x08000a5c   0x00000080   Code   RO         1454    .text               c_w.l(_printf_fp_infnan.o)
    0x08000adc   0x08000adc   0x000000e4   Code   RO         1458    .text               c_w.l(bigflt0.o)
    0x08000bc0   0x08000bc0   0x00000008   Code   RO         1492    .text               c_w.l(libspace.o)
    0x08000bc8   0x08000bc8   0x0000004a   Code   RO         1495    .text               c_w.l(sys_stackheap_outer.o)
    0x08000c12   0x08000c12   0x00000012   Code   RO         1499    .text               c_w.l(exit.o)
    0x08000c24   0x08000c24   0x00000004   PAD
    0x08000c28   0x08000c28   0x0000007c   Code   RO         1505    .text               c_w.l(strcmpv7em.o)
    0x08000ca4   0x08000ca4   0x0000000c   Code   RO         1574    .text               c_w.l(sys_exit.o)
    0x08000cb0   0x08000cb0   0x00000002   Code   RO         1601    .text               c_w.l(use_no_semi.o)
    0x08000cb2   0x08000cb2   0x00000000   Code   RO         1603    .text               c_w.l(indicate_semi.o)
    0x08000cb2   0x08000cb2   0x00000002   PAD
    0x08000cb4   0x08000cb4   0x0000006e   Code   RO          214    .text.ADC_DMAConvCplt  stm32f4xx_hal_adc.o
    0x08000d22   0x08000d22   0x00000002   PAD
    0x08000d24   0x08000d24   0x00000012   Code   RO          218    .text.ADC_DMAError  stm32f4xx_hal_adc.o
    0x08000d36   0x08000d36   0x00000002   PAD
    0x08000d38   0x08000d38   0x00000006   Code   RO          216    .text.ADC_DMAHalfConvCplt  stm32f4xx_hal_adc.o
    0x08000d3e   0x08000d3e   0x00000002   PAD
    0x08000d40   0x08000d40   0x00000002   Code   RO          151    .text.BusFault_Handler  stm32f4xx_it.o
    0x08000d42   0x08000d42   0x00000002   PAD
    0x08000d44   0x08000d44   0x0000000a   Code   RO         1328    .text.Button_GetEvent  button.o
    0x08000d4e   0x08000d4e   0x00000002   PAD
    0x08000d50   0x08000d50   0x00000020   Code   RO         1324    .text.Button_Init   button.o
    0x08000d70   0x08000d70   0x0000007c   Code   RO         1326    .text.Button_Update  button.o
    0x08000dec   0x08000dec   0x0000000c   Code   RO          167    .text.DMA2_Stream0_IRQHandler  stm32f4xx_it.o
    0x08000df8   0x08000df8   0x00000002   Code   RO          157    .text.DebugMon_Handler  stm32f4xx_it.o
    0x08000dfa   0x08000dfa   0x00000002   PAD
    0x08000dfc   0x08000dfc   0x00000006   Code   RO           33    .text.Error_Handler  main.o
    0x08000e02   0x08000e02   0x00000002   PAD
    0x08000e04   0x08000e04   0x00000144   Code   RO          226    .text.HAL_ADC_ConfigChannel  stm32f4xx_hal_adc.o
    0x08000f48   0x08000f48   0x0000001e   Code   RO           43    .text.HAL_ADC_ConvCpltCallback  main.o
    0x08000f66   0x08000f66   0x00000002   PAD
    0x08000f68   0x08000f68   0x00000002   Code   RO          224    .text.HAL_ADC_ConvHalfCpltCallback  stm32f4xx_hal_adc.o
    0x08000f6a   0x08000f6a   0x00000002   PAD
    0x08000f6c   0x08000f6c   0x00000002   Code   RO          210    .text.HAL_ADC_ErrorCallback  stm32f4xx_hal_adc.o
    0x08000f6e   0x08000f6e   0x00000002   PAD
    0x08000f70   0x08000f70   0x0000015c   Code   RO          184    .text.HAL_ADC_Init  stm32f4xx_hal_adc.o
    0x080010cc   0x080010cc   0x000000b0   Code   RO           72    .text.HAL_ADC_MspInit  adc.o
    0x0800117c   0x0800117c   0x000001a2   Code   RO          212    .text.HAL_ADC_Start_DMA  stm32f4xx_hal_adc.o
    0x0800131e   0x0800131e   0x00000002   PAD
    0x08001320   0x08001320   0x000001c4   Code   RO          443    .text.HAL_DMA_IRQHandler  stm32f4xx_hal_dma.o
    0x080014e4   0x080014e4   0x00000162   Code   RO          429    .text.HAL_DMA_Init  stm32f4xx_hal_dma.o
    0x08001646   0x08001646   0x00000002   PAD
    0x08001648   0x08001648   0x000000a2   Code   RO          435    .text.HAL_DMA_Start_IT  stm32f4xx_hal_dma.o
    0x080016ea   0x080016ea   0x00000002   PAD
    0x080016ec   0x080016ec   0x00000028   Code   RO          596    .text.HAL_Delay     stm32f4xx_hal.o
    0x08001714   0x08001714   0x0000019e   Code   RO          391    .text.HAL_GPIO_Init  stm32f4xx_hal_gpio.o
    0x080018b2   0x080018b2   0x00000002   PAD
    0x080018b4   0x080018b4   0x0000000a   Code   RO          395    .text.HAL_GPIO_ReadPin  stm32f4xx_hal_gpio.o
    0x080018be   0x080018be   0x00000002   PAD
    0x080018c0   0x080018c0   0x00000010   Code   RO          399    .text.HAL_GPIO_TogglePin  stm32f4xx_hal_gpio.o
    0x080018d0   0x080018d0   0x0000000a   Code   RO          397    .text.HAL_GPIO_WritePin  stm32f4xx_hal_gpio.o
    0x080018da   0x080018da   0x00000002   PAD
    0x080018dc   0x080018dc   0x0000000c   Code   RO          588    .text.HAL_GetTick   stm32f4xx_hal.o
    0x080018e8   0x080018e8   0x00000164   Code   RO          666    .text.HAL_I2C_Init  stm32f4xx_hal_i2c.o
    0x08001a4c   0x08001a4c   0x0000015c   Code   RO          710    .text.HAL_I2C_Mem_Write  stm32f4xx_hal_i2c.o
    0x08001ba8   0x08001ba8   0x00000074   Code   RO           97    .text.HAL_I2C_MspInit  i2c.o
    0x08001c1c   0x08001c1c   0x0000001a   Code   RO          586    .text.HAL_IncTick   stm32f4xx_hal.o
    0x08001c36   0x08001c36   0x00000002   PAD
    0x08001c38   0x08001c38   0x00000036   Code   RO          576    .text.HAL_Init      stm32f4xx_hal.o
    0x08001c6e   0x08001c6e   0x00000002   PAD
    0x08001c70   0x08001c70   0x00000048   Code   RO          578    .text.HAL_InitTick  stm32f4xx_hal.o
    0x08001cb8   0x08001cb8   0x00000038   Code   RO          176    .text.HAL_MspInit   stm32f4xx_hal_msp.o
    0x08001cf0   0x08001cf0   0x00000022   Code   RO          528    .text.HAL_NVIC_EnableIRQ  stm32f4xx_hal_cortex.o
    0x08001d12   0x08001d12   0x00000002   PAD
    0x08001d14   0x08001d14   0x00000056   Code   RO          526    .text.HAL_NVIC_SetPriority  stm32f4xx_hal_cortex.o
    0x08001d6a   0x08001d6a   0x00000002   PAD
    0x08001d6c   0x08001d6c   0x00000020   Code   RO          524    .text.HAL_NVIC_SetPriorityGrouping  stm32f4xx_hal_cortex.o
    0x08001d8c   0x08001d8c   0x00000164   Code   RO          285    .text.HAL_RCC_ClockConfig  stm32f4xx_hal_rcc.o
    0x08001ef0   0x08001ef0   0x00000026   Code   RO          297    .text.HAL_RCC_GetPCLK1Freq  stm32f4xx_hal_rcc.o
    0x08001f16   0x08001f16   0x00000002   PAD
    0x08001f18   0x08001f18   0x00000026   Code   RO          299    .text.HAL_RCC_GetPCLK2Freq  stm32f4xx_hal_rcc.o
    0x08001f3e   0x08001f3e   0x00000002   PAD
    0x08001f40   0x08001f40   0x0000006c   Code   RO          287    .text.HAL_RCC_GetSysClockFreq  stm32f4xx_hal_rcc.o
    0x08001fac   0x08001fac   0x000003ac   Code   RO          283    .text.HAL_RCC_OscConfig  stm32f4xx_hal_rcc.o
    0x08002358   0x08002358   0x0000002c   Code   RO          536    .text.HAL_SYSTICK_Config  stm32f4xx_hal_cortex.o
    0x08002384   0x08002384   0x00000002   Code   RO         1110    .text.HAL_TIMEx_BreakCallback  stm32f4xx_hal_tim_ex.o
    0x08002386   0x08002386   0x00000002   PAD
    0x08002388   0x08002388   0x00000002   Code   RO         1106    .text.HAL_TIMEx_CommutCallback  stm32f4xx_hal_tim_ex.o
    0x0800238a   0x0800238a   0x00000002   PAD
    0x0800238c   0x0800238c   0x0000004c   Code   RO         1102    .text.HAL_TIMEx_ConfigBreakDeadTime  stm32f4xx_hal_tim_ex.o
    0x080023d8   0x080023d8   0x000000ba   Code   RO         1100    .text.HAL_TIMEx_MasterConfigSynchronization  stm32f4xx_hal_tim_ex.o
    0x08002492   0x08002492   0x00000002   PAD
    0x08002494   0x08002494   0x000000fe   Code   RO         1070    .text.HAL_TIMEx_PWMN_Start  stm32f4xx_hal_tim_ex.o
    0x08002592   0x08002592   0x00000002   PAD
    0x08002594   0x08002594   0x0000005a   Code   RO          805    .text.HAL_TIM_Base_Init  stm32f4xx_hal_tim.o
    0x080025ee   0x080025ee   0x00000002   PAD
    0x080025f0   0x080025f0   0x0000007c   Code   RO          116    .text.HAL_TIM_Base_MspInit  tim.o
    0x0800266c   0x0800266c   0x000000aa   Code   RO          819    .text.HAL_TIM_Base_Start_IT  stm32f4xx_hal_tim.o
    0x08002716   0x08002716   0x00000002   PAD
    0x08002718   0x08002718   0x000001a0   Code   RO          985    .text.HAL_TIM_ConfigClockSource  stm32f4xx_hal_tim.o
    0x080028b8   0x080028b8   0x00000002   Code   RO          941    .text.HAL_TIM_IC_CaptureCallback  stm32f4xx_hal_tim.o
    0x080028ba   0x080028ba   0x00000002   PAD
    0x080028bc   0x080028bc   0x0000014e   Code   RO          939    .text.HAL_TIM_IRQHandler  stm32f4xx_hal_tim.o
    0x08002a0a   0x08002a0a   0x00000002   PAD
    0x08002a0c   0x08002a0c   0x000000bc   Code   RO          114    .text.HAL_TIM_MspPostInit  tim.o
    0x08002ac8   0x08002ac8   0x00000002   Code   RO          943    .text.HAL_TIM_OC_DelayElapsedCallback  stm32f4xx_hal_tim.o
    0x08002aca   0x08002aca   0x00000002   PAD
    0x08002acc   0x08002acc   0x00000220   Code   RO          959    .text.HAL_TIM_PWM_ConfigChannel  stm32f4xx_hal_tim.o
    0x08002cec   0x08002cec   0x0000005a   Code   RO          859    .text.HAL_TIM_PWM_Init  stm32f4xx_hal_tim.o
    0x08002d46   0x08002d46   0x00000002   PAD
    0x08002d48   0x08002d48   0x00000002   Code   RO          861    .text.HAL_TIM_PWM_MspInit  stm32f4xx_hal_tim.o
    0x08002d4a   0x08002d4a   0x00000002   PAD
    0x08002d4c   0x08002d4c   0x00000002   Code   RO          945    .text.HAL_TIM_PWM_PulseFinishedCallback  stm32f4xx_hal_tim.o
    0x08002d4e   0x08002d4e   0x00000002   PAD
    0x08002d50   0x08002d50   0x0000010e   Code   RO          867    .text.HAL_TIM_PWM_Start  stm32f4xx_hal_tim.o
    0x08002e5e   0x08002e5e   0x00000002   PAD
    0x08002e60   0x08002e60   0x00000184   Code   RO           35    .text.HAL_TIM_PeriodElapsedCallback  main.o
    0x08002fe4   0x08002fe4   0x00000002   Code   RO          949    .text.HAL_TIM_TriggerCallback  stm32f4xx_hal_tim.o
    0x08002fe6   0x08002fe6   0x00000002   PAD
    0x08002fe8   0x08002fe8   0x00000060   Code   RO         1124    .text.HAL_UART_Init  stm32f4xx_hal_uart.o
    0x08003048   0x08003048   0x00000076   Code   RO          132    .text.HAL_UART_MspInit  usart.o
    0x080030be   0x080030be   0x00000002   PAD
    0x080030c0   0x080030c0   0x00000002   Code   RO          147    .text.HardFault_Handler  stm32f4xx_it.o
    0x080030c2   0x080030c2   0x00000002   PAD
    0x080030c4   0x080030c4   0x000000c8   Code   RO          712    .text.I2C_RequestMemoryWrite  stm32f4xx_hal_i2c.o
    0x0800318c   0x0800318c   0x000000ba   Code   RO          680    .text.I2C_WaitOnBTFFlagUntilTimeout  stm32f4xx_hal_i2c.o
    0x08003246   0x08003246   0x00000002   PAD
    0x08003248   0x08003248   0x000001ca   Code   RO          676    .text.I2C_WaitOnFlagUntilTimeout  stm32f4xx_hal_i2c.o
    0x08003412   0x08003412   0x00000002   PAD
    0x08003414   0x08003414   0x000000d6   Code   RO          794    .text.I2C_WaitOnMasterAddressFlagUntilTimeout  stm32f4xx_hal_i2c.o
    0x080034ea   0x080034ea   0x00000002   PAD
    0x080034ec   0x080034ec   0x000000ba   Code   RO          678    .text.I2C_WaitOnTXEFlagUntilTimeout  stm32f4xx_hal_i2c.o
    0x080035a6   0x080035a6   0x00000002   PAD
    0x080035a8   0x080035a8   0x0000006c   Code   RO           70    .text.MX_ADC1_Init  adc.o
    0x08003614   0x08003614   0x00000038   Code   RO           86    .text.MX_DMA_Init   dma.o
    0x0800364c   0x0800364c   0x000000be   Code   RO           61    .text.MX_GPIO_Init  gpio.o
    0x0800370a   0x0800370a   0x00000002   PAD
    0x0800370c   0x0800370c   0x00000042   Code   RO           95    .text.MX_I2C1_Init  i2c.o
    0x0800374e   0x0800374e   0x00000002   PAD
    0x08003750   0x08003750   0x00000074   Code   RO          110    .text.MX_TIM5_Init  tim.o
    0x080037c4   0x080037c4   0x00000146   Code   RO          112    .text.MX_TIM8_Init  tim.o
    0x0800390a   0x0800390a   0x00000002   PAD
    0x0800390c   0x0800390c   0x0000003c   Code   RO          130    .text.MX_USART1_UART_Init  usart.o
    0x08003948   0x08003948   0x00000002   Code   RO          149    .text.MemManage_Handler  stm32f4xx_it.o
    0x0800394a   0x0800394a   0x00000002   PAD
    0x0800394c   0x0800394c   0x00000002   Code   RO          145    .text.NMI_Handler   stm32f4xx_it.o
    0x0800394e   0x0800394e   0x00000002   PAD
    0x08003950   0x08003950   0x000000ac   Code   RO         1290    .text.OLED_Clear    oled.o
    0x080039fc   0x080039fc   0x0000006a   Code   RO         1294    .text.OLED_Display_On  oled.o
    0x08003a66   0x08003a66   0x00000002   PAD
    0x08003a68   0x08003a68   0x00000010   Code   RO         1288    .text.OLED_Init     oled.o
    0x08003a78   0x08003a78   0x000003a8   Code   RO         1304    .text.OLED_ShowChar  oled.o
    0x08003e20   0x08003e20   0x00000040   Code   RO         1308    .text.OLED_ShowString  oled.o
    0x08003e60   0x08003e60   0x00000002   Code   RO          159    .text.PendSV_Handler  stm32f4xx_it.o
    0x08003e62   0x08003e62   0x00000002   PAD
    0x08003e64   0x08003e64   0x00000002   Code   RO          155    .text.SVC_Handler   stm32f4xx_it.o
    0x08003e66   0x08003e66   0x00000002   PAD
    0x08003e68   0x08003e68   0x00000004   Code   RO          161    .text.SysTick_Handler  stm32f4xx_it.o
    0x08003e6c   0x08003e6c   0x000000a8   Code   RO           13    .text.SystemClock_Config  main.o
    0x08003f14   0x08003f14   0x00000012   Code   RO         1246    .text.SystemInit    system_stm32f4xx.o
    0x08003f26   0x08003f26   0x00000002   PAD
    0x08003f28   0x08003f28   0x0000000c   Code   RO          165    .text.TIM5_IRQHandler  stm32f4xx_it.o
    0x08003f34   0x08003f34   0x0000000c   Code   RO          163    .text.TIM8_UP_TIM13_IRQHandler  stm32f4xx_it.o
    0x08003f40   0x08003f40   0x0000013a   Code   RO          809    .text.TIM_Base_SetConfig  stm32f4xx_hal_tim.o
    0x0800407a   0x0800407a   0x00000002   PAD
    0x0800407c   0x0800407c   0x000000e6   Code   RO         1128    .text.UART_SetConfig  stm32f4xx_hal_uart.o
    0x08004162   0x08004162   0x00000002   PAD
    0x08004164   0x08004164   0x00000002   Code   RO          153    .text.UsageFault_Handler  stm32f4xx_it.o
    0x08004166   0x08004166   0x00000002   PAD
    0x08004168   0x08004168   0x0000025e   Code   RO         1282    .text.WriteCmd      oled.o
    0x080043c6   0x080043c6   0x00000002   PAD
    0x080043c8   0x080043c8   0x000006a6   Code   RO           11    .text.main          main.o
    0x08004a6e   0x08004a6e   0x0000003e   Code   RO         1461    CL$$btod_d2e        c_w.l(btod.o)
    0x08004aac   0x08004aac   0x00000046   Code   RO         1463    CL$$btod_d2e_denorm_low  c_w.l(btod.o)
    0x08004af2   0x08004af2   0x00000060   Code   RO         1462    CL$$btod_d2e_norm_op1  c_w.l(btod.o)
    0x08004b52   0x08004b52   0x00000002   PAD
    0x08004b54   0x08004b54   0x00000338   Code   RO         1471    CL$$btod_div_common  c_w.l(btod.o)
    0x08004e8c   0x08004e8c   0x000000dc   Code   RO         1468    CL$$btod_e2e        c_w.l(btod.o)
    0x08004f68   0x08004f68   0x0000002a   Code   RO         1465    CL$$btod_ediv       c_w.l(btod.o)
    0x08004f92   0x08004f92   0x0000002a   Code   RO         1464    CL$$btod_emul       c_w.l(btod.o)
    0x08004fbc   0x08004fbc   0x00000244   Code   RO         1470    CL$$btod_mult_common  c_w.l(btod.o)
    0x08005200   0x08005200   0x00000030   Code   RO         1490    i.__ARM_fpclassify  m_wm.l(fpclassify.o)
    0x08005230   0x08005230   0x0000009a   Code   RO         1399    i.__hardfp_roundf   m_wm.l(roundf.o)
    0x080052ca   0x080052ca   0x0000000e   Code   RO         1357    i._is_digit         c_w.l(__printf_wp.o)
    0x080052d8   0x080052d8   0x0000002c   Code   RO         1486    locale$$code        c_w.l(lc_numeric_c.o)
    0x08005304   0x08005304   0x0000000c   Code   RO         1421    x$fpl$dretinf       fz_wm.l(dretinf.o)
    0x08005310   0x08005310   0x00000056   Code   RO         1395    x$fpl$f2d           fz_wm.l(f2d.o)
    0x08005366   0x08005366   0x0000008c   Code   RO         1423    x$fpl$fnaninf       fz_wm.l(fnaninf.o)
    0x080053f2   0x080053f2   0x0000001a   Code   RO         1572    x$fpl$fpinit        fz_wm.l(fpinit.o)
    0x0800540c   0x0800540c   0x00000060   Code   RO         1427    x$fpl$frnd          fz_wm.l(frnd.o)
    0x0800546c   0x0800546c   0x00000004   Code   RO         1397    x$fpl$printf1       fz_wm.l(printf1.o)
    0x08005470   0x08005470   0x00000000   Code   RO         1429    x$fpl$usenofp       fz_wm.l(usenofp.o)
    0x08005470   0x08005470   0x00000094   Data   RO         1459    .constdata          c_w.l(bigflt0.o)
    0x08005504   0x08005504   0x00000010   Data   RO         1251    .rodata.AHBPrescTable  system_stm32f4xx.o
    0x08005514   0x08005514   0x00000008   Data   RO         1252    .rodata.APBPrescTable  system_stm32f4xx.o
    0x0800551c   0x0800551c   0x00000228   Data   RO         1312    .rodata.F6x8        oled.o
    0x08005744   0x08005744   0x000005f0   Data   RO         1313    .rodata.F8x16       oled.o
    0x08005d34   0x08005d34   0x00000008   Data   RO          453    .rodata.cst8        stm32f4xx_hal_dma.o
    0x08005d3c   0x08005d3c   0x00000020   Data   RO           48    .rodata.oled_string_group  main.o
    0x08005d5c   0x08005d5c   0x0000000a   Data   RO           50    .rodata.str1.1      main.o
    0x08005d66   0x08005d66   0x00000002   PAD
    0x08005d68   0x08005d68   0x00000020   Data   RO         1648    Region$$Table       anon$$obj.o
    0x08005d88   0x08005d88   0x0000001c   Data   RO         1485    locale$$data        c_w.l(lc_numeric_c.o)


    Execution Region RW_IRAM1 (Exec base: 0x20000000, Load base: 0x08005da8, Size: 0x000024f0, Max: 0x0001c000, ABSOLUTE, COMPRESSED[0x00000720])

    Exec Addr    Load Addr    Size         Type   Attr      Idx    E Section Name        Object

    0x20000000   COMPRESSED   0x00000008   Data   RW          631    .data..L_MergedGlobals  stm32f4xx_hal.o
    0x20000008   COMPRESSED   0x0000001b   Data   RW         1314    .data.CMD_Data      oled.o
    0x20000023   COMPRESSED   0x00000001   PAD
    0x20000024   COMPRESSED   0x00000004   Data   RW         1250    .data.SystemCoreClock  system_stm32f4xx.o
    0x20000028   COMPRESSED   0x00000960   Data   RW           46    .data.harmonic3_table  main.o
    0x20000988   COMPRESSED   0x00000960   Data   RW           45    .data.sin_table     main.o
    0x200012e8        -       0x00000060   Zero   RW         1493    .bss                c_w.l(libspace.o)
    0x20001348        -       0x0000007c   Zero   RW           52    .bss..L_MergedGlobals  main.o
    0x200013c4        -       0x00000004   Zero   RW           49    .bss.HAL_TIM_PeriodElapsedCallback.w0t  main.o
    0x200013c8        -       0x00000048   Zero   RW           76    .bss.hadc1          adc.o
    0x20001410        -       0x00000060   Zero   RW           77    .bss.hdma_adc1      adc.o
    0x20001470        -       0x00000054   Zero   RW          101    .bss.hi2c1          i2c.o
    0x200014c4        -       0x00000048   Zero   RW          120    .bss.htim5          tim.o
    0x2000150c        -       0x00000048   Zero   RW          121    .bss.htim8          tim.o
    0x20001554        -       0x00000048   Zero   RW          136    .bss.huart1         usart.o
    0x2000159c        -       0x00000004   Zero   RW          630    .bss.uwTick         stm32f4xx_hal.o
    0x200015a0        -       0x00000950   Zero   RW           47    .bss.v_ctrl         main.o
    0x20001ef0        -       0x00000200   Zero   RW            2    HEAP                startup_stm32f407xx.o
    0x200020f0        -       0x00000400   Zero   RW            1    STACK               startup_stm32f407xx.o


    Execution Region RW_IRAM2 (Exec base: 0x2001c000, Load base: 0x080064c8, Size: 0x00000000, Max: 0x00004000, ABSOLUTE)

    **** No section assigned to this execution region ****


==============================================================================

Image component sizes


      Code (inc. data)   RO Data    RW Data    ZI Data      Debug   Object Name

       284          0          0          0        168       5258   adc.o
       166          6          0          0          0       2638   button.o
        56          0          0          0          0       3454   dma.o
       190          0          0          0          0       2179   gpio.o
       182          0          0          0         84       5226   i2c.o
      2294         48         42       4800       2512      18329   main.o
      1900          0       2072         27          0      12823   oled.o
        64         26        392          0       1536        836   startup_stm32f407xx.o
       204          0          0          8          4       7289   stm32f4xx_hal.o
      1228          0          0          0          0      12308   stm32f4xx_hal_adc.o
       196          0          0          0          0      10706   stm32f4xx_hal_cortex.o
       968          6          8          0          0      10518   stm32f4xx_hal_dma.o
       450          0          0          0          0       5336   stm32f4xx_hal_gpio.o
      1948          0          0          0          0      44390   stm32f4xx_hal_i2c.o
        56          0          0          0          0       1444   stm32f4xx_hal_msp.o
      1480          0          0          0          0       7460   stm32f4xx_hal_rcc.o
      2238          6          0          0          0      57414   stm32f4xx_hal_tim.o
       520          0          0          0          0      21471   stm32f4xx_hal_tim_ex.o
       326          0          0          0          0      32229   stm32f4xx_hal_uart.o
        56          0          0          0          0       4659   stm32f4xx_it.o
        18          0         24          4          0       2573   system_stm32f4xx.o
       754          0          0          0        144       9196   tim.o
       178          0          0          0         72       5044   usart.o

    ----------------------------------------------------------------------
     15866         92       2572       4840       4520     282780   Object Totals
         0          0         32          0          0          0   (incl. Generated)
       110          0          2          1          0          0   (incl. Padding)

    ----------------------------------------------------------------------

      Code (inc. data)   RO Data    RW Data    ZI Data      Debug   Library Member Name

       100          0          0          0          0          0   __dclz77c.o
         8          0          0          0          0         68   __main.o
       284          0          0          0          0        156   __printf_wp.o
         0          0          0          0          0          0   __rtentry.o
        12          0          0          0          0          0   __rtentry2.o
         6          0          0          0          0          0   __rtentry4.o
        94          8          0          0          0          0   __scatter.o
        28          0          0          0          0          0   __scatter_zi.o
        48          6          0          0          0         96   _printf_char_common.o
         6          0          0          0          0          0   _printf_f.o
      1052          0          0          0          0        148   _printf_fp_dec.o
       128         16          0          0          0         84   _printf_fp_infnan.o
         0          0          0          0          0          0   _printf_percent.o
         4          0          0          0          0          0   _printf_percent_end.o
        10          0          0          0          0         68   _sputc.o
       228          4        148          0          0         96   bigflt0.o
      1936        128          0          0          0        668   btod.o
        18          0          0          0          0         80   exit.o
         6          0          0          0          0        152   heapauxi.o
         0          0          0          0          0          0   indicate_semi.o
        44         10         28          0          0         76   lc_numeric_c.o
         2          0          0          0          0          0   libinit.o
        22          0          0          0          0          0   libinit2.o
         2          0          0          0          0          0   libshutdown.o
         2          0          0          0          0          0   libshutdown2.o
         8          4          0          0         96         68   libspace.o
       138          0          0          0          0         80   lludiv10.o
       240          0          0          0          0        100   lludivv7m.o
        40          6          0          0          0         84   noretval__2sprintf.o
         8          4          0          0          0         68   rt_locale_intlibspace.o
        78          0          0          0          0         80   rt_memclr_w.o
         2          0          0          0          0          0   rtexit.o
        10          0          0          0          0          0   rtexit2.o
       124          0          0          0          0         88   strcmpv7em.o
        12          4          0          0          0         68   sys_exit.o
        74          0          0          0          0         80   sys_stackheap_outer.o
         2          0          0          0          0         68   use_no_semi.o
        12          0          0          0          0        116   dretinf.o
        86          4          0          0          0        132   f2d.o
       140          4          0          0          0        132   fnaninf.o
        26          0          0          0          0        116   fpinit.o
        96          4          0          0          0        124   frnd.o
         4          0          0          0          0        116   printf1.o
         0          0          0          0          0          0   usenofp.o
        48          0          0          0          0        124   fpclassify.o
       154          0          0          0          0        140   roundf.o

    ----------------------------------------------------------------------
      5358        202        176          0         96       3476   Library Totals
        16          0          0          0          0          0   (incl. Padding)

    ----------------------------------------------------------------------

      Code (inc. data)   RO Data    RW Data    ZI Data      Debug   Library Name

      4776        190        176          0         96       2476   c_w.l
       364         12          0          0          0        736   fz_wm.l
       202          0          0          0          0        264   m_wm.l

    ----------------------------------------------------------------------
      5358        202        176          0         96       3476   Library Totals

    ----------------------------------------------------------------------

==============================================================================


      Code (inc. data)   RO Data    RW Data    ZI Data      Debug   

     21224        294       2748       4840       4616     284004   Grand Totals
     21224        294       2748       1824       4616     284004   ELF Image Totals (compressed)
     21224        294       2748       1824          0          0   ROM Totals

==============================================================================

    Total RO  Size (Code + RO Data)                23972 (  23.41kB)
    Total RW  Size (RW Data + ZI Data)              9456 (   9.23kB)
    Total ROM Size (Code + RO Data + RW Data)      25796 (  25.19kB)

==============================================================================

